Archive member included to satisfy reference by file (symbol)

/home/phatt/University/apps/lcd-1-prep/apps-workspace.mcu/empty-mbed-os/mbed-os/lib/libmbed-os.a(mbed_gpio.o)
                              ./main-empty.o (gpio_init_out_ex)
/home/phatt/University/apps/lcd-1-prep/apps-workspace.mcu/empty-mbed-os/mbed-os/lib/libmbed-os.a(mbed_us_ticker_api.o)
                              ./main-empty.o (_us_ticker_initialized)
/home/phatt/University/apps/lcd-1-prep/apps-workspace.mcu/empty-mbed-os/mbed-os/lib/libmbed-os.a(mbed_ticker_api.o)
                              /home/phatt/University/apps/lcd-1-prep/apps-workspace.mcu/empty-mbed-os/mbed-os/lib/libmbed-os.a(mbed_us_ticker_api.o) (ticker_irq_handler)
/home/phatt/University/apps/lcd-1-prep/apps-workspace.mcu/empty-mbed-os/mbed-os/lib/libmbed-os.a(mbed_assert.o)
                              /home/phatt/University/apps/lcd-1-prep/apps-workspace.mcu/empty-mbed-os/mbed-os/lib/libmbed-os.a(mbed_ticker_api.o) (mbed_assert_internal)
/home/phatt/University/apps/lcd-1-prep/apps-workspace.mcu/empty-mbed-os/mbed-os/lib/libmbed-os.a(mbed_critical.o)
                              /home/phatt/University/apps/lcd-1-prep/apps-workspace.mcu/empty-mbed-os/mbed-os/lib/libmbed-os.a(mbed_ticker_api.o) (core_util_critical_section_enter)
/home/phatt/University/apps/lcd-1-prep/apps-workspace.mcu/empty-mbed-os/mbed-os/lib/libmbed-os.a(mbed_error.o)
                              /home/phatt/University/apps/lcd-1-prep/apps-workspace.mcu/empty-mbed-os/mbed-os/lib/libmbed-os.a(mbed_ticker_api.o) (mbed_error)
/home/phatt/University/apps/lcd-1-prep/apps-workspace.mcu/empty-mbed-os/mbed-os/lib/libmbed-os.a(mbed_sdk_boot.o)
                              /usr/local/mcuxpressoide-11.9.0_2144/ide/plugins/com.nxp.mcuxpresso.tools.linux_11.9.0.202307121226/tools/bin/../lib/gcc/arm-none-eabi/12.3.1/../../../../arm-none-eabi/lib/thumb/v7e-m+fp/softfp/crt0.o (__wrap_main)
/home/phatt/University/apps/lcd-1-prep/apps-workspace.mcu/empty-mbed-os/mbed-os/lib/libmbed-os.a(mbed_wait_api_no_rtos.o)
                              ./main-empty.o (_wait_us_ticks)
/home/phatt/University/apps/lcd-1-prep/apps-workspace.mcu/empty-mbed-os/mbed-os/lib/libmbed-os.a(mbed_printf_wrapper.o)
                              ./main-empty.o (__wrap_printf)
/home/phatt/University/apps/lcd-1-prep/apps-workspace.mcu/empty-mbed-os/mbed-os/lib/libmbed-os.a(mbed_retarget.o)
                              /usr/local/mcuxpressoide-11.9.0_2144/ide/plugins/com.nxp.mcuxpresso.tools.linux_11.9.0.202307121226/tools/bin/../lib/gcc/arm-none-eabi/12.3.1/../../../../arm-none-eabi/lib/thumb/v7e-m+fp/softfp/crt0.o (__wrap_exit)
/home/phatt/University/apps/lcd-1-prep/apps-workspace.mcu/empty-mbed-os/mbed-os/lib/libmbed-os.a(startup_MK64F12.o)
                              (Reset_Handler)
/home/phatt/University/apps/lcd-1-prep/apps-workspace.mcu/empty-mbed-os/mbed-os/lib/libmbed-os.a(system_MK64F12.o)
                              /home/phatt/University/apps/lcd-1-prep/apps-workspace.mcu/empty-mbed-os/mbed-os/lib/libmbed-os.a(startup_MK64F12.o) (SystemInit)
/home/phatt/University/apps/lcd-1-prep/apps-workspace.mcu/empty-mbed-os/mbed-os/lib/libmbed-os.a(us_ticker.o)
                              /home/phatt/University/apps/lcd-1-prep/apps-workspace.mcu/empty-mbed-os/mbed-os/lib/libmbed-os.a(mbed_us_ticker_api.o) (us_ticker_init)
/home/phatt/University/apps/lcd-1-prep/apps-workspace.mcu/empty-mbed-os/mbed-os/lib/libmbed-os.a(serial_api.o)
                              /home/phatt/University/apps/lcd-1-prep/apps-workspace.mcu/empty-mbed-os/mbed-os/lib/libmbed-os.a(mbed_retarget.o) (serial_init_direct)
/home/phatt/University/apps/lcd-1-prep/apps-workspace.mcu/empty-mbed-os/mbed-os/lib/libmbed-os.a(dma_api.o)
                              /home/phatt/University/apps/lcd-1-prep/apps-workspace.mcu/empty-mbed-os/mbed-os/lib/libmbed-os.a(serial_api.o) (dma_init)
/home/phatt/University/apps/lcd-1-prep/apps-workspace.mcu/empty-mbed-os/mbed-os/lib/libmbed-os.a(gpio_api.o)
                              /home/phatt/University/apps/lcd-1-prep/apps-workspace.mcu/empty-mbed-os/mbed-os/lib/libmbed-os.a(mbed_gpio.o) (gpio_init)
/home/phatt/University/apps/lcd-1-prep/apps-workspace.mcu/empty-mbed-os/mbed-os/lib/libmbed-os.a(pinmap.o)
                              /home/phatt/University/apps/lcd-1-prep/apps-workspace.mcu/empty-mbed-os/mbed-os/lib/libmbed-os.a(serial_api.o) (pin_function)
/home/phatt/University/apps/lcd-1-prep/apps-workspace.mcu/empty-mbed-os/mbed-os/lib/libmbed-os.a(MbedCRC.o)
                              /home/phatt/University/apps/lcd-1-prep/apps-workspace.mcu/empty-mbed-os/mbed-os/lib/libmbed-os.a(mbed_error.o) (mbed_tiny_compute_crc32)
/home/phatt/University/apps/lcd-1-prep/apps-workspace.mcu/empty-mbed-os/mbed-os/lib/libmbed-os.a(mbed_critical_section_api.o)
                              /home/phatt/University/apps/lcd-1-prep/apps-workspace.mcu/empty-mbed-os/mbed-os/lib/libmbed-os.a(mbed_critical.o) (hal_critical_section_enter)
[...]
Memory Configuration

Name             Origin             Length             Attributes
m_interrupts     0x00000000         0x00000400         xr
m_flash_config   0x00000400         0x00000010         xr
m_text           0x00000410         0x000ffbf0         xr
m_data           0x1fff0000         0x00010000         rw
m_data_2         0x20000000         0x00030000         rw
*default*        0x00000000         0xffffffff

Linker script and memory map

LOAD /usr/local/mcuxpressoide-11.9.0_2144/ide/plugins/com.nxp.mcuxpresso.tools.linux_11.9.0.202307121226/tools/bin/../lib/gcc/arm-none-eabi/12.3.1/thumb/v7e-m+fp/softfp/crti.o
LOAD /usr/local/mcuxpressoide-11.9.0_2144/ide/plugins/com.nxp.mcuxpresso.tools.linux_11.9.0.202307121226/tools/bin/../lib/gcc/arm-none-eabi/12.3.1/thumb/v7e-m+fp/softfp/crtbegin.o
LOAD /usr/local/mcuxpressoide-11.9.0_2144/ide/plugins/com.nxp.mcuxpresso.tools.linux_11.9.0.202307121226/tools/bin/../lib/gcc/arm-none-eabi/12.3.1/../../../../arm-none-eabi/lib/thumb/v7e-m+fp/softfp/crt0.o
LOAD ./mbed-os/symbols.o
LOAD ./main-empty.o
START GROUP
LOAD /usr/local/mcuxpressoide-11.9.0_2144/ide/plugins/com.nxp.mcuxpresso.tools.linux_11.9.0.202307121226/tools/bin/../lib/gcc/arm-none-eabi/12.3.1/../../../../arm-none-eabi/lib/thumb/v7e-m+fp/softfp/libstdc++.a
LOAD /usr/local/mcuxpressoide-11.9.0_2144/ide/plugins/com.nxp.mcuxpresso.tools.linux_11.9.0.202307121226/tools/bin/../lib/gcc/arm-none-eabi/12.3.1/../../../../arm-none-eabi/lib/thumb/v7e-m+fp/softfp/libsupc++.a
LOAD /usr/local/mcuxpressoide-11.9.0_2144/ide/plugins/com.nxp.mcuxpresso.tools.linux_11.9.0.202307121226/tools/bin/../lib/gcc/arm-none-eabi/12.3.1/thumb/v7e-m+fp/softfp/libgcc.a
LOAD /usr/local/mcuxpressoide-11.9.0_2144/ide/plugins/com.nxp.mcuxpresso.tools.linux_11.9.0.202307121226/tools/bin/../lib/gcc/arm-none-eabi/12.3.1/../../../../arm-none-eabi/lib/thumb/v7e-m+fp/softfp/libnosys.a
LOAD /home/phatt/University/apps/lcd-1-prep/apps-workspace.mcu/empty-mbed-os/mbed-os/lib/libmbed-os.a
END GROUP
LOAD /home/phatt/University/apps/lcd-1-prep/apps-workspace.mcu/empty-mbed-os/mbed-os/lib/libmbed-os.a
LOAD /usr/local/mcuxpressoide-11.9.0_2144/ide/plugins/com.nxp.mcuxpresso.tools.linux_11.9.0.202307121226/tools/bin/../lib/gcc/arm-none-eabi/12.3.1/../../../../arm-none-eabi/lib/thumb/v7e-m+fp/softfp/libstdc++.a
LOAD /usr/local/mcuxpressoide-11.9.0_2144/ide/plugins/com.nxp.mcuxpresso.tools.linux_11.9.0.202307121226/tools/bin/../lib/gcc/arm-none-eabi/12.3.1/../../../../arm-none-eabi/lib/thumb/v7e-m+fp/softfp/libsupc++.a
LOAD /usr/local/mcuxpressoide-11.9.0_2144/ide/plugins/com.nxp.mcuxpresso.tools.linux_11.9.0.202307121226/tools/bin/../lib/gcc/arm-none-eabi/12.3.1/../../../../arm-none-eabi/lib/thumb/v7e-m+fp/softfp/libm.a
LOAD /usr/local/mcuxpressoide-11.9.0_2144/ide/plugins/com.nxp.mcuxpresso.tools.linux_11.9.0.202307121226/tools/bin/../lib/gcc/arm-none-eabi/12.3.1/../../../../arm-none-eabi/lib/thumb/v7e-m+fp/softfp/libc.a
LOAD /usr/local/mcuxpressoide-11.9.0_2144/ide/plugins/com.nxp.mcuxpresso.tools.linux_11.9.0.202307121226/tools/bin/../lib/gcc/arm-none-eabi/12.3.1/thumb/v7e-m+fp/softfp/libgcc.a
LOAD /usr/local/mcuxpressoide-11.9.0_2144/ide/plugins/com.nxp.mcuxpresso.tools.linux_11.9.0.202307121226/tools/bin/../lib/gcc/arm-none-eabi/12.3.1/../../../../arm-none-eabi/lib/thumb/v7e-m+fp/softfp/libnosys.a
LOAD /usr/local/mcuxpressoide-11.9.0_2144/ide/plugins/com.nxp.mcuxpresso.tools.linux_11.9.0.202307121226/tools/bin/../lib/gcc/arm-none-eabi/12.3.1/../../../../arm-none-eabi/lib/thumb/v7e-m+fp/softfp/libstdc++.a
LOAD /usr/local/mcuxpressoide-11.9.0_2144/ide/plugins/com.nxp.mcuxpresso.tools.linux_11.9.0.202307121226/tools/bin/../lib/gcc/arm-none-eabi/12.3.1/../../../../arm-none-eabi/lib/thumb/v7e-m+fp/softfp/libm.a
LOAD /usr/local/mcuxpressoide-11.9.0_2144/ide/plugins/com.nxp.mcuxpresso.tools.linux_11.9.0.202307121226/tools/bin/../lib/gcc/arm-none-eabi/12.3.1/../../../../arm-none-eabi/lib/thumb/v7e-m+fp/softfp/libc.a
START GROUP
LOAD /usr/local/mcuxpressoide-11.9.0_2144/ide/plugins/com.nxp.mcuxpresso.tools.linux_11.9.0.202307121226/tools/bin/../lib/gcc/arm-none-eabi/12.3.1/thumb/v7e-m+fp/softfp/libgcc.a
LOAD /usr/local/mcuxpressoide-11.9.0_2144/ide/plugins/com.nxp.mcuxpresso.tools.linux_11.9.0.202307121226/tools/bin/../lib/gcc/arm-none-eabi/12.3.1/../../../../arm-none-eabi/lib/thumb/v7e-m+fp/softfp/libc.a
END GROUP
LOAD /usr/local/mcuxpressoide-11.9.0_2144/ide/plugins/com.nxp.mcuxpresso.tools.linux_11.9.0.202307121226/tools/bin/../lib/gcc/arm-none-eabi/12.3.1/thumb/v7e-m+fp/softfp/crtend.o
LOAD /usr/local/mcuxpressoide-11.9.0_2144/ide/plugins/com.nxp.mcuxpresso.tools.linux_11.9.0.202307121226/tools/bin/../lib/gcc/arm-none-eabi/12.3.1/thumb/v7e-m+fp/softfp/crtn.o
                0x00000001                        __ram_vector_table__ = 0x1
                0x00000400                        __stack_size__ = 0x400
                0x00000400                        STACK_SIZE = DEFINED (__stack_size__)?__stack_size__:0x400
                0x00000400                        M_VECTOR_RAM_SIZE = DEFINED (__ram_vector_table__)?0x400:0x0
                0x00000100                        M_CRASH_DATA_RAM_SIZE = 0x100

.interrupts     0x00000000      0x400
                0x00000000                        __VECTOR_TABLE = .
                0x00000000                        . = ALIGN (0x8)
 *(.isr_vector)
 .isr_vector    0x00000000      0x400 /home/phatt/University/apps/lcd-1-prep/apps-workspace.mcu/empty-mbed-os/mbed-os/lib/libmbed-os.a(startup_MK64F12.o)
                0x00000000                __isr_vector
                0x00000400                        . = ALIGN (0x8)

.flash_config   0x00000400       0x10
                0x00000400                        . = ALIGN (0x8)
 *(.FlashConfig)
 .FlashConfig   0x00000400       0x10 /home/phatt/University/apps/lcd-1-prep/apps-workspace.mcu/empty-mbed-os/mbed-os/lib/libmbed-os.a(startup_MK64F12.o)
                0x00000410                        . = ALIGN (0x8)

.text           0x00000440     0x67b0
                0x00000440                        . = ALIGN (0x8)
 *(.text)
 .text          0x00000440       0x7c /usr/local/mcuxpressoide-11.9.0_2144/ide/plugins/com.nxp.mcuxpresso.tools.linux_11.9.0.202307121226/tools/bin/../lib/gcc/arm-none-eabi/12.3.1/../../../../arm-none-eabi/lib/thumb/v7e-m+fp/softfp/crt0.o
                0x00000440                _stack_init
                0x00000448                _mainCRTStartup
                0x00000448                _start
 .text          0x000004bc      0x1e4 /home/phatt/University/apps/lcd-1-prep/apps-workspace.mcu/empty-mbed-os/mbed-os/lib/libmbed-os.a(startup_MK64F12.o)
                0x000004bc                Reset_Handler
                0x00000500                DebugMon_Handler
                0x00000500                SPI1_DriverIRQHandler
                0x00000500                DMA_Error_DriverIRQHandler
                0x00000500                SDHC_DriverIRQHandler
                0x00000500                PIT0_IRQHandler
                0x00000500                CMP2_IRQHandler
                0x00000500                LLWU_IRQHandler
                0x00000500                I2S0_Tx_DriverIRQHandler
                0x00000500                ENET_1588_Timer_DriverIRQHandler
                0x00000500                I2C2_DriverIRQHandler
                0x00000500                SWI_IRQHandler
                0x00000500                ADC0_IRQHandler
                0x00000500                UsageFault_Handler
                0x00000500                CMT_IRQHandler
                0x00000500                DefaultISR
                0x00000500                UART5_ERR_DriverIRQHandler
                0x00000500                CMP1_IRQHandler
                0x00000500                Reserved71_IRQHandler
                0x00000500                PORTD_IRQHandler
                0x00000500                PORTB_IRQHandler
                0x00000500                UART2_ERR_DriverIRQHandler
                0x00000500                SPI2_DriverIRQHandler
                0x00000500                ADC1_IRQHandler
                0x00000500                PIT2_IRQHandler
                0x00000500                RTC_IRQHandler
                0x00000500                UART3_ERR_DriverIRQHandler
                0x00000500                PDB0_IRQHandler
                0x00000500                FTM1_IRQHandler
                0x00000500                PIT3_IRQHandler
                0x00000500                RTC_Seconds_IRQHandler
                0x00000500                MCG_IRQHandler
                0x00000500                FTFE_IRQHandler
                0x00000500                UART0_ERR_DriverIRQHandler
                0x00000500                Read_Collision_IRQHandler
                0x00000500                USBDCD_IRQHandler
                0x00000500                I2S0_Rx_DriverIRQHandler
                0x00000500                USB0_IRQHandler
                0x00000500                UART4_ERR_DriverIRQHandler
                0x00000500                WDOG_EWM_IRQHandler
                0x00000500                MemManage_Handler
                0x00000500                UART0_LON_DriverIRQHandler
                0x00000500                RNG_IRQHandler
                0x00000500                I2C1_DriverIRQHandler
                0x00000500                ENET_Receive_DriverIRQHandler
                0x00000500                DAC0_IRQHandler
                0x00000500                ENET_Error_DriverIRQHandler
                0x00000500                SPI0_DriverIRQHandler
                0x00000500                PIT1_IRQHandler
                0x00000500                LVD_LVW_IRQHandler
                0x00000500                FTM0_IRQHandler
                0x00000500                PORTA_IRQHandler
                0x00000500                DAC1_IRQHandler
                0x00000500                MCM_IRQHandler
                0x00000500                CAN0_DriverIRQHandler
                0x00000500                FTM3_IRQHandler
                0x00000500                PORTE_IRQHandler
                0x00000500                FTM2_IRQHandler
                0x00000500                LPTMR0_IRQHandler
                0x00000500                BusFault_Handler
                0x00000500                UART1_ERR_DriverIRQHandler
                0x00000500                ENET_Transmit_DriverIRQHandler
                0x00000500                I2C0_DriverIRQHandler
                0x00000500                CMP0_IRQHandler
                0x00000500                PORTC_IRQHandler
                0x00000504                NMI_Handler
                0x00000508                HardFault_Handler
                0x0000050c                SVC_Handler
                0x00000510                PendSV_Handler
                0x00000514                SysTick_Handler
                0x00000518                DMA0_IRQHandler
                0x0000051c                DMA1_IRQHandler
                0x00000520                DMA2_IRQHandler
                0x00000524                DMA3_IRQHandler
                0x00000528                DMA4_IRQHandler
                0x0000052c                DMA5_IRQHandler
                0x00000530                DMA6_IRQHandler
                0x00000534                DMA7_IRQHandler
                0x00000538                DMA8_IRQHandler
                0x0000053c                DMA9_IRQHandler
                0x00000540                DMA10_IRQHandler
                0x00000544                DMA11_IRQHandler
                0x00000548                DMA12_IRQHandler
                0x0000054c                DMA13_IRQHandler
                0x00000550                DMA14_IRQHandler
                0x00000554                DMA15_IRQHandler
                0x00000558                DMA_Error_IRQHandler
                0x0000055c                I2C0_IRQHandler
                0x00000560                I2C1_IRQHandler
                0x00000564                SPI0_IRQHandler
                0x00000568                SPI1_IRQHandler
                0x0000056c                I2S0_Tx_IRQHandler
                0x00000570                I2S0_Rx_IRQHandler
                0x00000574                UART0_LON_IRQHandler
                0x00000578                UART0_RX_TX_IRQHandler
                0x0000057c                UART0_ERR_IRQHandler
                0x00000580                UART1_RX_TX_IRQHandler
                0x00000584                UART1_ERR_IRQHandler
                0x00000588                UART2_RX_TX_IRQHandler
                0x0000058c                UART2_ERR_IRQHandler
                0x00000590                UART3_RX_TX_IRQHandler
                0x00000594                UART3_ERR_IRQHandler
                0x00000598                SPI2_IRQHandler
                0x0000059c                UART4_RX_TX_IRQHandler
                0x000005a0                UART4_ERR_IRQHandler
                0x000005a4                UART5_RX_TX_IRQHandler
                0x000005a8                UART5_ERR_IRQHandler
                0x000005ac                I2C2_IRQHandler
                0x000005b0                CAN0_ORed_Message_buffer_IRQHandler
                0x000005b4                CAN0_Bus_Off_IRQHandler
                0x000005b8                CAN0_Error_IRQHandler
                0x000005bc                CAN0_Tx_Warning_IRQHandler
                0x000005c0                CAN0_Rx_Warning_IRQHandler
                0x000005c4                CAN0_Wake_Up_IRQHandler
                0x000005c8                SDHC_IRQHandler
                0x000005cc                ENET_1588_Timer_IRQHandler
                0x000005d0                ENET_Transmit_IRQHandler
                0x000005d4                ENET_Receive_IRQHandler
                0x000005d8                ENET_Error_IRQHandler
 .text          0x000006a0       0x30 /usr/local/mcuxpressoide-11.9.0_2144/ide/plugins/com.nxp.mcuxpresso.tools.linux_11.9.0.202307121226/tools/bin/../lib/gcc/arm-none-eabi/12.3.1/thumb/v7e-m+fp/softfp/libgcc.a(_aeabi_uldivmod.o)
                0x000006a0                __aeabi_uldivmod
 .text          0x000006d0        0x4 /usr/local/mcuxpressoide-11.9.0_2144/ide/plugins/com.nxp.mcuxpresso.tools.linux_11.9.0.202307121226/tools/bin/../lib/gcc/arm-none-eabi/12.3.1/thumb/v7e-m+fp/softfp/libgcc.a(_dvmd_tls.o)
                0x000006d0                __aeabi_ldiv0
                0x000006d0                __aeabi_idiv0
 .text          0x000006d4      0x134 /usr/local/mcuxpressoide-11.9.0_2144/ide/plugins/com.nxp.mcuxpresso.tools.linux_11.9.0.202307121226/tools/bin/../lib/gcc/arm-none-eabi/12.3.1/../../../../arm-none-eabi/lib/thumb/v7e-m+fp/softfp/libc.a(libc_a-memcpy.o)
                0x000006d4                memcpy
 *fill*         0x00000808       0x38 
 .text          0x00000840       0xd8 /usr/local/mcuxpressoide-11.9.0_2144/ide/plugins/com.nxp.mcuxpresso.tools.linux_11.9.0.202307121226/tools/bin/../lib/gcc/arm-none-eabi/12.3.1/../../../../arm-none-eabi/lib/thumb/v7e-m+fp/softfp/libc.a(libc_a-strlen.o)
                0x00000840                strlen
 *fill*         0x00000918        0x8 
 .text          0x00000920       0xa0 /usr/local/mcuxpressoide-11.9.0_2144/ide/plugins/com.nxp.mcuxpresso.tools.linux_11.9.0.202307121226/tools/bin/../lib/gcc/arm-none-eabi/12.3.1/../../../../arm-none-eabi/lib/thumb/v7e-m+fp/softfp/libc.a(libc_a-memchr.o)
                0x00000920                memchr
 *(.text*)
 .text.deregister_tm_clones
                0x000009c0       0x1c /usr/local/mcuxpressoide-11.9.0_2144/ide/plugins/com.nxp.mcuxpresso.tools.linux_11.9.0.202307121226/tools/bin/../lib/gcc/arm-none-eabi/12.3.1/thumb/v7e-m+fp/softfp/crtbegin.o
 .text.register_tm_clones
                0x000009dc       0x24 /usr/local/mcuxpressoide-11.9.0_2144/ide/plugins/com.nxp.mcuxpresso.tools.linux_11.9.0.202307121226/tools/bin/../lib/gcc/arm-none-eabi/12.3.1/thumb/v7e-m+fp/softfp/crtbegin.o
 .text.__do_global_dtors_aux
                0x00000a00       0x28 /usr/local/mcuxpressoide-11.9.0_2144/ide/plugins/com.nxp.mcuxpresso.tools.linux_11.9.0.202307121226/tools/bin/../lib/gcc/arm-none-eabi/12.3.1/thumb/v7e-m+fp/softfp/crtbegin.o
 .text.frame_dummy
                0x00000a28       0x24 /usr/local/mcuxpressoide-11.9.0_2144/ide/plugins/com.nxp.mcuxpresso.tools.linux_11.9.0.202307121226/tools/bin/../lib/gcc/arm-none-eabi/12.3.1/thumb/v7e-m+fp/softfp/crtbegin.o
 .text._getpid  0x00000a4c        0xc ./mbed-os/symbols.o
                0x00000a4c                _getpid
 .text._kill    0x00000a58        0xc ./mbed-os/symbols.o
                0x00000a58                _kill
 .text.__aeabi_atexit
                0x00000a64        0xc ./mbed-os/symbols.o
                0x00000a64                __aeabi_atexit
 .text._ZN4mbed10DigitalOutC2E7PinNamei
                0x00000a70       0x26 ./main-empty.o
                0x00000a70                mbed::DigitalOut::DigitalOut(PinName, int)
                0x00000a70                mbed::DigitalOut::DigitalOut(PinName, int)
 .text._ZN4mbed10DigitalOut5writeEi
                0x00000a96       0x1a ./main-empty.o
                0x00000a96                mbed::DigitalOut::write(int)
 .text._ZN4mbed10DigitalOut4readEv
                0x00000ab0       0x18 ./main-empty.o
                0x00000ab0                mbed::DigitalOut::read()
 .text._ZN4mbed10DigitalOutaSEi
                0x00000ac8       0x1a ./main-empty.o
                0x00000ac8                mbed::DigitalOut::operator=(int)
 .text._ZN4mbed10DigitalOutcviEv
                0x00000ae2       0x16 ./main-empty.o
                0x00000ae2                mbed::DigitalOut::operator int()
 .text.main     0x00000af8       0x5c ./main-empty.o
                0x00000af8                main
 .text._Z41__static_initialization_and_destruction_0ii
                0x00000b54       0x3c ./main-empty.o
 .text._GLOBAL__sub_I_g_led_PTA1
                0x00000b90        0xe ./main-empty.o
 .text._gpio_init_out
                0x00000b9e       0x30 /home/phatt/University/apps/lcd-1-prep/apps-workspace.mcu/empty-mbed-os/mbed-os/lib/libmbed-os.a(mbed_gpio.o)
 .text.gpio_init_out_ex
                0x00000bce        0x8 /home/phatt/University/apps/lcd-1-prep/apps-workspace.mcu/empty-mbed-os/mbed-os/lib/libmbed-os.a(mbed_gpio.o)
                0x00000bce                gpio_init_out_ex
 .text.gpio_init_out
                0x00000bd6        0x6 /home/phatt/University/apps/lcd-1-prep/apps-workspace.mcu/empty-mbed-os/mbed-os/lib/libmbed-os.a(mbed_gpio.o)
                0x00000bd6                gpio_init_out
 .text.note_us_ticker_free
                0x00000bdc       0x10 /home/phatt/University/apps/lcd-1-prep/apps-workspace.mcu/empty-mbed-os/mbed-os/lib/libmbed-os.a(mbed_us_ticker_api.o)
 .text.note_us_ticker_init
                0x00000bec       0x14 /home/phatt/University/apps/lcd-1-prep/apps-workspace.mcu/empty-mbed-os/mbed-os/lib/libmbed-os.a(mbed_us_ticker_api.o)
 .text.get_us_ticker_data
                0x00000c00        0x8 /home/phatt/University/apps/lcd-1-prep/apps-workspace.mcu/empty-mbed-os/mbed-os/lib/libmbed-os.a(mbed_us_ticker_api.o)
                0x00000c00                get_us_ticker_data
 .text.us_ticker_irq_handler
                0x00000c08       0x14 /home/phatt/University/apps/lcd-1-prep/apps-workspace.mcu/empty-mbed-os/mbed-os/lib/libmbed-os.a(mbed_us_ticker_api.o)
                0x00000c08                us_ticker_irq_handler
 .text.update_present_time
                0x00000c1c       0x86 /home/phatt/University/apps/lcd-1-prep/apps-workspace.mcu/empty-mbed-os/mbed-os/lib/libmbed-os.a(mbed_ticker_api.o)
 .text._ticker_match_interval_passed
                0x00000ca2       0x28 /home/phatt/University/apps/lcd-1-prep/apps-workspace.mcu/empty-mbed-os/mbed-os/lib/libmbed-os.a(mbed_ticker_api.o)
                0x00000ca2                _ticker_match_interval_passed
 *fill*         0x00000cca        0x2 
 .text.schedule_interrupt
                0x00000ccc       0xf4 /home/phatt/University/apps/lcd-1-prep/apps-workspace.mcu/empty-mbed-os/mbed-os/lib/libmbed-os.a(mbed_ticker_api.o)
 .text.initialize
                0x00000dc0      0x124 /home/phatt/University/apps/lcd-1-prep/apps-workspace.mcu/empty-mbed-os/mbed-os/lib/libmbed-os.a(mbed_ticker_api.o)
 .text.ticker_irq_handler
                0x00000ee4       0x60 /home/phatt/University/apps/lcd-1-prep/apps-workspace.mcu/empty-mbed-os/mbed-os/lib/libmbed-os.a(mbed_ticker_api.o)
                0x00000ee4                ticker_irq_handler
 .text.ticker_read_us
                0x00000f44       0x22 /home/phatt/University/apps/lcd-1-prep/apps-workspace.mcu/empty-mbed-os/mbed-os/lib/libmbed-os.a(mbed_ticker_api.o)
                0x00000f44                ticker_read_us
 .text.ticker_read
                0x00000f66        0x8 /home/phatt/University/apps/lcd-1-prep/apps-workspace.mcu/empty-mbed-os/mbed-os/lib/libmbed-os.a(mbed_ticker_api.o)
                0x00000f66                ticker_read
 *fill*         0x00000f6e        0x2 
 .text.mbed_assert_internal
                0x00000f70       0x14 /home/phatt/University/apps/lcd-1-prep/apps-workspace.mcu/empty-mbed-os/mbed-os/lib/libmbed-os.a(mbed_assert.o)
                0x00000f70                mbed_assert_internal
 .text.core_util_are_interrupts_enabled
                0x00000f84        0xc /home/phatt/University/apps/lcd-1-prep/apps-workspace.mcu/empty-mbed-os/mbed-os/lib/libmbed-os.a(mbed_critical.o)
                0x00000f84                core_util_are_interrupts_enabled
 .text.core_util_is_isr_active
                0x00000f90        0xc /home/phatt/University/apps/lcd-1-prep/apps-workspace.mcu/empty-mbed-os/mbed-os/lib/libmbed-os.a(mbed_critical.o)
                0x00000f90                core_util_is_isr_active
 .text.core_util_critical_section_enter
                0x00000f9c       0x2c /home/phatt/University/apps/lcd-1-prep/apps-workspace.mcu/empty-mbed-os/mbed-os/lib/libmbed-os.a(mbed_critical.o)
                0x00000f9c                core_util_critical_section_enter
 .text.core_util_critical_section_exit
                0x00000fc8       0x18 /home/phatt/University/apps/lcd-1-prep/apps-workspace.mcu/empty-mbed-os/mbed-os/lib/libmbed-os.a(mbed_critical.o)
                0x00000fc8                core_util_critical_section_exit
 .text.mbed_halt_system
                0x00000fe0       0x34 /home/phatt/University/apps/lcd-1-prep/apps-workspace.mcu/empty-mbed-os/mbed-os/lib/libmbed-os.a(mbed_error.o)
 .text.print_error_report.constprop.0
                0x00001014      0x104 /home/phatt/University/apps/lcd-1-prep/apps-workspace.mcu/empty-mbed-os/mbed-os/lib/libmbed-os.a(mbed_error.o)
 .text.mbed_error_hook
                0x00001118        0x2 /home/phatt/University/apps/lcd-1-prep/apps-workspace.mcu/empty-mbed-os/mbed-os/lib/libmbed-os.a(mbed_error.o)
                0x00001118                mbed_error_hook
 *fill*         0x0000111a        0x2 
 .text.handle_error.constprop.0
                0x0000111c       0xc0 /home/phatt/University/apps/lcd-1-prep/apps-workspace.mcu/empty-mbed-os/mbed-os/lib/libmbed-os.a(mbed_error.o)
 .text.mbed_error_reboot_callback
                0x000011dc        0x2 /home/phatt/University/apps/lcd-1-prep/apps-workspace.mcu/empty-mbed-os/mbed-os/lib/libmbed-os.a(mbed_error.o)
                0x000011dc                mbed_error_reboot_callback
 *fill*         0x000011de        0x2 
 .text.mbed_error_initialize
                0x000011e0       0x64 /home/phatt/University/apps/lcd-1-prep/apps-workspace.mcu/empty-mbed-os/mbed-os/lib/libmbed-os.a(mbed_error.o)
                0x000011e0                mbed_error_initialize
 .text.mbed_error
                0x00001244       0xc4 /home/phatt/University/apps/lcd-1-prep/apps-workspace.mcu/empty-mbed-os/mbed-os/lib/libmbed-os.a(mbed_error.o)
                0x00001244                mbed_error
 .text.mbed_main
                0x00001308        0x2 /home/phatt/University/apps/lcd-1-prep/apps-workspace.mcu/empty-mbed-os/mbed-os/lib/libmbed-os.a(mbed_sdk_boot.o)
                0x00001308                mbed_main
 .text.mbed_sdk_init
                0x0000130a        0x2 /home/phatt/University/apps/lcd-1-prep/apps-workspace.mcu/empty-mbed-os/mbed-os/lib/libmbed-os.a(mbed_sdk_boot.o)
                0x0000130a                mbed_sdk_init
 .text.software_init_hook_rtos
                0x0000130c        0x2 /home/phatt/University/apps/lcd-1-prep/apps-workspace.mcu/empty-mbed-os/mbed-os/lib/libmbed-os.a(mbed_sdk_boot.o)
                0x0000130c                software_init_hook_rtos
 *fill*         0x0000130e        0x2 
 .text.mbed_copy_nvic
                0x00001310       0x28 /home/phatt/University/apps/lcd-1-prep/apps-workspace.mcu/empty-mbed-os/mbed-os/lib/libmbed-os.a(mbed_sdk_boot.o)
                0x00001310                mbed_copy_nvic
 .text.mbed_init
                0x00001338        0xc /home/phatt/University/apps/lcd-1-prep/apps-workspace.mcu/empty-mbed-os/mbed-os/lib/libmbed-os.a(mbed_sdk_boot.o)
                0x00001338                mbed_init
 .text.software_init_hook
                0x00001344       0x48 /home/phatt/University/apps/lcd-1-prep/apps-workspace.mcu/empty-mbed-os/mbed-os/lib/libmbed-os.a(mbed_sdk_boot.o)
                0x00001344                software_init_hook
 .text.__wrap_main
                0x0000138c       0x12 /home/phatt/University/apps/lcd-1-prep/apps-workspace.mcu/empty-mbed-os/mbed-os/lib/libmbed-os.a(mbed_sdk_boot.o)
                0x0000138c                __wrap_main
 *fill*         0x0000139e        0x2 
 .text._wait_us_ticks
                0x000013a0       0x1c /home/phatt/University/apps/lcd-1-prep/apps-workspace.mcu/empty-mbed-os/mbed-os/lib/libmbed-os.a(mbed_wait_api_no_rtos.o)
                0x000013a0                _wait_us_ticks
 .text._wait_us_generic
                0x000013bc       0x1e /home/phatt/University/apps/lcd-1-prep/apps-workspace.mcu/empty-mbed-os/mbed-os/lib/libmbed-os.a(mbed_wait_api_no_rtos.o)
                0x000013bc                _wait_us_generic
 *fill*         0x000013da        0x2 
 .text._wait_us_inline
                0x000013dc       0x14 /home/phatt/University/apps/lcd-1-prep/apps-workspace.mcu/empty-mbed-os/mbed-os/lib/libmbed-os.a(mbed_wait_api_no_rtos.o)
                0x000013dc                _wait_us_inline
 .text.__wrap_printf
                0x000013f0       0x2c /home/phatt/University/apps/lcd-1-prep/apps-workspace.mcu/empty-mbed-os/mbed-os/lib/libmbed-os.a(mbed_printf_wrapper.o)
                0x000013f0                __wrap_printf
 .text.__wrap_vsnprintf
                0x0000141c        0xe /home/phatt/University/apps/lcd-1-prep/apps-workspace.mcu/empty-mbed-os/mbed-os/lib/libmbed-os.a(mbed_printf_wrapper.o)
                0x0000141c                __wrap_vsnprintf
 .text._ZN4mbed10FileHandle4syncEv
                0x0000142a        0x4 /home/phatt/University/apps/lcd-1-prep/apps-workspace.mcu/empty-mbed-os/mbed-os/lib/libmbed-os.a(mbed_retarget.o)
                0x0000142a                mbed::FileHandle::sync()
 .text._ZN4mbed10FileHandle4tellEv
                0x0000142e        0xa /home/phatt/University/apps/lcd-1-prep/apps-workspace.mcu/empty-mbed-os/mbed-os/lib/libmbed-os.a(mbed_retarget.o)
                0x0000142e                mbed::FileHandle::tell()
 .text._ZN4mbed10FileHandle6rewindEv
                0x00001438        0xa /home/phatt/University/apps/lcd-1-prep/apps-workspace.mcu/empty-mbed-os/mbed-os/lib/libmbed-os.a(mbed_retarget.o)
                0x00001438                mbed::FileHandle::rewind()
 .text._ZN4mbed10FileHandle8truncateEl
                0x00001442        0x6 /home/phatt/University/apps/lcd-1-prep/apps-workspace.mcu/empty-mbed-os/mbed-os/lib/libmbed-os.a(mbed_retarget.o)
                0x00001442                mbed::FileHandle::truncate(long)
 .text._ZN4mbed10FileHandle12set_blockingEb
                0x00001448        0xc /home/phatt/University/apps/lcd-1-prep/apps-workspace.mcu/empty-mbed-os/mbed-os/lib/libmbed-os.a(mbed_retarget.o)
                0x00001448                mbed::FileHandle::set_blocking(bool)
 .text._ZNK4mbed10FileHandle11is_blockingEv
                0x00001454        0x4 /home/phatt/University/apps/lcd-1-prep/apps-workspace.mcu/empty-mbed-os/mbed-os/lib/libmbed-os.a(mbed_retarget.o)
                0x00001454                mbed::FileHandle::is_blocking() const
 .text._ZN4mbed10FileHandle12enable_inputEb
                0x00001458        0x6 /home/phatt/University/apps/lcd-1-prep/apps-workspace.mcu/empty-mbed-os/mbed-os/lib/libmbed-os.a(mbed_retarget.o)
                0x00001458                mbed::FileHandle::enable_input(bool)
 .text._ZN4mbed10FileHandle13enable_outputEb
                0x0000145e        0x6 /home/phatt/University/apps/lcd-1-prep/apps-workspace.mcu/empty-mbed-os/mbed-os/lib/libmbed-os.a(mbed_retarget.o)
                0x0000145e                mbed::FileHandle::enable_output(bool)
 .text._ZN4mbed10FileHandle5sigioENS_8CallbackIFvvEEE
                0x00001464        0xc /home/phatt/University/apps/lcd-1-prep/apps-workspace.mcu/empty-mbed-os/mbed-os/lib/libmbed-os.a(mbed_retarget.o)
                0x00001464                mbed::FileHandle::sigio(mbed::Callback<void ()>)
 .text._ZN12DirectSerial4seekEli
                0x00001470        0x6 /home/phatt/University/apps/lcd-1-prep/apps-workspace.mcu/empty-mbed-os/mbed-os/lib/libmbed-os.a(mbed_retarget.o)
                0x00001470                DirectSerial::seek(long, int)
 .text._ZN12DirectSerial4sizeEv
                0x00001476        0x6 /home/phatt/University/apps/lcd-1-prep/apps-workspace.mcu/empty-mbed-os/mbed-os/lib/libmbed-os.a(mbed_retarget.o)
                0x00001476                DirectSerial::size()
 .text._ZN12DirectSerial6isattyEv
                0x0000147c        0x4 /home/phatt/University/apps/lcd-1-prep/apps-workspace.mcu/empty-mbed-os/mbed-os/lib/libmbed-os.a(mbed_retarget.o)
                0x0000147c                DirectSerial::isatty()
 .text._ZN12DirectSerial5closeEv
                0x00001480        0x4 /home/phatt/University/apps/lcd-1-prep/apps-workspace.mcu/empty-mbed-os/mbed-os/lib/libmbed-os.a(mbed_retarget.o)
                0x00001480                DirectSerial::close()
 .text._ZN12DirectSerialD2Ev
                0x00001484        0x2 /home/phatt/University/apps/lcd-1-prep/apps-workspace.mcu/empty-mbed-os/mbed-os/lib/libmbed-os.a(mbed_retarget.o)
                0x00001484                DirectSerial::~DirectSerial()
                0x00001484                DirectSerial::~DirectSerial()
 *fill*         0x00001486        0x2 
 .text._ZN12DirectSerial5writeEPKvj
                0x00001488       0x24 /home/phatt/University/apps/lcd-1-prep/apps-workspace.mcu/empty-mbed-os/mbed-os/lib/libmbed-os.a(mbed_retarget.o)
                0x00001488                DirectSerial::write(void const*, unsigned int)
 .text._ZNK12DirectSerial4pollEs
                0x000014ac       0x30 /home/phatt/University/apps/lcd-1-prep/apps-workspace.mcu/empty-mbed-os/mbed-os/lib/libmbed-os.a(mbed_retarget.o)
                0x000014ac                DirectSerial::poll(short) const
 .text._ZN12DirectSerialD0Ev
                0x000014dc        0xc /home/phatt/University/apps/lcd-1-prep/apps-workspace.mcu/empty-mbed-os/mbed-os/lib/libmbed-os.a(mbed_retarget.o)
                0x000014dc                DirectSerial::~DirectSerial()
 .text._ZN12DirectSerial4readEPvj
                0x000014e8       0x18 /home/phatt/University/apps/lcd-1-prep/apps-workspace.mcu/empty-mbed-os/mbed-os/lib/libmbed-os.a(mbed_retarget.o)
                0x000014e8                DirectSerial::read(void*, unsigned int)
 .text._ZN12DirectSerialC2ERK15serial_pinmap_ti
                0x00001500       0x30 /home/phatt/University/apps/lcd-1-prep/apps-workspace.mcu/empty-mbed-os/mbed-os/lib/libmbed-os.a(mbed_retarget.o)
                0x00001500                DirectSerial::DirectSerial(serial_pinmap_t const&, int)
                0x00001500                DirectSerial::DirectSerial(serial_pinmap_t const&, int)
 .text._ZN4mbed28mbed_target_override_consoleEi
                0x00001530        0x4 /home/phatt/University/apps/lcd-1-prep/apps-workspace.mcu/empty-mbed-os/mbed-os/lib/libmbed-os.a(mbed_retarget.o)
                0x00001530                mbed::mbed_target_override_console(int)
 .text._ZN4mbed21mbed_override_consoleEi
                0x00001534        0x4 /home/phatt/University/apps/lcd-1-prep/apps-workspace.mcu/empty-mbed-os/mbed-os/lib/libmbed-os.a(mbed_retarget.o)
                0x00001534                mbed::mbed_override_console(int)
 .text._sbrk    0x00001538       0x44 /home/phatt/University/apps/lcd-1-prep/apps-workspace.mcu/empty-mbed-os/mbed-os/lib/libmbed-os.a(mbed_retarget.o)
                0x00001538                _sbrk
 .text.__wrap_atexit
                0x0000157c        0x4 /home/phatt/University/apps/lcd-1-prep/apps-workspace.mcu/empty-mbed-os/mbed-os/lib/libmbed-os.a(mbed_retarget.o)
                0x0000157c                __wrap_atexit
 .text.__rtos_malloc_lock
                0x00001580        0x2 /home/phatt/University/apps/lcd-1-prep/apps-workspace.mcu/empty-mbed-os/mbed-os/lib/libmbed-os.a(mbed_retarget.o)
                0x00001580                __rtos_malloc_lock
 .text.__rtos_malloc_unlock
                0x00001582        0x2 /home/phatt/University/apps/lcd-1-prep/apps-workspace.mcu/empty-mbed-os/mbed-os/lib/libmbed-os.a(mbed_retarget.o)
                0x00001582                __rtos_malloc_unlock
 .text.__malloc_lock
                0x00001584        0x8 /home/phatt/University/apps/lcd-1-prep/apps-workspace.mcu/empty-mbed-os/mbed-os/lib/libmbed-os.a(mbed_retarget.o)
                0x00001584                __malloc_lock
 .text.__malloc_unlock
                0x0000158c        0x8 /home/phatt/University/apps/lcd-1-prep/apps-workspace.mcu/empty-mbed-os/mbed-os/lib/libmbed-os.a(mbed_retarget.o)
                0x0000158c                __malloc_unlock
 .text.__cxa_guard_acquire
                0x00001594       0x3c /home/phatt/University/apps/lcd-1-prep/apps-workspace.mcu/empty-mbed-os/mbed-os/lib/libmbed-os.a(mbed_retarget.o)
                0x00001594                __cxa_guard_acquire
 .text.__cxa_guard_release
                0x000015d0       0x2c /home/phatt/University/apps/lcd-1-prep/apps-workspace.mcu/empty-mbed-os/mbed-os/lib/libmbed-os.a(mbed_retarget.o)
                0x000015d0                __cxa_guard_release
 .text._ZN4mbed16mbed_file_handleEi
                0x000015fc       0x80 /home/phatt/University/apps/lcd-1-prep/apps-workspace.mcu/empty-mbed-os/mbed-os/lib/libmbed-os.a(mbed_retarget.o)
                0x000015fc                mbed::mbed_file_handle(int)
 .text.close    0x0000167c       0x3c /home/phatt/University/apps/lcd-1-prep/apps-workspace.mcu/empty-mbed-os/mbed-os/lib/libmbed-os.a(mbed_retarget.o)
                0x0000167c                close
 .text._close   0x000016b8        0x4 /home/phatt/University/apps/lcd-1-prep/apps-workspace.mcu/empty-mbed-os/mbed-os/lib/libmbed-os.a(mbed_retarget.o)
                0x000016b8                _close
 .text.write    0x000016bc       0x34 /home/phatt/University/apps/lcd-1-prep/apps-workspace.mcu/empty-mbed-os/mbed-os/lib/libmbed-os.a(mbed_retarget.o)
                0x000016bc                write
 .text.read     0x000016f0       0x34 /home/phatt/University/apps/lcd-1-prep/apps-workspace.mcu/empty-mbed-os/mbed-os/lib/libmbed-os.a(mbed_retarget.o)
                0x000016f0                read
 .text.isatty   0x00001724       0x2a /home/phatt/University/apps/lcd-1-prep/apps-workspace.mcu/empty-mbed-os/mbed-os/lib/libmbed-os.a(mbed_retarget.o)
                0x00001724                isatty
 *fill*         0x0000174e        0x2 
 .text._write   0x00001750       0xac /home/phatt/University/apps/lcd-1-prep/apps-workspace.mcu/empty-mbed-os/mbed-os/lib/libmbed-os.a(mbed_retarget.o)
                0x00001750                _write
 .text._isatty  0x000017fc        0x4 /home/phatt/University/apps/lcd-1-prep/apps-workspace.mcu/empty-mbed-os/mbed-os/lib/libmbed-os.a(mbed_retarget.o)
                0x000017fc                _isatty
 .text._read    0x00001800       0x74 /home/phatt/University/apps/lcd-1-prep/apps-workspace.mcu/empty-mbed-os/mbed-os/lib/libmbed-os.a(mbed_retarget.o)
                0x00001800                _read
 .text.lseek    0x00001874       0x34 /home/phatt/University/apps/lcd-1-prep/apps-workspace.mcu/empty-mbed-os/mbed-os/lib/libmbed-os.a(mbed_retarget.o)
                0x00001874                lseek
 .text._lseek   0x000018a8        0x4 /home/phatt/University/apps/lcd-1-prep/apps-workspace.mcu/empty-mbed-os/mbed-os/lib/libmbed-os.a(mbed_retarget.o)
                0x000018a8                _lseek
 .text.fsync    0x000018ac       0x2e /home/phatt/University/apps/lcd-1-prep/apps-workspace.mcu/empty-mbed-os/mbed-os/lib/libmbed-os.a(mbed_retarget.o)
                0x000018ac                fsync
 *fill*         0x000018da        0x2 
 .text._exit    0x000018dc       0x30 /home/phatt/University/apps/lcd-1-prep/apps-workspace.mcu/empty-mbed-os/mbed-os/lib/libmbed-os.a(mbed_retarget.o)
                0x000018dc                _exit
 .text.__wrap_exit
                0x0000190c        0x6 /home/phatt/University/apps/lcd-1-prep/apps-workspace.mcu/empty-mbed-os/mbed-os/lib/libmbed-os.a(mbed_retarget.o)
                0x0000190c                __wrap_exit
 .text.fstat    0x00001912       0x3c /home/phatt/University/apps/lcd-1-prep/apps-workspace.mcu/empty-mbed-os/mbed-os/lib/libmbed-os.a(mbed_retarget.o)
                0x00001912                fstat
 .text._fstat   0x0000194e        0x4 /home/phatt/University/apps/lcd-1-prep/apps-workspace.mcu/empty-mbed-os/mbed-os/lib/libmbed-os.a(mbed_retarget.o)
                0x0000194e                _fstat
 *fill*         0x00001952        0x2 
 .text.SystemInit
                0x00001954       0x2c /home/phatt/University/apps/lcd-1-prep/apps-workspace.mcu/empty-mbed-os/mbed-os/lib/libmbed-os.a(system_MK64F12.o)
                0x00001954                SystemInit
 .text.pit_isr  0x00001980       0x2c /home/phatt/University/apps/lcd-1-prep/apps-workspace.mcu/empty-mbed-os/mbed-os/lib/libmbed-os.a(us_ticker.o)
 .text.us_ticker_get_info
                0x000019ac        0x8 /home/phatt/University/apps/lcd-1-prep/apps-workspace.mcu/empty-mbed-os/mbed-os/lib/libmbed-os.a(us_ticker.o)
                0x000019ac                us_ticker_get_info
 .text.us_ticker_init
                0x000019b4       0xcc /home/phatt/University/apps/lcd-1-prep/apps-workspace.mcu/empty-mbed-os/mbed-os/lib/libmbed-os.a(us_ticker.o)
                0x000019b4                us_ticker_init
 .text.us_ticker_read
                0x00001a80       0x10 /home/phatt/University/apps/lcd-1-prep/apps-workspace.mcu/empty-mbed-os/mbed-os/lib/libmbed-os.a(us_ticker.o)
                0x00001a80                us_ticker_read
 .text.us_ticker_disable_interrupt
                0x00001a90       0x14 /home/phatt/University/apps/lcd-1-prep/apps-workspace.mcu/empty-mbed-os/mbed-os/lib/libmbed-os.a(us_ticker.o)
                0x00001a90                us_ticker_disable_interrupt
 .text.us_ticker_clear_interrupt
                0x00001aa4       0x10 /home/phatt/University/apps/lcd-1-prep/apps-workspace.mcu/empty-mbed-os/mbed-os/lib/libmbed-os.a(us_ticker.o)
                0x00001aa4                us_ticker_clear_interrupt
 .text.us_ticker_set_interrupt
                0x00001ab4       0x60 /home/phatt/University/apps/lcd-1-prep/apps-workspace.mcu/empty-mbed-os/mbed-os/lib/libmbed-os.a(us_ticker.o)
                0x00001ab4                us_ticker_set_interrupt
 .text.us_ticker_fire_interrupt
                0x00001b14       0x10 /home/phatt/University/apps/lcd-1-prep/apps-workspace.mcu/empty-mbed-os/mbed-os/lib/libmbed-os.a(us_ticker.o)
                0x00001b14                us_ticker_fire_interrupt
 .text.us_ticker_free
                0x00001b24       0x64 /home/phatt/University/apps/lcd-1-prep/apps-workspace.mcu/empty-mbed-os/mbed-os/lib/libmbed-os.a(us_ticker.o)
                0x00001b24                us_ticker_free
 .text.serial_init_direct
                0x00001b88       0xd4 /home/phatt/University/apps/lcd-1-prep/apps-workspace.mcu/empty-mbed-os/mbed-os/lib/libmbed-os.a(serial_api.o)
                0x00001b88                serial_init_direct
 .text.serial_baud
                0x00001c5c       0x2c /home/phatt/University/apps/lcd-1-prep/apps-workspace.mcu/empty-mbed-os/mbed-os/lib/libmbed-os.a(serial_api.o)
                0x00001c5c                serial_baud
 .text.serial_readable
                0x00001c88       0x2c /home/phatt/University/apps/lcd-1-prep/apps-workspace.mcu/empty-mbed-os/mbed-os/lib/libmbed-os.a(serial_api.o)
                0x00001c88                serial_readable
 .text.serial_getc
                0x00001cb4       0x20 /home/phatt/University/apps/lcd-1-prep/apps-workspace.mcu/empty-mbed-os/mbed-os/lib/libmbed-os.a(serial_api.o)
                0x00001cb4                serial_getc
 .text.serial_writable
                0x00001cd4       0x2c /home/phatt/University/apps/lcd-1-prep/apps-workspace.mcu/empty-mbed-os/mbed-os/lib/libmbed-os.a(serial_api.o)
                0x00001cd4                serial_writable
 .text.serial_putc
                0x00001d00       0x24 /home/phatt/University/apps/lcd-1-prep/apps-workspace.mcu/empty-mbed-os/mbed-os/lib/libmbed-os.a(serial_api.o)
                0x00001d00                serial_putc
 .text.gpio_init
                0x00001d24       0x12 /home/phatt/University/apps/lcd-1-prep/apps-workspace.mcu/empty-mbed-os/mbed-os/lib/libmbed-os.a(gpio_api.o)
                0x00001d24                gpio_init
 .text.gpio_mode
                0x00001d36        0x6 /home/phatt/University/apps/lcd-1-prep/apps-workspace.mcu/empty-mbed-os/mbed-os/lib/libmbed-os.a(gpio_api.o)
                0x00001d36                gpio_mode
 .text.gpio_dir
                0x00001d3c       0x48 /home/phatt/University/apps/lcd-1-prep/apps-workspace.mcu/empty-mbed-os/mbed-os/lib/libmbed-os.a(gpio_api.o)
                0x00001d3c                gpio_dir
 .text.gpio_write
                0x00001d84       0x3c /home/phatt/University/apps/lcd-1-prep/apps-workspace.mcu/empty-mbed-os/mbed-os/lib/libmbed-os.a(gpio_api.o)
                0x00001d84                gpio_write
 .text.gpio_read
                0x00001dc0       0x34 /home/phatt/University/apps/lcd-1-prep/apps-workspace.mcu/empty-mbed-os/mbed-os/lib/libmbed-os.a(gpio_api.o)
                0x00001dc0                gpio_read
 .text.pin_function
                0x00001df4       0x74 /home/phatt/University/apps/lcd-1-prep/apps-workspace.mcu/empty-mbed-os/mbed-os/lib/libmbed-os.a(pinmap.o)
                0x00001df4                pin_function
 .text.pin_mode
                0x00001e68       0x5c /home/phatt/University/apps/lcd-1-prep/apps-workspace.mcu/empty-mbed-os/mbed-os/lib/libmbed-os.a(pinmap.o)
                0x00001e68                pin_mode
 .text.mbed_tiny_compute_crc32
                0x00001ec4       0x2c /home/phatt/University/apps/lcd-1-prep/apps-workspace.mcu/empty-mbed-os/mbed-os/lib/libmbed-os.a(MbedCRC.o)
                0x00001ec4                mbed_tiny_compute_crc32
 .text.hal_critical_section_enter
                0x00001ef0       0x24 /home/phatt/University/apps/lcd-1-prep/apps-workspace.mcu/empty-mbed-os/mbed-os/lib/libmbed-os.a(mbed_critical_section_api.o)
                0x00001ef0                hal_critical_section_enter
 .text.hal_critical_section_exit
                0x00001f14       0x38 /home/phatt/University/apps/lcd-1-prep/apps-workspace.mcu/empty-mbed-os/mbed-os/lib/libmbed-os.a(mbed_critical_section_api.o)
                0x00001f14                hal_critical_section_exit
 .text.core_util_atomic_flag_test_and_set
                0x00001f4c       0x14 /home/phatt/University/apps/lcd-1-prep/apps-workspace.mcu/empty-mbed-os/mbed-os/lib/libmbed-os.a(mbed_atomic_impl.o)
                0x00001f4c                core_util_atomic_flag_test_and_set
 .text.core_util_atomic_exchange_u8
                0x00001f60       0x12 /home/phatt/University/apps/lcd-1-prep/apps-workspace.mcu/empty-mbed-os/mbed-os/lib/libmbed-os.a(mbed_atomic_impl.o)
                0x00001f60                core_util_atomic_exchange_u8
 *fill*         0x00001f72        0x2 
 .text.mbed_die
                0x00001f74       0x64 /home/phatt/University/apps/lcd-1-prep/apps-workspace.mcu/empty-mbed-os/mbed-os/lib/libmbed-os.a(mbed_board.o)
                0x00001f74                mbed_die
 .text.mbed_error_puts
                0x00001fd8       0x50 /home/phatt/University/apps/lcd-1-prep/apps-workspace.mcu/empty-mbed-os/mbed-os/lib/libmbed-os.a(mbed_board.o)
                0x00001fd8                mbed_error_puts
 .text.mbed_error_vprintf
                0x00002028       0x38 /home/phatt/University/apps/lcd-1-prep/apps-workspace.mcu/empty-mbed-os/mbed-os/lib/libmbed-os.a(mbed_board.o)
                0x00002028                mbed_error_vprintf
 .text.mbed_error_printf
                0x00002060       0x1a /home/phatt/University/apps/lcd-1-prep/apps-workspace.mcu/empty-mbed-os/mbed-os/lib/libmbed-os.a(mbed_board.o)
                0x00002060                mbed_error_printf
 .text.mbed_minimal_putchar
                0x0000207a       0x34 /home/phatt/University/apps/lcd-1-prep/apps-workspace.mcu/empty-mbed-os/mbed-os/lib/libmbed-os.a(mbed_printf_implementation.o)
 *fill*         0x000020ae        0x2 
 .text.mbed_minimal_formatted_string_integer
                0x000020b0      0x144 /home/phatt/University/apps/lcd-1-prep/apps-workspace.mcu/empty-mbed-os/mbed-os/lib/libmbed-os.a(mbed_printf_implementation.o)
 .text.mbed_minimal_formatted_string
                0x000021f4      0x3bc /home/phatt/University/apps/lcd-1-prep/apps-workspace.mcu/empty-mbed-os/mbed-os/lib/libmbed-os.a(mbed_printf_implementation.o)
                0x000021f4                mbed_minimal_formatted_string
 .text.CLOCK_GetInternalRefClkSelectFreq
                0x000025b0       0x28 /home/phatt/University/apps/lcd-1-prep/apps-workspace.mcu/empty-mbed-os/mbed-os/lib/libmbed-os.a(fsl_clock.o)
 .text.CLOCK_GetMcgExtClkFreq
                0x000025d8       0x60 /home/phatt/University/apps/lcd-1-prep/apps-workspace.mcu/empty-mbed-os/mbed-os/lib/libmbed-os.a(fsl_clock.o)
 .text.CLOCK_GetFllRefClkFreq
                0x00002638       0x54 /home/phatt/University/apps/lcd-1-prep/apps-workspace.mcu/empty-mbed-os/mbed-os/lib/libmbed-os.a(fsl_clock.o)
 .text.CLOCK_GetOsc0ErClkFreq
                0x0000268c       0x3c /home/phatt/University/apps/lcd-1-prep/apps-workspace.mcu/empty-mbed-os/mbed-os/lib/libmbed-os.a(fsl_clock.o)
                0x0000268c                CLOCK_GetOsc0ErClkFreq
 .text.CLOCK_GetEr32kClkFreq
                0x000026c8       0x5c /home/phatt/University/apps/lcd-1-prep/apps-workspace.mcu/empty-mbed-os/mbed-os/lib/libmbed-os.a(fsl_clock.o)
                0x000026c8                CLOCK_GetEr32kClkFreq
 .text.CLOCK_GetFllFreq
                0x00002724       0x3c /home/phatt/University/apps/lcd-1-prep/apps-workspace.mcu/empty-mbed-os/mbed-os/lib/libmbed-os.a(fsl_clock.o)
                0x00002724                CLOCK_GetFllFreq
 .text.CLOCK_GetInternalRefClkFreq
                0x00002760       0x14 /home/phatt/University/apps/lcd-1-prep/apps-workspace.mcu/empty-mbed-os/mbed-os/lib/libmbed-os.a(fsl_clock.o)
                0x00002760                CLOCK_GetInternalRefClkFreq
 .text.CLOCK_GetPll0Freq
                0x00002774       0x48 /home/phatt/University/apps/lcd-1-prep/apps-workspace.mcu/empty-mbed-os/mbed-os/lib/libmbed-os.a(fsl_clock.o)
                0x00002774                CLOCK_GetPll0Freq
 .text.CLOCK_GetPllFllSelClkFreq
                0x000027bc       0x2c /home/phatt/University/apps/lcd-1-prep/apps-workspace.mcu/empty-mbed-os/mbed-os/lib/libmbed-os.a(fsl_clock.o)
                0x000027bc                CLOCK_GetPllFllSelClkFreq
 .text.CLOCK_GetOutClkFreq
                0x000027e8       0x28 /home/phatt/University/apps/lcd-1-prep/apps-workspace.mcu/empty-mbed-os/mbed-os/lib/libmbed-os.a(fsl_clock.o)
                0x000027e8                CLOCK_GetOutClkFreq
 .text.CLOCK_GetFixedFreqClkFreq
                0x00002810       0x1c /home/phatt/University/apps/lcd-1-prep/apps-workspace.mcu/empty-mbed-os/mbed-os/lib/libmbed-os.a(fsl_clock.o)
                0x00002810                CLOCK_GetFixedFreqClkFreq
 .text.CLOCK_GetFreq
                0x0000282c       0xa8 /home/phatt/University/apps/lcd-1-prep/apps-workspace.mcu/empty-mbed-os/mbed-os/lib/libmbed-os.a(fsl_clock.o)
                0x0000282c                CLOCK_GetFreq
 .text.EDMA_HandleIRQ
                0x000028d4       0xb0 /home/phatt/University/apps/lcd-1-prep/apps-workspace.mcu/empty-mbed-os/mbed-os/lib/libmbed-os.a(fsl_edma.o)
                0x000028d4                EDMA_HandleIRQ
 .text.DMA0_DriverIRQHandler
                0x00002984        0xc /home/phatt/University/apps/lcd-1-prep/apps-workspace.mcu/empty-mbed-os/mbed-os/lib/libmbed-os.a(fsl_edma.o)
                0x00002984                DMA0_DriverIRQHandler
 .text.DMA1_DriverIRQHandler
                0x00002990        0xc /home/phatt/University/apps/lcd-1-prep/apps-workspace.mcu/empty-mbed-os/mbed-os/lib/libmbed-os.a(fsl_edma.o)
                0x00002990                DMA1_DriverIRQHandler
 .text.DMA2_DriverIRQHandler
                0x0000299c        0xc /home/phatt/University/apps/lcd-1-prep/apps-workspace.mcu/empty-mbed-os/mbed-os/lib/libmbed-os.a(fsl_edma.o)
                0x0000299c                DMA2_DriverIRQHandler
 .text.DMA3_DriverIRQHandler
                0x000029a8        0xc /home/phatt/University/apps/lcd-1-prep/apps-workspace.mcu/empty-mbed-os/mbed-os/lib/libmbed-os.a(fsl_edma.o)
                0x000029a8                DMA3_DriverIRQHandler
 .text.DMA4_DriverIRQHandler
                0x000029b4        0xc /home/phatt/University/apps/lcd-1-prep/apps-workspace.mcu/empty-mbed-os/mbed-os/lib/libmbed-os.a(fsl_edma.o)
                0x000029b4                DMA4_DriverIRQHandler
 .text.DMA5_DriverIRQHandler
                0x000029c0        0xc /home/phatt/University/apps/lcd-1-prep/apps-workspace.mcu/empty-mbed-os/mbed-os/lib/libmbed-os.a(fsl_edma.o)
                0x000029c0                DMA5_DriverIRQHandler
 .text.DMA6_DriverIRQHandler
                0x000029cc        0xc /home/phatt/University/apps/lcd-1-prep/apps-workspace.mcu/empty-mbed-os/mbed-os/lib/libmbed-os.a(fsl_edma.o)
                0x000029cc                DMA6_DriverIRQHandler
 .text.DMA7_DriverIRQHandler
                0x000029d8        0xc /home/phatt/University/apps/lcd-1-prep/apps-workspace.mcu/empty-mbed-os/mbed-os/lib/libmbed-os.a(fsl_edma.o)
                0x000029d8                DMA7_DriverIRQHandler
 .text.DMA8_DriverIRQHandler
                0x000029e4        0xc /home/phatt/University/apps/lcd-1-prep/apps-workspace.mcu/empty-mbed-os/mbed-os/lib/libmbed-os.a(fsl_edma.o)
                0x000029e4                DMA8_DriverIRQHandler
 .text.DMA9_DriverIRQHandler
                0x000029f0        0xc /home/phatt/University/apps/lcd-1-prep/apps-workspace.mcu/empty-mbed-os/mbed-os/lib/libmbed-os.a(fsl_edma.o)
                0x000029f0                DMA9_DriverIRQHandler
 .text.DMA10_DriverIRQHandler
                0x000029fc        0xc /home/phatt/University/apps/lcd-1-prep/apps-workspace.mcu/empty-mbed-os/mbed-os/lib/libmbed-os.a(fsl_edma.o)
                0x000029fc                DMA10_DriverIRQHandler
 .text.DMA11_DriverIRQHandler
                0x00002a08        0xc /home/phatt/University/apps/lcd-1-prep/apps-workspace.mcu/empty-mbed-os/mbed-os/lib/libmbed-os.a(fsl_edma.o)
                0x00002a08                DMA11_DriverIRQHandler
 .text.DMA12_DriverIRQHandler
                0x00002a14        0xc /home/phatt/University/apps/lcd-1-prep/apps-workspace.mcu/empty-mbed-os/mbed-os/lib/libmbed-os.a(fsl_edma.o)
                0x00002a14                DMA12_DriverIRQHandler
 .text.DMA13_DriverIRQHandler
                0x00002a20        0xc /home/phatt/University/apps/lcd-1-prep/apps-workspace.mcu/empty-mbed-os/mbed-os/lib/libmbed-os.a(fsl_edma.o)
                0x00002a20                DMA13_DriverIRQHandler
 .text.DMA14_DriverIRQHandler
                0x00002a2c        0xc /home/phatt/University/apps/lcd-1-prep/apps-workspace.mcu/empty-mbed-os/mbed-os/lib/libmbed-os.a(fsl_edma.o)
                0x00002a2c                DMA14_DriverIRQHandler
 .text.DMA15_DriverIRQHandler
                0x00002a38        0xc /home/phatt/University/apps/lcd-1-prep/apps-workspace.mcu/empty-mbed-os/mbed-os/lib/libmbed-os.a(fsl_edma.o)
                0x00002a38                DMA15_DriverIRQHandler
 .text.PIT_GetInstance.isra.0
                0x00002a44       0x28 /home/phatt/University/apps/lcd-1-prep/apps-workspace.mcu/empty-mbed-os/mbed-os/lib/libmbed-os.a(fsl_pit.o)
 .text.PIT_Init
                0x00002a6c       0x50 /home/phatt/University/apps/lcd-1-prep/apps-workspace.mcu/empty-mbed-os/mbed-os/lib/libmbed-os.a(fsl_pit.o)
                0x00002a6c                PIT_Init
 .text.UART_GetInstance
                0x00002abc       0x64 /home/phatt/University/apps/lcd-1-prep/apps-workspace.mcu/empty-mbed-os/mbed-os/lib/libmbed-os.a(fsl_uart.o)
                0x00002abc                UART_GetInstance
 .text.UART_Init
                0x00002b20      0x178 /home/phatt/University/apps/lcd-1-prep/apps-workspace.mcu/empty-mbed-os/mbed-os/lib/libmbed-os.a(fsl_uart.o)
                0x00002b20                UART_Init
 .text.UART_GetDefaultConfig
                0x00002c98       0x30 /home/phatt/University/apps/lcd-1-prep/apps-workspace.mcu/empty-mbed-os/mbed-os/lib/libmbed-os.a(fsl_uart.o)
                0x00002c98                UART_GetDefaultConfig
 .text.UART_SetBaudRate
                0x00002cc8       0x8c /home/phatt/University/apps/lcd-1-prep/apps-workspace.mcu/empty-mbed-os/mbed-os/lib/libmbed-os.a(fsl_uart.o)
                0x00002cc8                UART_SetBaudRate
 .text.UART_GetStatusFlags
                0x00002d54       0x16 /home/phatt/University/apps/lcd-1-prep/apps-workspace.mcu/empty-mbed-os/mbed-os/lib/libmbed-os.a(fsl_uart.o)
                0x00002d54                UART_GetStatusFlags
 .text.UART_ClearStatusFlags
                0x00002d6a       0x40 /home/phatt/University/apps/lcd-1-prep/apps-workspace.mcu/empty-mbed-os/mbed-os/lib/libmbed-os.a(fsl_uart.o)
                0x00002d6a                UART_ClearStatusFlags
 *fill*         0x00002daa        0x2 
 .text.UART0_DriverIRQHandler
                0x00002dac       0x18 /home/phatt/University/apps/lcd-1-prep/apps-workspace.mcu/empty-mbed-os/mbed-os/lib/libmbed-os.a(fsl_uart.o)
                0x00002dac                UART0_DriverIRQHandler
 .text.UART0_RX_TX_DriverIRQHandler
                0x00002dc4        0x4 /home/phatt/University/apps/lcd-1-prep/apps-workspace.mcu/empty-mbed-os/mbed-os/lib/libmbed-os.a(fsl_uart.o)
                0x00002dc4                UART0_RX_TX_DriverIRQHandler
 .text.UART1_DriverIRQHandler
                0x00002dc8       0x18 /home/phatt/University/apps/lcd-1-prep/apps-workspace.mcu/empty-mbed-os/mbed-os/lib/libmbed-os.a(fsl_uart.o)
                0x00002dc8                UART1_DriverIRQHandler
 .text.UART1_RX_TX_DriverIRQHandler
                0x00002de0        0x4 /home/phatt/University/apps/lcd-1-prep/apps-workspace.mcu/empty-mbed-os/mbed-os/lib/libmbed-os.a(fsl_uart.o)
                0x00002de0                UART1_RX_TX_DriverIRQHandler
 .text.UART2_DriverIRQHandler
                0x00002de4       0x18 /home/phatt/University/apps/lcd-1-prep/apps-workspace.mcu/empty-mbed-os/mbed-os/lib/libmbed-os.a(fsl_uart.o)
                0x00002de4                UART2_DriverIRQHandler
 .text.UART2_RX_TX_DriverIRQHandler
                0x00002dfc        0x4 /home/phatt/University/apps/lcd-1-prep/apps-workspace.mcu/empty-mbed-os/mbed-os/lib/libmbed-os.a(fsl_uart.o)
                0x00002dfc                UART2_RX_TX_DriverIRQHandler
 .text.UART3_DriverIRQHandler
                0x00002e00       0x18 /home/phatt/University/apps/lcd-1-prep/apps-workspace.mcu/empty-mbed-os/mbed-os/lib/libmbed-os.a(fsl_uart.o)
                0x00002e00                UART3_DriverIRQHandler
 .text.UART3_RX_TX_DriverIRQHandler
                0x00002e18        0x4 /home/phatt/University/apps/lcd-1-prep/apps-workspace.mcu/empty-mbed-os/mbed-os/lib/libmbed-os.a(fsl_uart.o)
                0x00002e18                UART3_RX_TX_DriverIRQHandler
 .text.UART4_DriverIRQHandler
                0x00002e1c       0x18 /home/phatt/University/apps/lcd-1-prep/apps-workspace.mcu/empty-mbed-os/mbed-os/lib/libmbed-os.a(fsl_uart.o)
                0x00002e1c                UART4_DriverIRQHandler
 .text.UART4_RX_TX_DriverIRQHandler
                0x00002e34        0x4 /home/phatt/University/apps/lcd-1-prep/apps-workspace.mcu/empty-mbed-os/mbed-os/lib/libmbed-os.a(fsl_uart.o)
                0x00002e34                UART4_RX_TX_DriverIRQHandler
 .text.UART5_DriverIRQHandler
                0x00002e38       0x18 /home/phatt/University/apps/lcd-1-prep/apps-workspace.mcu/empty-mbed-os/mbed-os/lib/libmbed-os.a(fsl_uart.o)
                0x00002e38                UART5_DriverIRQHandler
 .text.UART5_RX_TX_DriverIRQHandler
                0x00002e50        0x4 /home/phatt/University/apps/lcd-1-prep/apps-workspace.mcu/empty-mbed-os/mbed-os/lib/libmbed-os.a(fsl_uart.o)
                0x00002e50                UART5_RX_TX_DriverIRQHandler
 .text.__udivmoddi4
                0x00002e54      0x2bc /usr/local/mcuxpressoide-11.9.0_2144/ide/plugins/com.nxp.mcuxpresso.tools.linux_11.9.0.202307121226/tools/bin/../lib/gcc/arm-none-eabi/12.3.1/thumb/v7e-m+fp/softfp/libgcc.a(_udivmoddi4.o)
                0x00002e54                __udivmoddi4
 .text.fputc    0x00003110       0x58 /usr/local/mcuxpressoide-11.9.0_2144/ide/plugins/com.nxp.mcuxpresso.tools.linux_11.9.0.202307121226/tools/bin/../lib/gcc/arm-none-eabi/12.3.1/../../../../arm-none-eabi/lib/thumb/v7e-m+fp/softfp/libc.a(libc_a-fputc.o)
                0x00003110                fputc
 .text.__sread  0x00003168       0x24 /usr/local/mcuxpressoide-11.9.0_2144/ide/plugins/com.nxp.mcuxpresso.tools.linux_11.9.0.202307121226/tools/bin/../lib/gcc/arm-none-eabi/12.3.1/../../../../arm-none-eabi/lib/thumb/v7e-m+fp/softfp/libc.a(libc_a-stdio.o)
                0x00003168                __sread
 .text.__swrite
                0x0000318c       0x40 /usr/local/mcuxpressoide-11.9.0_2144/ide/plugins/com.nxp.mcuxpresso.tools.linux_11.9.0.202307121226/tools/bin/../lib/gcc/arm-none-eabi/12.3.1/../../../../arm-none-eabi/lib/thumb/v7e-m+fp/softfp/libc.a(libc_a-stdio.o)
                0x0000318c                __swrite
 .text.__sseek  0x000031cc       0x24 /usr/local/mcuxpressoide-11.9.0_2144/ide/plugins/com.nxp.mcuxpresso.tools.linux_11.9.0.202307121226/tools/bin/../lib/gcc/arm-none-eabi/12.3.1/../../../../arm-none-eabi/lib/thumb/v7e-m+fp/softfp/libc.a(libc_a-stdio.o)
                0x000031cc                __sseek
 .text.__sclose
                0x000031f0        0x8 /usr/local/mcuxpressoide-11.9.0_2144/ide/plugins/com.nxp.mcuxpresso.tools.linux_11.9.0.202307121226/tools/bin/../lib/gcc/arm-none-eabi/12.3.1/../../../../arm-none-eabi/lib/thumb/v7e-m+fp/softfp/libc.a(libc_a-stdio.o)
                0x000031f0                __sclose
 .text._write_r
                0x000031f8       0x2c /usr/local/mcuxpressoide-11.9.0_2144/ide/plugins/com.nxp.mcuxpresso.tools.linux_11.9.0.202307121226/tools/bin/../lib/gcc/arm-none-eabi/12.3.1/../../../../arm-none-eabi/lib/thumb/v7e-m+fp/softfp/libc.a(libc_a-writer.o)
                0x000031f8                _write_r
 .text.__errno  0x00003224        0xc /usr/local/mcuxpressoide-11.9.0_2144/ide/plugins/com.nxp.mcuxpresso.tools.linux_11.9.0.202307121226/tools/bin/../lib/gcc/arm-none-eabi/12.3.1/../../../../arm-none-eabi/lib/thumb/v7e-m+fp/softfp/libc.a(libc_a-errno.o)
                0x00003224                __errno
 .text.free     0x00003230       0x10 /usr/local/mcuxpressoide-11.9.0_2144/ide/plugins/com.nxp.mcuxpresso.tools.linux_11.9.0.202307121226/tools/bin/../lib/gcc/arm-none-eabi/12.3.1/../../../../arm-none-eabi/lib/thumb/v7e-m+fp/softfp/libc.a(libc_a-malloc.o)
                0x00003230                free
 .text._malloc_r
                0x00003240      0x574 /usr/local/mcuxpressoide-11.9.0_2144/ide/plugins/com.nxp.mcuxpresso.tools.linux_11.9.0.202307121226/tools/bin/../lib/gcc/arm-none-eabi/12.3.1/../../../../arm-none-eabi/lib/thumb/v7e-m+fp/softfp/libc.a(libc_a-mallocr.o)
                0x00003240                _malloc_r
 .text.__assert_func
                0x000037b4       0x40 /usr/local/mcuxpressoide-11.9.0_2144/ide/plugins/com.nxp.mcuxpresso.tools.linux_11.9.0.202307121226/tools/bin/../lib/gcc/arm-none-eabi/12.3.1/../../../../arm-none-eabi/lib/thumb/v7e-m+fp/softfp/libc.a(libc_a-assert.o)
                0x000037b4                __assert_func
 .text.memset   0x000037f4       0xa4 /usr/local/mcuxpressoide-11.9.0_2144/ide/plugins/com.nxp.mcuxpresso.tools.linux_11.9.0.202307121226/tools/bin/../lib/gcc/arm-none-eabi/12.3.1/../../../../arm-none-eabi/lib/thumb/v7e-m+fp/softfp/libc.a(libc_a-memset.o)
                0x000037f4                memset
 .text.__libc_init_array
                0x00003898       0x50 /usr/local/mcuxpressoide-11.9.0_2144/ide/plugins/com.nxp.mcuxpresso.tools.linux_11.9.0.202307121226/tools/bin/../lib/gcc/arm-none-eabi/12.3.1/../../../../arm-none-eabi/lib/thumb/v7e-m+fp/softfp/libc.a(libc_a-init.o)
                0x00003898                __libc_init_array
 .text.__retarget_lock_init_recursive
                0x000038e8        0x4 /usr/local/mcuxpressoide-11.9.0_2144/ide/plugins/com.nxp.mcuxpresso.tools.linux_11.9.0.202307121226/tools/bin/../lib/gcc/arm-none-eabi/12.3.1/../../../../arm-none-eabi/lib/thumb/v7e-m+fp/softfp/libc.a(libc_a-lock.o)
                0x000038e8                __retarget_lock_init_recursive
 .text.__retarget_lock_close_recursive
                0x000038ec        0x4 /usr/local/mcuxpressoide-11.9.0_2144/ide/plugins/com.nxp.mcuxpresso.tools.linux_11.9.0.202307121226/tools/bin/../lib/gcc/arm-none-eabi/12.3.1/../../../../arm-none-eabi/lib/thumb/v7e-m+fp/softfp/libc.a(libc_a-lock.o)
                0x000038ec                __retarget_lock_close_recursive
 .text.__retarget_lock_acquire_recursive
                0x000038f0        0x4 /usr/local/mcuxpressoide-11.9.0_2144/ide/plugins/com.nxp.mcuxpresso.tools.linux_11.9.0.202307121226/tools/bin/../lib/gcc/arm-none-eabi/12.3.1/../../../../arm-none-eabi/lib/thumb/v7e-m+fp/softfp/libc.a(libc_a-lock.o)
                0x000038f0                __retarget_lock_acquire_recursive
 .text.__retarget_lock_release_recursive
                0x000038f4        0x4 /usr/local/mcuxpressoide-11.9.0_2144/ide/plugins/com.nxp.mcuxpresso.tools.linux_11.9.0.202307121226/tools/bin/../lib/gcc/arm-none-eabi/12.3.1/../../../../arm-none-eabi/lib/thumb/v7e-m+fp/softfp/libc.a(libc_a-lock.o)
                0x000038f4                __retarget_lock_release_recursive
 .text.sysconf  0x000038f8       0x1c /usr/local/mcuxpressoide-11.9.0_2144/ide/plugins/com.nxp.mcuxpresso.tools.linux_11.9.0.202307121226/tools/bin/../lib/gcc/arm-none-eabi/12.3.1/../../../../arm-none-eabi/lib/thumb/v7e-m+fp/softfp/libc.a(libc_a-sysconf.o)
                0x000038f8                sysconf
 .text._putc_r  0x00003914       0x78 /usr/local/mcuxpressoide-11.9.0_2144/ide/plugins/com.nxp.mcuxpresso.tools.linux_11.9.0.202307121226/tools/bin/../lib/gcc/arm-none-eabi/12.3.1/../../../../arm-none-eabi/lib/thumb/v7e-m+fp/softfp/libc.a(libc_a-putc.o)
                0x00003914                _putc_r
 .text._close_r
                0x0000398c       0x24 /usr/local/mcuxpressoide-11.9.0_2144/ide/plugins/com.nxp.mcuxpresso.tools.linux_11.9.0.202307121226/tools/bin/../lib/gcc/arm-none-eabi/12.3.1/../../../../arm-none-eabi/lib/thumb/v7e-m+fp/softfp/libc.a(libc_a-closer.o)
                0x0000398c                _close_r
 .text.__sflush_r
                0x000039b0      0x138 /usr/local/mcuxpressoide-11.9.0_2144/ide/plugins/com.nxp.mcuxpresso.tools.linux_11.9.0.202307121226/tools/bin/../lib/gcc/arm-none-eabi/12.3.1/../../../../arm-none-eabi/lib/thumb/v7e-m+fp/softfp/libc.a(libc_a-fflush.o)
                0x000039b0                __sflush_r
 .text._fflush_r
                0x00003ae8       0x54 /usr/local/mcuxpressoide-11.9.0_2144/ide/plugins/com.nxp.mcuxpresso.tools.linux_11.9.0.202307121226/tools/bin/../lib/gcc/arm-none-eabi/12.3.1/../../../../arm-none-eabi/lib/thumb/v7e-m+fp/softfp/libc.a(libc_a-fflush.o)
                0x00003ae8                _fflush_r
 .text.fflush   0x00003b3c       0x74 /usr/local/mcuxpressoide-11.9.0_2144/ide/plugins/com.nxp.mcuxpresso.tools.linux_11.9.0.202307121226/tools/bin/../lib/gcc/arm-none-eabi/12.3.1/../../../../arm-none-eabi/lib/thumb/v7e-m+fp/softfp/libc.a(libc_a-fflush.o)
                0x00003b3c                fflush
 .text.stdio_exit_handler
                0x00003bb0       0x18 /usr/local/mcuxpressoide-11.9.0_2144/ide/plugins/com.nxp.mcuxpresso.tools.linux_11.9.0.202307121226/tools/bin/../lib/gcc/arm-none-eabi/12.3.1/../../../../arm-none-eabi/lib/thumb/v7e-m+fp/softfp/libc.a(libc_a-findfp.o)
 .text.cleanup_stdio
                0x00003bc8       0x40 /usr/local/mcuxpressoide-11.9.0_2144/ide/plugins/com.nxp.mcuxpresso.tools.linux_11.9.0.202307121226/tools/bin/../lib/gcc/arm-none-eabi/12.3.1/../../../../arm-none-eabi/lib/thumb/v7e-m+fp/softfp/libc.a(libc_a-findfp.o)
 .text.global_stdio_init.part.0
                0x00003c08       0xf0 /usr/local/mcuxpressoide-11.9.0_2144/ide/plugins/com.nxp.mcuxpresso.tools.linux_11.9.0.202307121226/tools/bin/../lib/gcc/arm-none-eabi/12.3.1/../../../../arm-none-eabi/lib/thumb/v7e-m+fp/softfp/libc.a(libc_a-findfp.o)
 .text.__sinit  0x00003cf8       0x3c /usr/local/mcuxpressoide-11.9.0_2144/ide/plugins/com.nxp.mcuxpresso.tools.linux_11.9.0.202307121226/tools/bin/../lib/gcc/arm-none-eabi/12.3.1/../../../../arm-none-eabi/lib/thumb/v7e-m+fp/softfp/libc.a(libc_a-findfp.o)
                0x00003cf8                __sinit
 .text.__sfp_lock_acquire
                0x00003d34        0xc /usr/local/mcuxpressoide-11.9.0_2144/ide/plugins/com.nxp.mcuxpresso.tools.linux_11.9.0.202307121226/tools/bin/../lib/gcc/arm-none-eabi/12.3.1/../../../../arm-none-eabi/lib/thumb/v7e-m+fp/softfp/libc.a(libc_a-findfp.o)
                0x00003d34                __sfp_lock_acquire
 .text.__sfp_lock_release
                0x00003d40        0xc /usr/local/mcuxpressoide-11.9.0_2144/ide/plugins/com.nxp.mcuxpresso.tools.linux_11.9.0.202307121226/tools/bin/../lib/gcc/arm-none-eabi/12.3.1/../../../../arm-none-eabi/lib/thumb/v7e-m+fp/softfp/libc.a(libc_a-findfp.o)
                0x00003d40                __sfp_lock_release
 .text._malloc_trim_r
                0x00003d4c       0xb8 /usr/local/mcuxpressoide-11.9.0_2144/ide/plugins/com.nxp.mcuxpresso.tools.linux_11.9.0.202307121226/tools/bin/../lib/gcc/arm-none-eabi/12.3.1/../../../../arm-none-eabi/lib/thumb/v7e-m+fp/softfp/libc.a(libc_a-freer.o)
                0x00003d4c                _malloc_trim_r
 .text._free_r  0x00003e04      0x1fc /usr/local/mcuxpressoide-11.9.0_2144/ide/plugins/com.nxp.mcuxpresso.tools.linux_11.9.0.202307121226/tools/bin/../lib/gcc/arm-none-eabi/12.3.1/../../../../arm-none-eabi/lib/thumb/v7e-m+fp/softfp/libc.a(libc_a-freer.o)
                0x00003e04                _free_r
 .text._fstat_r
                0x00004000       0x2c /usr/local/mcuxpressoide-11.9.0_2144/ide/plugins/com.nxp.mcuxpresso.tools.linux_11.9.0.202307121226/tools/bin/../lib/gcc/arm-none-eabi/12.3.1/../../../../arm-none-eabi/lib/thumb/v7e-m+fp/softfp/libc.a(libc_a-fstatr.o)
                0x00004000                _fstat_r
 .text._lseek_r
                0x0000402c       0x2c /usr/local/mcuxpressoide-11.9.0_2144/ide/plugins/com.nxp.mcuxpresso.tools.linux_11.9.0.202307121226/tools/bin/../lib/gcc/arm-none-eabi/12.3.1/../../../../arm-none-eabi/lib/thumb/v7e-m+fp/softfp/libc.a(libc_a-lseekr.o)
                0x0000402c                _lseek_r
 .text._read_r  0x00004058       0x2c /usr/local/mcuxpressoide-11.9.0_2144/ide/plugins/com.nxp.mcuxpresso.tools.linux_11.9.0.202307121226/tools/bin/../lib/gcc/arm-none-eabi/12.3.1/../../../../arm-none-eabi/lib/thumb/v7e-m+fp/softfp/libc.a(libc_a-readr.o)
                0x00004058                _read_r
 .text.fiprintf
                0x00004084       0x28 /usr/local/mcuxpressoide-11.9.0_2144/ide/plugins/com.nxp.mcuxpresso.tools.linux_11.9.0.202307121226/tools/bin/../lib/gcc/arm-none-eabi/12.3.1/../../../../arm-none-eabi/lib/thumb/v7e-m+fp/softfp/libc.a(libc_a-fiprintf.o)
                0x00004084                fiprintf
 .text._sbrk_r  0x000040ac       0x24 /usr/local/mcuxpressoide-11.9.0_2144/ide/plugins/com.nxp.mcuxpresso.tools.linux_11.9.0.202307121226/tools/bin/../lib/gcc/arm-none-eabi/12.3.1/../../../../arm-none-eabi/lib/thumb/v7e-m+fp/softfp/libc.a(libc_a-sbrkr.o)
                0x000040ac                _sbrk_r
 .text._fwalk_sglue
                0x000040d0       0x48 /usr/local/mcuxpressoide-11.9.0_2144/ide/plugins/com.nxp.mcuxpresso.tools.linux_11.9.0.202307121226/tools/bin/../lib/gcc/arm-none-eabi/12.3.1/../../../../arm-none-eabi/lib/thumb/v7e-m+fp/softfp/libc.a(libc_a-fwalk.o)
                0x000040d0                _fwalk_sglue
 .text.__sprint_r.part.0
                0x00004118       0x78 /usr/local/mcuxpressoide-11.9.0_2144/ide/plugins/com.nxp.mcuxpresso.tools.linux_11.9.0.202307121226/tools/bin/../lib/gcc/arm-none-eabi/12.3.1/../../../../arm-none-eabi/lib/thumb/v7e-m+fp/softfp/libc.a(libc_a-vfiprintf.o)
 .text._vfiprintf_r
                0x00004190      0xfa8 /usr/local/mcuxpressoide-11.9.0_2144/ide/plugins/com.nxp.mcuxpresso.tools.linux_11.9.0.202307121226/tools/bin/../lib/gcc/arm-none-eabi/12.3.1/../../../../arm-none-eabi/lib/thumb/v7e-m+fp/softfp/libc.a(libc_a-vfiprintf.o)
                0x00004190                _vfiprintf_r
 .text.__sbprintf
                0x00005138       0x80 /usr/local/mcuxpressoide-11.9.0_2144/ide/plugins/com.nxp.mcuxpresso.tools.linux_11.9.0.202307121226/tools/bin/../lib/gcc/arm-none-eabi/12.3.1/../../../../arm-none-eabi/lib/thumb/v7e-m+fp/softfp/libc.a(libc_a-vfiprintf.o)
 .text.__swbuf_r
                0x000051b8       0xac /usr/local/mcuxpressoide-11.9.0_2144/ide/plugins/com.nxp.mcuxpresso.tools.linux_11.9.0.202307121226/tools/bin/../lib/gcc/arm-none-eabi/12.3.1/../../../../arm-none-eabi/lib/thumb/v7e-m+fp/softfp/libc.a(libc_a-wbuf.o)
                0x000051b8                __swbuf_r
 .text.abort    0x00005264       0x10 /usr/local/mcuxpressoide-11.9.0_2144/ide/plugins/com.nxp.mcuxpresso.tools.linux_11.9.0.202307121226/tools/bin/../lib/gcc/arm-none-eabi/12.3.1/../../../../arm-none-eabi/lib/thumb/v7e-m+fp/softfp/libc.a(libc_a-abort.o)
                0x00005264                abort
 .text._wcrtomb_r
                0x00005274       0x4c /usr/local/mcuxpressoide-11.9.0_2144/ide/plugins/com.nxp.mcuxpresso.tools.linux_11.9.0.202307121226/tools/bin/../lib/gcc/arm-none-eabi/12.3.1/../../../../arm-none-eabi/lib/thumb/v7e-m+fp/softfp/libc.a(libc_a-wcrtomb.o)
                0x00005274                _wcrtomb_r
 .text.__locale_mb_cur_max
                0x000052c0        0xc /usr/local/mcuxpressoide-11.9.0_2144/ide/plugins/com.nxp.mcuxpresso.tools.linux_11.9.0.202307121226/tools/bin/../lib/gcc/arm-none-eabi/12.3.1/../../../../arm-none-eabi/lib/thumb/v7e-m+fp/softfp/libc.a(libc_a-locale.o)
                0x000052c0                __locale_mb_cur_max
 .text._localeconv_r
                0x000052cc        0x8 /usr/local/mcuxpressoide-11.9.0_2144/ide/plugins/com.nxp.mcuxpresso.tools.linux_11.9.0.202307121226/tools/bin/../lib/gcc/arm-none-eabi/12.3.1/../../../../arm-none-eabi/lib/thumb/v7e-m+fp/softfp/libc.a(libc_a-localeconv.o)
                0x000052cc                _localeconv_r
 .text._fclose_r
                0x000052d4       0xc0 /usr/local/mcuxpressoide-11.9.0_2144/ide/plugins/com.nxp.mcuxpresso.tools.linux_11.9.0.202307121226/tools/bin/../lib/gcc/arm-none-eabi/12.3.1/../../../../arm-none-eabi/lib/thumb/v7e-m+fp/softfp/libc.a(libc_a-fclose.o)
                0x000052d4                _fclose_r
 .text.__swsetup_r
                0x00005394       0xc0 /usr/local/mcuxpressoide-11.9.0_2144/ide/plugins/com.nxp.mcuxpresso.tools.linux_11.9.0.202307121226/tools/bin/../lib/gcc/arm-none-eabi/12.3.1/../../../../arm-none-eabi/lib/thumb/v7e-m+fp/softfp/libc.a(libc_a-wsetup.o)
                0x00005394                __swsetup_r
 .text.__smakebuf_r
                0x00005454       0xdc /usr/local/mcuxpressoide-11.9.0_2144/ide/plugins/com.nxp.mcuxpresso.tools.linux_11.9.0.202307121226/tools/bin/../lib/gcc/arm-none-eabi/12.3.1/../../../../arm-none-eabi/lib/thumb/v7e-m+fp/softfp/libc.a(libc_a-makebuf.o)
                0x00005454                __smakebuf_r
 .text._wcsrtombs_r
                0x00005530       0x18 /usr/local/mcuxpressoide-11.9.0_2144/ide/plugins/com.nxp.mcuxpresso.tools.linux_11.9.0.202307121226/tools/bin/../lib/gcc/arm-none-eabi/12.3.1/../../../../arm-none-eabi/lib/thumb/v7e-m+fp/softfp/libc.a(libc_a-wcsrtombs.o)
                0x00005530                _wcsrtombs_r
 .text.strncpy  0x00005548       0x68 /usr/local/mcuxpressoide-11.9.0_2144/ide/plugins/com.nxp.mcuxpresso.tools.linux_11.9.0.202307121226/tools/bin/../lib/gcc/arm-none-eabi/12.3.1/../../../../arm-none-eabi/lib/thumb/v7e-m+fp/softfp/libc.a(libc_a-strncpy.o)
                0x00005548                strncpy
 .text.raise    0x000055b0       0x58 /usr/local/mcuxpressoide-11.9.0_2144/ide/plugins/com.nxp.mcuxpresso.tools.linux_11.9.0.202307121226/tools/bin/../lib/gcc/arm-none-eabi/12.3.1/../../../../arm-none-eabi/lib/thumb/v7e-m+fp/softfp/libc.a(libc_a-signal.o)
                0x000055b0                raise
 .text._isatty_r
                0x00005608       0x24 /usr/local/mcuxpressoide-11.9.0_2144/ide/plugins/com.nxp.mcuxpresso.tools.linux_11.9.0.202307121226/tools/bin/../lib/gcc/arm-none-eabi/12.3.1/../../../../arm-none-eabi/lib/thumb/v7e-m+fp/softfp/libc.a(libc_a-isattyr.o)
                0x00005608                _isatty_r
 .text.__fputwc
                0x0000562c       0x7c /usr/local/mcuxpressoide-11.9.0_2144/ide/plugins/com.nxp.mcuxpresso.tools.linux_11.9.0.202307121226/tools/bin/../lib/gcc/arm-none-eabi/12.3.1/../../../../arm-none-eabi/lib/thumb/v7e-m+fp/softfp/libc.a(libc_a-fputwc.o)
                0x0000562c                __fputwc
 .text._fputwc_r
                0x000056a8       0x60 /usr/local/mcuxpressoide-11.9.0_2144/ide/plugins/com.nxp.mcuxpresso.tools.linux_11.9.0.202307121226/tools/bin/../lib/gcc/arm-none-eabi/12.3.1/../../../../arm-none-eabi/lib/thumb/v7e-m+fp/softfp/libc.a(libc_a-fputwc.o)
                0x000056a8                _fputwc_r
 .text.__ascii_wctomb
                0x00005708       0x1c /usr/local/mcuxpressoide-11.9.0_2144/ide/plugins/com.nxp.mcuxpresso.tools.linux_11.9.0.202307121226/tools/bin/../lib/gcc/arm-none-eabi/12.3.1/../../../../arm-none-eabi/lib/thumb/v7e-m+fp/softfp/libc.a(libc_a-wctomb_r.o)
                0x00005708                __ascii_wctomb
 .text._kill_r  0x00005724       0x2c /usr/local/mcuxpressoide-11.9.0_2144/ide/plugins/com.nxp.mcuxpresso.tools.linux_11.9.0.202307121226/tools/bin/../lib/gcc/arm-none-eabi/12.3.1/../../../../arm-none-eabi/lib/thumb/v7e-m+fp/softfp/libc.a(libc_a-signalr.o)
                0x00005724                _kill_r
 .text._getpid_r
                0x00005750        0x4 /usr/local/mcuxpressoide-11.9.0_2144/ide/plugins/com.nxp.mcuxpresso.tools.linux_11.9.0.202307121226/tools/bin/../lib/gcc/arm-none-eabi/12.3.1/../../../../arm-none-eabi/lib/thumb/v7e-m+fp/softfp/libc.a(libc_a-signalr.o)
                0x00005750                _getpid_r
 .text.__sfvwrite_r
                0x00005754      0x300 /usr/local/mcuxpressoide-11.9.0_2144/ide/plugins/com.nxp.mcuxpresso.tools.linux_11.9.0.202307121226/tools/bin/../lib/gcc/arm-none-eabi/12.3.1/../../../../arm-none-eabi/lib/thumb/v7e-m+fp/softfp/libc.a(libc_a-fvwrite.o)
                0x00005754                __sfvwrite_r
 .text.__ascii_mbtowc
                0x00005a54       0x2c /usr/local/mcuxpressoide-11.9.0_2144/ide/plugins/com.nxp.mcuxpresso.tools.linux_11.9.0.202307121226/tools/bin/../lib/gcc/arm-none-eabi/12.3.1/../../../../arm-none-eabi/lib/thumb/v7e-m+fp/softfp/libc.a(libc_a-mbtowc_r.o)
                0x00005a54                __ascii_mbtowc
 .text.memmove  0x00005a80      0x100 /usr/local/mcuxpressoide-11.9.0_2144/ide/plugins/com.nxp.mcuxpresso.tools.linux_11.9.0.202307121226/tools/bin/../lib/gcc/arm-none-eabi/12.3.1/../../../../arm-none-eabi/lib/thumb/v7e-m+fp/softfp/libc.a(libc_a-memmove.o)
                0x00005a80                memmove
 .text._wcsnrtombs_l
                0x00005b80       0xfc /usr/local/mcuxpressoide-11.9.0_2144/ide/plugins/com.nxp.mcuxpresso.tools.linux_11.9.0.202307121226/tools/bin/../lib/gcc/arm-none-eabi/12.3.1/../../../../arm-none-eabi/lib/thumb/v7e-m+fp/softfp/libc.a(libc_a-wcsnrtombs.o)
                0x00005b80                _wcsnrtombs_l
 .text._wcsnrtombs_r
                0x00005c7c       0x24 /usr/local/mcuxpressoide-11.9.0_2144/ide/plugins/com.nxp.mcuxpresso.tools.linux_11.9.0.202307121226/tools/bin/../lib/gcc/arm-none-eabi/12.3.1/../../../../arm-none-eabi/lib/thumb/v7e-m+fp/softfp/libc.a(libc_a-wcsnrtombs.o)
                0x00005c7c                _wcsnrtombs_r
 .text._realloc_r
                0x00005ca0      0x344 /usr/local/mcuxpressoide-11.9.0_2144/ide/plugins/com.nxp.mcuxpresso.tools.linux_11.9.0.202307121226/tools/bin/../lib/gcc/arm-none-eabi/12.3.1/../../../../arm-none-eabi/lib/thumb/v7e-m+fp/softfp/libc.a(libc_a-reallocr.o)
                0x00005ca0                _realloc_r
 *(.rodata)
 .rodata        0x00005fe4       0x44 ./main-empty.o
 .rodata        0x00006028       0x14 /home/phatt/University/apps/lcd-1-prep/apps-workspace.mcu/empty-mbed-os/mbed-os/lib/libmbed-os.a(pinmap.o)
 *(.rodata*)
 .rodata.us_data
                0x0000603c        0x8 /home/phatt/University/apps/lcd-1-prep/apps-workspace.mcu/empty-mbed-os/mbed-os/lib/libmbed-os.a(mbed_us_ticker_api.o)
 .rodata.us_interface
                0x00006044       0x24 /home/phatt/University/apps/lcd-1-prep/apps-workspace.mcu/empty-mbed-os/mbed-os/lib/libmbed-os.a(mbed_us_ticker_api.o)
 .rodata.schedule_interrupt.str1.1
                0x00006068       0x4b /home/phatt/University/apps/lcd-1-prep/apps-workspace.mcu/empty-mbed-os/mbed-os/lib/libmbed-os.a(mbed_ticker_api.o)
 .rodata.initialize.str1.1
                0x000060b3       0x55 /home/phatt/University/apps/lcd-1-prep/apps-workspace.mcu/empty-mbed-os/mbed-os/lib/libmbed-os.a(mbed_ticker_api.o)
 .rodata.core_util_critical_section_enter.str1.1
                0x00006108       0x5b /home/phatt/University/apps/lcd-1-prep/apps-workspace.mcu/empty-mbed-os/mbed-os/lib/libmbed-os.a(mbed_critical.o)
 .rodata.print_error_report.constprop.0.str1.1
                0x00006163      0x18a /home/phatt/University/apps/lcd-1-prep/apps-workspace.mcu/empty-mbed-os/mbed-os/lib/libmbed-os.a(mbed_error.o)
 .rodata.mbed_error.str1.1
                0x000062ed       0x7d /home/phatt/University/apps/lcd-1-prep/apps-workspace.mcu/empty-mbed-os/mbed-os/lib/libmbed-os.a(mbed_error.o)
 .rodata.__cxa_guard_acquire.str1.1
                0x0000636a       0x4a /home/phatt/University/apps/lcd-1-prep/apps-workspace.mcu/empty-mbed-os/mbed-os/lib/libmbed-os.a(mbed_retarget.o)
 .rodata.__cxa_guard_release.str1.1
                0x000063b4       0x37 /home/phatt/University/apps/lcd-1-prep/apps-workspace.mcu/empty-mbed-os/mbed-os/lib/libmbed-os.a(mbed_retarget.o)
 .rodata._write.str1.1
                0x000063eb        0x2 /home/phatt/University/apps/lcd-1-prep/apps-workspace.mcu/empty-mbed-os/mbed-os/lib/libmbed-os.a(mbed_retarget.o)
 *fill*         0x000063ed        0x3 
 .rodata._ZTV12DirectSerial
                0x000063f0       0x50 /home/phatt/University/apps/lcd-1-prep/apps-workspace.mcu/empty-mbed-os/mbed-os/lib/libmbed-os.a(mbed_retarget.o)
                0x000063f0                vtable for DirectSerial
 .rodata._ZZL15default_consolevE14console_pinmap
                0x00006440       0x18 /home/phatt/University/apps/lcd-1-prep/apps-workspace.mcu/empty-mbed-os/mbed-os/lib/libmbed-os.a(mbed_retarget.o)
 .rodata.info.1
                0x00006458        0x8 /home/phatt/University/apps/lcd-1-prep/apps-workspace.mcu/empty-mbed-os/mbed-os/lib/libmbed-os.a(us_ticker.o)
 .rodata.serial_init_direct.str1.1
                0x00006460       0x74 /home/phatt/University/apps/lcd-1-prep/apps-workspace.mcu/empty-mbed-os/mbed-os/lib/libmbed-os.a(serial_api.o)
 .rodata.uart_clocks
                0x000064d4        0x6 /home/phatt/University/apps/lcd-1-prep/apps-workspace.mcu/empty-mbed-os/mbed-os/lib/libmbed-os.a(serial_api.o)
 *fill*         0x000064da        0x2 
 .rodata.uart_addrs
                0x000064dc       0x18 /home/phatt/University/apps/lcd-1-prep/apps-workspace.mcu/empty-mbed-os/mbed-os/lib/libmbed-os.a(serial_api.o)
 .rodata.gpio_set.str1.1
                0x000064f4       0x49 /home/phatt/University/apps/lcd-1-prep/apps-workspace.mcu/empty-mbed-os/mbed-os/lib/libmbed-os.a(gpio_api.o)
                                 0x5c (size before relaxing)
 .rodata.gpio_dir.str1.1
                0x0000653d       0x18 /home/phatt/University/apps/lcd-1-prep/apps-workspace.mcu/empty-mbed-os/mbed-os/lib/libmbed-os.a(gpio_api.o)
 *fill*         0x00006555        0x3 
 .rodata.gpio_addrs
                0x00006558       0x14 /home/phatt/University/apps/lcd-1-prep/apps-workspace.mcu/empty-mbed-os/mbed-os/lib/libmbed-os.a(gpio_api.o)
 .rodata.pin_function.str1.1
                0x0000656c       0x47 /home/phatt/University/apps/lcd-1-prep/apps-workspace.mcu/empty-mbed-os/mbed-os/lib/libmbed-os.a(pinmap.o)
                                 0x5a (size before relaxing)
 *fill*         0x000065b3        0x1 
 .rodata.port_addrs
                0x000065b4       0x14 /home/phatt/University/apps/lcd-1-prep/apps-workspace.mcu/empty-mbed-os/mbed-os/lib/libmbed-os.a(pinmap.o)
 .rodata.hal_critical_section_exit.str1.1
                0x000065c8       0x4b /home/phatt/University/apps/lcd-1-prep/apps-workspace.mcu/empty-mbed-os/mbed-os/lib/libmbed-os.a(mbed_critical_section_api.o)
 .rodata.mbed_error_vprintf.str1.1
                0x00006613        0x5 /home/phatt/University/apps/lcd-1-prep/apps-workspace.mcu/empty-mbed-os/mbed-os/lib/libmbed-os.a(mbed_board.o)
 .rodata.CSWTCH.21
                0x00006618       0x2f /home/phatt/University/apps/lcd-1-prep/apps-workspace.mcu/empty-mbed-os/mbed-os/lib/libmbed-os.a(mbed_printf_implementation.o)
 .rodata.int2hex_upper.0
                0x00006647       0x10 /home/phatt/University/apps/lcd-1-prep/apps-workspace.mcu/empty-mbed-os/mbed-os/lib/libmbed-os.a(mbed_printf_implementation.o)
 .rodata.int2hex_lower.1
                0x00006657       0x10 /home/phatt/University/apps/lcd-1-prep/apps-workspace.mcu/empty-mbed-os/mbed-os/lib/libmbed-os.a(mbed_printf_implementation.o)
 .rodata.CLOCK_GetMcgExtClkFreq.str1.1
                0x00006667       0x77 /home/phatt/University/apps/lcd-1-prep/apps-workspace.mcu/empty-mbed-os/mbed-os/lib/libmbed-os.a(fsl_clock.o)
 .rodata.CLOCK_GetPll0Freq.str1.1
                0x000066de        0xb /home/phatt/University/apps/lcd-1-prep/apps-workspace.mcu/empty-mbed-os/mbed-os/lib/libmbed-os.a(fsl_clock.o)
 .rodata.__func__.4
                0x000066e9       0x12 /home/phatt/University/apps/lcd-1-prep/apps-workspace.mcu/empty-mbed-os/mbed-os/lib/libmbed-os.a(fsl_clock.o)
 *fill*         0x000066fb        0x1 
 .rodata.fllFactorTable.5
                0x000066fc       0x10 /home/phatt/University/apps/lcd-1-prep/apps-workspace.mcu/empty-mbed-os/mbed-os/lib/libmbed-os.a(fsl_clock.o)
 .rodata.__func__.6
                0x0000670c       0x17 /home/phatt/University/apps/lcd-1-prep/apps-workspace.mcu/empty-mbed-os/mbed-os/lib/libmbed-os.a(fsl_clock.o)
 .rodata.__func__.7
                0x00006723       0x16 /home/phatt/University/apps/lcd-1-prep/apps-workspace.mcu/empty-mbed-os/mbed-os/lib/libmbed-os.a(fsl_clock.o)
 .rodata.__func__.8
                0x00006739       0x17 /home/phatt/University/apps/lcd-1-prep/apps-workspace.mcu/empty-mbed-os/mbed-os/lib/libmbed-os.a(fsl_clock.o)
 .rodata.EDMA_GetInstance.str1.1
                0x00006750       0x83 /home/phatt/University/apps/lcd-1-prep/apps-workspace.mcu/empty-mbed-os/mbed-os/lib/libmbed-os.a(fsl_edma.o)
 .rodata.EDMA_CreateHandle.str1.1
                0x000067d3        0xf /home/phatt/University/apps/lcd-1-prep/apps-workspace.mcu/empty-mbed-os/mbed-os/lib/libmbed-os.a(fsl_edma.o)
 .rodata.__func__.0
                0x000067e2        0xf /home/phatt/University/apps/lcd-1-prep/apps-workspace.mcu/empty-mbed-os/mbed-os/lib/libmbed-os.a(fsl_edma.o)
 .rodata.PIT_GetInstance.isra.0.str1.1
                0x000067f1       0x81 /home/phatt/University/apps/lcd-1-prep/apps-workspace.mcu/empty-mbed-os/mbed-os/lib/libmbed-os.a(fsl_pit.o)
 .rodata.PIT_Init.str1.1
                0x00006872        0x7 /home/phatt/University/apps/lcd-1-prep/apps-workspace.mcu/empty-mbed-os/mbed-os/lib/libmbed-os.a(fsl_pit.o)
 .rodata.__func__.0
                0x00006879       0x10 /home/phatt/University/apps/lcd-1-prep/apps-workspace.mcu/empty-mbed-os/mbed-os/lib/libmbed-os.a(fsl_pit.o)
 .rodata.__func__.1
                0x00006889        0x9 /home/phatt/University/apps/lcd-1-prep/apps-workspace.mcu/empty-mbed-os/mbed-os/lib/libmbed-os.a(fsl_pit.o)
 .rodata.UART_TransferGetRxRingBufferLength.str1.1
                0x00006892       0x64 /home/phatt/University/apps/lcd-1-prep/apps-workspace.mcu/empty-mbed-os/mbed-os/lib/libmbed-os.a(fsl_uart.o)
 .rodata.UART_GetInstance.str1.1
                0x000068f6       0x1a /home/phatt/University/apps/lcd-1-prep/apps-workspace.mcu/empty-mbed-os/mbed-os/lib/libmbed-os.a(fsl_uart.o)
 .rodata.UART_Init.str1.1
                0x00006910       0x8f /home/phatt/University/apps/lcd-1-prep/apps-workspace.mcu/empty-mbed-os/mbed-os/lib/libmbed-os.a(fsl_uart.o)
                                 0x96 (size before relaxing)
 .rodata.UART_SetBaudRate.str1.1
                0x0000699f       0x8f /home/phatt/University/apps/lcd-1-prep/apps-workspace.mcu/empty-mbed-os/mbed-os/lib/libmbed-os.a(fsl_uart.o)
                                  0xd (size before relaxing)
 .rodata.__func__.15
                0x0000699f       0x11 /home/phatt/University/apps/lcd-1-prep/apps-workspace.mcu/empty-mbed-os/mbed-os/lib/libmbed-os.a(fsl_uart.o)
 .rodata.__func__.16
                0x000069b0       0x16 /home/phatt/University/apps/lcd-1-prep/apps-workspace.mcu/empty-mbed-os/mbed-os/lib/libmbed-os.a(fsl_uart.o)
 .rodata.__func__.17
                0x000069c6        0xa /home/phatt/University/apps/lcd-1-prep/apps-workspace.mcu/empty-mbed-os/mbed-os/lib/libmbed-os.a(fsl_uart.o)
 .rodata.__func__.18
                0x000069d0       0x11 /home/phatt/University/apps/lcd-1-prep/apps-workspace.mcu/empty-mbed-os/mbed-os/lib/libmbed-os.a(fsl_uart.o)
 *fill*         0x000069e1        0x3 
 .rodata.s_uartClock
                0x000069e4       0x18 /home/phatt/University/apps/lcd-1-prep/apps-workspace.mcu/empty-mbed-os/mbed-os/lib/libmbed-os.a(fsl_uart.o)
 .rodata.__assert_func.str1.4
                0x000069fc       0x3f /usr/local/mcuxpressoide-11.9.0_2144/ide/plugins/com.nxp.mcuxpresso.tools.linux_11.9.0.202307121226/tools/bin/../lib/gcc/arm-none-eabi/12.3.1/../../../../arm-none-eabi/lib/thumb/v7e-m+fp/softfp/libc.a(libc_a-assert.o)
                                 0x43 (size before relaxing)
 *fill*         0x00006a3b        0x1 
 .rodata._vfiprintf_r.str1.4
                0x00006a3c       0x2f /usr/local/mcuxpressoide-11.9.0_2144/ide/plugins/com.nxp.mcuxpresso.tools.linux_11.9.0.202307121226/tools/bin/../lib/gcc/arm-none-eabi/12.3.1/../../../../arm-none-eabi/lib/thumb/v7e-m+fp/softfp/libc.a(libc_a-vfiprintf.o)
 *fill*         0x00006a6b        0x1 
 .rodata.zeroes.0
                0x00006a6c       0x10 /usr/local/mcuxpressoide-11.9.0_2144/ide/plugins/com.nxp.mcuxpresso.tools.linux_11.9.0.202307121226/tools/bin/../lib/gcc/arm-none-eabi/12.3.1/../../../../arm-none-eabi/lib/thumb/v7e-m+fp/softfp/libc.a(libc_a-vfiprintf.o)
 .rodata.blanks.1
                0x00006a7c       0x10 /usr/local/mcuxpressoide-11.9.0_2144/ide/plugins/com.nxp.mcuxpresso.tools.linux_11.9.0.202307121226/tools/bin/../lib/gcc/arm-none-eabi/12.3.1/../../../../arm-none-eabi/lib/thumb/v7e-m+fp/softfp/libc.a(libc_a-vfiprintf.o)
 .rodata.str1.4
                0x00006a8c       0x48 /usr/local/mcuxpressoide-11.9.0_2144/ide/plugins/com.nxp.mcuxpresso.tools.linux_11.9.0.202307121226/tools/bin/../lib/gcc/arm-none-eabi/12.3.1/../../../../arm-none-eabi/lib/thumb/v7e-m+fp/softfp/libc.a(libc_a-locale.o)
                                 0x4c (size before relaxing)
 .rodata._ctype_
                0x00006ad4      0x101 /usr/local/mcuxpressoide-11.9.0_2144/ide/plugins/com.nxp.mcuxpresso.tools.linux_11.9.0.202307121226/tools/bin/../lib/gcc/arm-none-eabi/12.3.1/../../../../arm-none-eabi/lib/thumb/v7e-m+fp/softfp/libc.a(libc_a-ctype_.o)
                0x00006ad4                _ctype_
 *(.glue_7)
 .glue_7        0x00006bd5        0x0 linker stubs
 *(.glue_7t)
 .glue_7t       0x00006bd5        0x0 linker stubs
 *(.eh_frame)
 *fill*         0x00006bd5        0x3 
 .eh_frame      0x00006bd8        0x0 /usr/local/mcuxpressoide-11.9.0_2144/ide/plugins/com.nxp.mcuxpresso.tools.linux_11.9.0.202307121226/tools/bin/../lib/gcc/arm-none-eabi/12.3.1/thumb/v7e-m+fp/softfp/crtbegin.o
 *(.init)
 .init          0x00006bd8        0x4 /usr/local/mcuxpressoide-11.9.0_2144/ide/plugins/com.nxp.mcuxpresso.tools.linux_11.9.0.202307121226/tools/bin/../lib/gcc/arm-none-eabi/12.3.1/thumb/v7e-m+fp/softfp/crti.o
                0x00006bd8                _init
 .init          0x00006bdc        0x8 /usr/local/mcuxpressoide-11.9.0_2144/ide/plugins/com.nxp.mcuxpresso.tools.linux_11.9.0.202307121226/tools/bin/../lib/gcc/arm-none-eabi/12.3.1/thumb/v7e-m+fp/softfp/crtn.o
 *(.fini)
 .fini          0x00006be4        0x4 /usr/local/mcuxpressoide-11.9.0_2144/ide/plugins/com.nxp.mcuxpresso.tools.linux_11.9.0.202307121226/tools/bin/../lib/gcc/arm-none-eabi/12.3.1/thumb/v7e-m+fp/softfp/crti.o
                0x00006be4                _fini
 .fini          0x00006be8        0x8 /usr/local/mcuxpressoide-11.9.0_2144/ide/plugins/com.nxp.mcuxpresso.tools.linux_11.9.0.202307121226/tools/bin/../lib/gcc/arm-none-eabi/12.3.1/thumb/v7e-m+fp/softfp/crtn.o
                0x00006bf0                        . = ALIGN (0x8)

.vfp11_veneer   0x00006bf0        0x0
 .vfp11_veneer  0x00006bf0        0x0 linker stubs

.v4_bx          0x00006bf0        0x0
 .v4_bx         0x00006bf0        0x0 linker stubs

.iplt           0x00006bf0        0x0
 .iplt          0x00006bf0        0x0 /usr/local/mcuxpressoide-11.9.0_2144/ide/plugins/com.nxp.mcuxpresso.tools.linux_11.9.0.202307121226/tools/bin/../lib/gcc/arm-none-eabi/12.3.1/thumb/v7e-m+fp/softfp/crtbegin.o

.ARM.extab
 *(.ARM.extab* .gnu.linkonce.armextab.*)

.ARM            0x00006bf0        0x8
                0x00006bf0                        __exidx_start = .
 *(.ARM.exidx*)
 .ARM.exidx     0x00006bf0        0x8 /usr/local/mcuxpressoide-11.9.0_2144/ide/plugins/com.nxp.mcuxpresso.tools.linux_11.9.0.202307121226/tools/bin/../lib/gcc/arm-none-eabi/12.3.1/../../../../arm-none-eabi/lib/thumb/v7e-m+fp/softfp/crt0.o
                                 0x10 (size before relaxing)
 .ARM.exidx     0x00006bf8        0x0 /usr/local/mcuxpressoide-11.9.0_2144/ide/plugins/com.nxp.mcuxpresso.tools.linux_11.9.0.202307121226/tools/bin/../lib/gcc/arm-none-eabi/12.3.1/../../../../arm-none-eabi/lib/thumb/v7e-m+fp/softfp/libc.a(libc_a-memcpy.o)
                                  0x8 (size before relaxing)
 .ARM.exidx     0x00006bf8        0x0 /usr/local/mcuxpressoide-11.9.0_2144/ide/plugins/com.nxp.mcuxpresso.tools.linux_11.9.0.202307121226/tools/bin/../lib/gcc/arm-none-eabi/12.3.1/../../../../arm-none-eabi/lib/thumb/v7e-m+fp/softfp/libc.a(libc_a-strlen.o)
                                  0x8 (size before relaxing)
 .ARM.exidx     0x00006bf8        0x0 /usr/local/mcuxpressoide-11.9.0_2144/ide/plugins/com.nxp.mcuxpresso.tools.linux_11.9.0.202307121226/tools/bin/../lib/gcc/arm-none-eabi/12.3.1/../../../../arm-none-eabi/lib/thumb/v7e-m+fp/softfp/libc.a(libc_a-memchr.o)
                                  0x8 (size before relaxing)
 .ARM.exidx.text.__udivmoddi4
                0x00006bf8        0x0 /usr/local/mcuxpressoide-11.9.0_2144/ide/plugins/com.nxp.mcuxpresso.tools.linux_11.9.0.202307121226/tools/bin/../lib/gcc/arm-none-eabi/12.3.1/thumb/v7e-m+fp/softfp/libgcc.a(_udivmoddi4.o)
                                  0x8 (size before relaxing)
                0x00006bf8                        __exidx_end = .

.rel.dyn        0x00006bf8        0x0
 .rel.iplt      0x00006bf8        0x0 /usr/local/mcuxpressoide-11.9.0_2144/ide/plugins/com.nxp.mcuxpresso.tools.linux_11.9.0.202307121226/tools/bin/../lib/gcc/arm-none-eabi/12.3.1/thumb/v7e-m+fp/softfp/crtbegin.o

.ctors          0x00006bf8        0x0
                0x00006bf8                        __CTOR_LIST__ = .
 *crtbegin.o(.ctors)
 *crtbegin?.o(.ctors)
 *(EXCLUDE_FILE(*crtend.o *crtend?.o) .ctors)
 *(SORT_BY_NAME(.ctors.*))
 *(.ctors)
                0x00006bf8                        __CTOR_END__ = .

.dtors          0x00006bf8        0x0
                0x00006bf8                        __DTOR_LIST__ = .
 *crtbegin.o(.dtors)
 *crtbegin?.o(.dtors)
 *(EXCLUDE_FILE(*crtend.o *crtend?.o) .dtors)
 *(SORT_BY_NAME(.dtors.*))
 *(.dtors)
                0x00006bf8                        __DTOR_END__ = .

.preinit_array  0x00006bf8        0x0
                0x00006bf8                        PROVIDE (__preinit_array_start = .)
 *(.preinit_array*)
                0x00006bf8                        PROVIDE (__preinit_array_end = .)

.init_array     0x00006bf8        0x8
                0x00006bf8                        PROVIDE (__init_array_start = .)
 *(SORT_BY_NAME(.init_array.*))
 *(.init_array*)
 .init_array    0x00006bf8        0x4 /usr/local/mcuxpressoide-11.9.0_2144/ide/plugins/com.nxp.mcuxpresso.tools.linux_11.9.0.202307121226/tools/bin/../lib/gcc/arm-none-eabi/12.3.1/thumb/v7e-m+fp/softfp/crtbegin.o
 .init_array    0x00006bfc        0x4 ./main-empty.o
                0x00006c00                        PROVIDE (__init_array_end = .)

.fini_array     0x00006c00        0x4
                [!provide]                        PROVIDE (__fini_array_start = .)
 *(SORT_BY_NAME(.fini_array.*))
 *(.fini_array*)
 .fini_array    0x00006c00        0x4 /usr/local/mcuxpressoide-11.9.0_2144/ide/plugins/com.nxp.mcuxpresso.tools.linux_11.9.0.202307121226/tools/bin/../lib/gcc/arm-none-eabi/12.3.1/thumb/v7e-m+fp/softfp/crtbegin.o