Archive member included to satisfy reference by file (symbol)

/home/phatt/University/apps/lcd-1-prep/apps-workspace.mcu/i2c/mbed-os/lib/libmbed-os.a(DigitalInOut.o)
                              ./i2c-lib.o (mbed::DigitalInOut::output())
/home/phatt/University/apps/lcd-1-prep/apps-workspace.mcu/i2c/mbed-os/lib/libmbed-os.a(mbed_compat.o)
                              ./main-i2c.o (gpio_free)
/home/phatt/University/apps/lcd-1-prep/apps-workspace.mcu/i2c/mbed-os/lib/libmbed-os.a(mbed_gpio.o)
                              ./main-i2c.o (gpio_init_in)
/home/phatt/University/apps/lcd-1-prep/apps-workspace.mcu/i2c/mbed-os/lib/libmbed-os.a(mbed_us_ticker_api.o)
                              ./i2c-lib.o (_us_ticker_initialized)
/home/phatt/University/apps/lcd-1-prep/apps-workspace.mcu/i2c/mbed-os/lib/libmbed-os.a(mbed_ticker_api.o)
                              /home/phatt/University/apps/lcd-1-prep/apps-workspace.mcu/i2c/mbed-os/lib/libmbed-os.a(mbed_us_ticker_api.o) (ticker_irq_handler)
/home/phatt/University/apps/lcd-1-prep/apps-workspace.mcu/i2c/mbed-os/lib/libmbed-os.a(mbed_assert.o)
                              /home/phatt/University/apps/lcd-1-prep/apps-workspace.mcu/i2c/mbed-os/lib/libmbed-os.a(mbed_ticker_api.o) (mbed_assert_internal)
/home/phatt/University/apps/lcd-1-prep/apps-workspace.mcu/i2c/mbed-os/lib/libmbed-os.a(mbed_critical.o)
                              /home/phatt/University/apps/lcd-1-prep/apps-workspace.mcu/i2c/mbed-os/lib/libmbed-os.a(DigitalInOut.o) (core_util_critical_section_enter)
/home/phatt/University/apps/lcd-1-prep/apps-workspace.mcu/i2c/mbed-os/lib/libmbed-os.a(mbed_error.o)
                              /home/phatt/University/apps/lcd-1-prep/apps-workspace.mcu/i2c/mbed-os/lib/libmbed-os.a(mbed_ticker_api.o) (mbed_error)
/home/phatt/University/apps/lcd-1-prep/apps-workspace.mcu/i2c/mbed-os/lib/libmbed-os.a(mbed_sdk_boot.o)
                              /usr/local/mcuxpressoide-11.9.0_2144/ide/plugins/com.nxp.mcuxpresso.tools.linux_11.9.0.202307121226/tools/bin/../lib/gcc/arm-none-eabi/12.3.1/../../../../arm-none-eabi/lib/thumb/v7e-m+fp/softfp/crt0.o (__wrap_main)
/home/phatt/University/apps/lcd-1-prep/apps-workspace.mcu/i2c/mbed-os/lib/libmbed-os.a(mbed_wait_api_no_rtos.o)
                              ./i2c-lib.o (_wait_us_ticks)
/home/phatt/University/apps/lcd-1-prep/apps-workspace.mcu/i2c/mbed-os/lib/libmbed-os.a(mbed_printf_wrapper.o)
                              ./main-i2c.o (__wrap_printf)
/home/phatt/University/apps/lcd-1-prep/apps-workspace.mcu/i2c/mbed-os/lib/libmbed-os.a(mbed_retarget.o)
                              /usr/local/mcuxpressoide-11.9.0_2144/ide/plugins/com.nxp.mcuxpresso.tools.linux_11.9.0.202307121226/tools/bin/../lib/gcc/arm-none-eabi/12.3.1/../../../../arm-none-eabi/lib/thumb/v7e-m+fp/softfp/crt0.o (__wrap_exit)
/home/phatt/University/apps/lcd-1-prep/apps-workspace.mcu/i2c/mbed-os/lib/libmbed-os.a(startup_MK64F12.o)
                              (Reset_Handler)
/home/phatt/University/apps/lcd-1-prep/apps-workspace.mcu/i2c/mbed-os/lib/libmbed-os.a(system_MK64F12.o)
                              /home/phatt/University/apps/lcd-1-prep/apps-workspace.mcu/i2c/mbed-os/lib/libmbed-os.a(startup_MK64F12.o) (SystemInit)
/home/phatt/University/apps/lcd-1-prep/apps-workspace.mcu/i2c/mbed-os/lib/libmbed-os.a(us_ticker.o)
                              /home/phatt/University/apps/lcd-1-prep/apps-workspace.mcu/i2c/mbed-os/lib/libmbed-os.a(mbed_us_ticker_api.o) (us_ticker_init)
/home/phatt/University/apps/lcd-1-prep/apps-workspace.mcu/i2c/mbed-os/lib/libmbed-os.a(spi_api.o)
                              /home/phatt/University/apps/lcd-1-prep/apps-workspace.mcu/i2c/mbed-os/lib/libmbed-os.a(mbed_compat.o) (spi_master_cs_pinmap)
/home/phatt/University/apps/lcd-1-prep/apps-workspace.mcu/i2c/mbed-os/lib/libmbed-os.a(serial_api.o)
                              /home/phatt/University/apps/lcd-1-prep/apps-workspace.mcu/i2c/mbed-os/lib/libmbed-os.a(mbed_retarget.o) (serial_init_direct)
/home/phatt/University/apps/lcd-1-prep/apps-workspace.mcu/i2c/mbed-os/lib/libmbed-os.a(dma_api.o)
                              /home/phatt/University/apps/lcd-1-prep/apps-workspace.mcu/i2c/mbed-os/lib/libmbed-os.a(spi_api.o) (dma_init)
/home/phatt/University/apps/lcd-1-prep/apps-workspace.mcu/i2c/mbed-os/lib/libmbed-os.a(gpio_api.o)
                              /home/phatt/University/apps/lcd-1-prep/apps-workspace.mcu/i2c/mbed-os/lib/libmbed-os.a(mbed_gpio.o) (gpio_init)
/home/phatt/University/apps/lcd-1-prep/apps-workspace.mcu/i2c/mbed-os/lib/libmbed-os.a(pinmap.o)
                              /home/phatt/University/apps/lcd-1-prep/apps-workspace.mcu/i2c/mbed-os/lib/libmbed-os.a(spi_api.o) (pin_function)
/home/phatt/University/apps/lcd-1-prep/apps-workspace.mcu/i2c/mbed-os/lib/libmbed-os.a(MbedCRC.o)
                              /home/phatt/University/apps/lcd-1-prep/apps-workspace.mcu/i2c/mbed-os/lib/libmbed-os.a(mbed_error.o) (mbed_tiny_compute_crc32)
[...]
Memory Configuration

Name             Origin             Length             Attributes
m_interrupts     0x00000000         0x00000400         xr
m_flash_config   0x00000400         0x00000010         xr
m_text           0x00000410         0x000ffbf0         xr
m_data           0x1fff0000         0x00010000         rw
m_data_2         0x20000000         0x00030000         rw
*default*        0x00000000         0xffffffff

Linker script and memory map

LOAD /usr/local/mcuxpressoide-11.9.0_2144/ide/plugins/com.nxp.mcuxpresso.tools.linux_11.9.0.202307121226/tools/bin/../lib/gcc/arm-none-eabi/12.3.1/thumb/v7e-m+fp/softfp/crti.o
LOAD /usr/local/mcuxpressoide-11.9.0_2144/ide/plugins/com.nxp.mcuxpresso.tools.linux_11.9.0.202307121226/tools/bin/../lib/gcc/arm-none-eabi/12.3.1/thumb/v7e-m+fp/softfp/crtbegin.o
LOAD /usr/local/mcuxpressoide-11.9.0_2144/ide/plugins/com.nxp.mcuxpresso.tools.linux_11.9.0.202307121226/tools/bin/../lib/gcc/arm-none-eabi/12.3.1/../../../../arm-none-eabi/lib/thumb/v7e-m+fp/softfp/crt0.o
LOAD ./mbed-os/symbols.o
LOAD ./i2c-lib.o
LOAD ./main-i2c.o
LOAD ./si4735-lib.o
START GROUP
LOAD /usr/local/mcuxpressoide-11.9.0_2144/ide/plugins/com.nxp.mcuxpresso.tools.linux_11.9.0.202307121226/tools/bin/../lib/gcc/arm-none-eabi/12.3.1/../../../../arm-none-eabi/lib/thumb/v7e-m+fp/softfp/libstdc++.a
LOAD /usr/local/mcuxpressoide-11.9.0_2144/ide/plugins/com.nxp.mcuxpresso.tools.linux_11.9.0.202307121226/tools/bin/../lib/gcc/arm-none-eabi/12.3.1/../../../../arm-none-eabi/lib/thumb/v7e-m+fp/softfp/libsupc++.a
LOAD /usr/local/mcuxpressoide-11.9.0_2144/ide/plugins/com.nxp.mcuxpresso.tools.linux_11.9.0.202307121226/tools/bin/../lib/gcc/arm-none-eabi/12.3.1/thumb/v7e-m+fp/softfp/libgcc.a
LOAD /usr/local/mcuxpressoide-11.9.0_2144/ide/plugins/com.nxp.mcuxpresso.tools.linux_11.9.0.202307121226/tools/bin/../lib/gcc/arm-none-eabi/12.3.1/../../../../arm-none-eabi/lib/thumb/v7e-m+fp/softfp/libnosys.a
LOAD /home/phatt/University/apps/lcd-1-prep/apps-workspace.mcu/i2c/mbed-os/lib/libmbed-os.a
END GROUP
LOAD /home/phatt/University/apps/lcd-1-prep/apps-workspace.mcu/i2c/mbed-os/lib/libmbed-os.a
LOAD /usr/local/mcuxpressoide-11.9.0_2144/ide/plugins/com.nxp.mcuxpresso.tools.linux_11.9.0.202307121226/tools/bin/../lib/gcc/arm-none-eabi/12.3.1/../../../../arm-none-eabi/lib/thumb/v7e-m+fp/softfp/libstdc++.a
LOAD /usr/local/mcuxpressoide-11.9.0_2144/ide/plugins/com.nxp.mcuxpresso.tools.linux_11.9.0.202307121226/tools/bin/../lib/gcc/arm-none-eabi/12.3.1/../../../../arm-none-eabi/lib/thumb/v7e-m+fp/softfp/libsupc++.a
LOAD /usr/local/mcuxpressoide-11.9.0_2144/ide/plugins/com.nxp.mcuxpresso.tools.linux_11.9.0.202307121226/tools/bin/../lib/gcc/arm-none-eabi/12.3.1/../../../../arm-none-eabi/lib/thumb/v7e-m+fp/softfp/libm.a
LOAD /usr/local/mcuxpressoide-11.9.0_2144/ide/plugins/com.nxp.mcuxpresso.tools.linux_11.9.0.202307121226/tools/bin/../lib/gcc/arm-none-eabi/12.3.1/../../../../arm-none-eabi/lib/thumb/v7e-m+fp/softfp/libc.a
LOAD /usr/local/mcuxpressoide-11.9.0_2144/ide/plugins/com.nxp.mcuxpresso.tools.linux_11.9.0.202307121226/tools/bin/../lib/gcc/arm-none-eabi/12.3.1/thumb/v7e-m+fp/softfp/libgcc.a
LOAD /usr/local/mcuxpressoide-11.9.0_2144/ide/plugins/com.nxp.mcuxpresso.tools.linux_11.9.0.202307121226/tools/bin/../lib/gcc/arm-none-eabi/12.3.1/../../../../arm-none-eabi/lib/thumb/v7e-m+fp/softfp/libnosys.a
LOAD /usr/local/mcuxpressoide-11.9.0_2144/ide/plugins/com.nxp.mcuxpresso.tools.linux_11.9.0.202307121226/tools/bin/../lib/gcc/arm-none-eabi/12.3.1/../../../../arm-none-eabi/lib/thumb/v7e-m+fp/softfp/libstdc++.a
LOAD /usr/local/mcuxpressoide-11.9.0_2144/ide/plugins/com.nxp.mcuxpresso.tools.linux_11.9.0.202307121226/tools/bin/../lib/gcc/arm-none-eabi/12.3.1/../../../../arm-none-eabi/lib/thumb/v7e-m+fp/softfp/libm.a
LOAD /usr/local/mcuxpressoide-11.9.0_2144/ide/plugins/com.nxp.mcuxpresso.tools.linux_11.9.0.202307121226/tools/bin/../lib/gcc/arm-none-eabi/12.3.1/../../../../arm-none-eabi/lib/thumb/v7e-m+fp/softfp/libc.a
START GROUP
LOAD /usr/local/mcuxpressoide-11.9.0_2144/ide/plugins/com.nxp.mcuxpresso.tools.linux_11.9.0.202307121226/tools/bin/../lib/gcc/arm-none-eabi/12.3.1/thumb/v7e-m+fp/softfp/libgcc.a
LOAD /usr/local/mcuxpressoide-11.9.0_2144/ide/plugins/com.nxp.mcuxpresso.tools.linux_11.9.0.202307121226/tools/bin/../lib/gcc/arm-none-eabi/12.3.1/../../../../arm-none-eabi/lib/thumb/v7e-m+fp/softfp/libc.a
END GROUP
LOAD /usr/local/mcuxpressoide-11.9.0_2144/ide/plugins/com.nxp.mcuxpresso.tools.linux_11.9.0.202307121226/tools/bin/../lib/gcc/arm-none-eabi/12.3.1/thumb/v7e-m+fp/softfp/crtend.o
LOAD /usr/local/mcuxpressoide-11.9.0_2144/ide/plugins/com.nxp.mcuxpresso.tools.linux_11.9.0.202307121226/tools/bin/../lib/gcc/arm-none-eabi/12.3.1/thumb/v7e-m+fp/softfp/crtn.o
                0x00000001                        __ram_vector_table__ = 0x1
                0x00000400                        __stack_size__ = 0x400
                0x00000400                        STACK_SIZE = DEFINED (__stack_size__)?__stack_size__:0x400
                0x00000400                        M_VECTOR_RAM_SIZE = DEFINED (__ram_vector_table__)?0x400:0x0
                0x00000100                        M_CRASH_DATA_RAM_SIZE = 0x100

.interrupts     0x00000000      0x400
                0x00000000                        __VECTOR_TABLE = .
                0x00000000                        . = ALIGN (0x8)
 *(.isr_vector)
 .isr_vector    0x00000000      0x400 /home/phatt/University/apps/lcd-1-prep/apps-workspace.mcu/i2c/mbed-os/lib/libmbed-os.a(startup_MK64F12.o)
                0x00000000                __isr_vector
                0x00000400                        . = ALIGN (0x8)

.flash_config   0x00000400       0x10
                0x00000400                        . = ALIGN (0x8)
 *(.FlashConfig)
 .FlashConfig   0x00000400       0x10 /home/phatt/University/apps/lcd-1-prep/apps-workspace.mcu/i2c/mbed-os/lib/libmbed-os.a(startup_MK64F12.o)
                0x00000410                        . = ALIGN (0x8)

.text           0x00000440     0x78d8
                0x00000440                        . = ALIGN (0x8)
 *(.text)
 .text          0x00000440       0x7c /usr/local/mcuxpressoide-11.9.0_2144/ide/plugins/com.nxp.mcuxpresso.tools.linux_11.9.0.202307121226/tools/bin/../lib/gcc/arm-none-eabi/12.3.1/../../../../arm-none-eabi/lib/thumb/v7e-m+fp/softfp/crt0.o
                0x00000440                _stack_init
                0x00000448                _mainCRTStartup
                0x00000448                _start
 .text          0x000004bc      0x1e4 /home/phatt/University/apps/lcd-1-prep/apps-workspace.mcu/i2c/mbed-os/lib/libmbed-os.a(startup_MK64F12.o)
                0x000004bc                Reset_Handler
                0x00000500                DebugMon_Handler
                0x00000500                DMA_Error_DriverIRQHandler
                0x00000500                SDHC_DriverIRQHandler
                0x00000500                PIT0_IRQHandler
                0x00000500                CMP2_IRQHandler
                0x00000500                LLWU_IRQHandler
                0x00000500                I2S0_Tx_DriverIRQHandler
                0x00000500                ENET_1588_Timer_DriverIRQHandler
                0x00000500                I2C2_DriverIRQHandler
                0x00000500                SWI_IRQHandler
                0x00000500                ADC0_IRQHandler
                0x00000500                UsageFault_Handler
                0x00000500                CMT_IRQHandler
                0x00000500                DefaultISR
                0x00000500                UART5_ERR_DriverIRQHandler
                0x00000500                CMP1_IRQHandler
                0x00000500                Reserved71_IRQHandler
                0x00000500                PORTD_IRQHandler
                0x00000500                PORTB_IRQHandler
                0x00000500                UART2_ERR_DriverIRQHandler
                0x00000500                ADC1_IRQHandler
                0x00000500                PIT2_IRQHandler
                0x00000500                RTC_IRQHandler
                0x00000500                UART3_ERR_DriverIRQHandler
                0x00000500                PDB0_IRQHandler
                0x00000500                FTM1_IRQHandler
                0x00000500                PIT3_IRQHandler
                0x00000500                RTC_Seconds_IRQHandler
                0x00000500                MCG_IRQHandler
                0x00000500                FTFE_IRQHandler
                0x00000500                UART0_ERR_DriverIRQHandler
                0x00000500                Read_Collision_IRQHandler
                0x00000500                USBDCD_IRQHandler
                0x00000500                I2S0_Rx_DriverIRQHandler
                0x00000500                USB0_IRQHandler
                0x00000500                UART4_ERR_DriverIRQHandler
                0x00000500                WDOG_EWM_IRQHandler
                0x00000500                MemManage_Handler
                0x00000500                UART0_LON_DriverIRQHandler
                0x00000500                RNG_IRQHandler
                0x00000500                I2C1_DriverIRQHandler
                0x00000500                ENET_Receive_DriverIRQHandler
                0x00000500                DAC0_IRQHandler
                0x00000500                ENET_Error_DriverIRQHandler
                0x00000500                PIT1_IRQHandler
                0x00000500                LVD_LVW_IRQHandler
                0x00000500                FTM0_IRQHandler
                0x00000500                PORTA_IRQHandler
                0x00000500                DAC1_IRQHandler
                0x00000500                MCM_IRQHandler
                0x00000500                CAN0_DriverIRQHandler
                0x00000500                FTM3_IRQHandler
                0x00000500                PORTE_IRQHandler
                0x00000500                FTM2_IRQHandler
                0x00000500                LPTMR0_IRQHandler
                0x00000500                BusFault_Handler
                0x00000500                UART1_ERR_DriverIRQHandler
                0x00000500                ENET_Transmit_DriverIRQHandler
                0x00000500                I2C0_DriverIRQHandler
                0x00000500                CMP0_IRQHandler
                0x00000500                PORTC_IRQHandler
                0x00000504                NMI_Handler
                0x00000508                HardFault_Handler
                0x0000050c                SVC_Handler
                0x00000510                PendSV_Handler
                0x00000514                SysTick_Handler
                0x00000518                DMA0_IRQHandler
                0x0000051c                DMA1_IRQHandler
                0x00000520                DMA2_IRQHandler
                0x00000524                DMA3_IRQHandler
                0x00000528                DMA4_IRQHandler
                0x0000052c                DMA5_IRQHandler
                0x00000530                DMA6_IRQHandler
                0x00000534                DMA7_IRQHandler
                0x00000538                DMA8_IRQHandler
                0x0000053c                DMA9_IRQHandler
                0x00000540                DMA10_IRQHandler
                0x00000544                DMA11_IRQHandler
                0x00000548                DMA12_IRQHandler
                0x0000054c                DMA13_IRQHandler
                0x00000550                DMA14_IRQHandler
                0x00000554                DMA15_IRQHandler
                0x00000558                DMA_Error_IRQHandler
                0x0000055c                I2C0_IRQHandler
                0x00000560                I2C1_IRQHandler
                0x00000564                SPI0_IRQHandler
                0x00000568                SPI1_IRQHandler
                0x0000056c                I2S0_Tx_IRQHandler
                0x00000570                I2S0_Rx_IRQHandler
                0x00000574                UART0_LON_IRQHandler
                0x00000578                UART0_RX_TX_IRQHandler
                0x0000057c                UART0_ERR_IRQHandler
                0x00000580                UART1_RX_TX_IRQHandler
                0x00000584                UART1_ERR_IRQHandler
                0x00000588                UART2_RX_TX_IRQHandler
                0x0000058c                UART2_ERR_IRQHandler
                0x00000590                UART3_RX_TX_IRQHandler
                0x00000594                UART3_ERR_IRQHandler
                0x00000598                SPI2_IRQHandler
                0x0000059c                UART4_RX_TX_IRQHandler
                0x000005a0                UART4_ERR_IRQHandler
                0x000005a4                UART5_RX_TX_IRQHandler
                0x000005a8                UART5_ERR_IRQHandler
                0x000005ac                I2C2_IRQHandler
                0x000005b0                CAN0_ORed_Message_buffer_IRQHandler
                0x000005b4                CAN0_Bus_Off_IRQHandler
                0x000005b8                CAN0_Error_IRQHandler
                0x000005bc                CAN0_Tx_Warning_IRQHandler
                0x000005c0                CAN0_Rx_Warning_IRQHandler
                0x000005c4                CAN0_Wake_Up_IRQHandler
                0x000005c8                SDHC_IRQHandler
                0x000005cc                ENET_1588_Timer_IRQHandler
                0x000005d0                ENET_Transmit_IRQHandler
                0x000005d4                ENET_Receive_IRQHandler
                0x000005d8                ENET_Error_IRQHandler
 .text          0x000006a0       0x30 /usr/local/mcuxpressoide-11.9.0_2144/ide/plugins/com.nxp.mcuxpresso.tools.linux_11.9.0.202307121226/tools/bin/../lib/gcc/arm-none-eabi/12.3.1/thumb/v7e-m+fp/softfp/libgcc.a(_aeabi_uldivmod.o)
                0x000006a0                __aeabi_uldivmod
 .text          0x000006d0        0x4 /usr/local/mcuxpressoide-11.9.0_2144/ide/plugins/com.nxp.mcuxpresso.tools.linux_11.9.0.202307121226/tools/bin/../lib/gcc/arm-none-eabi/12.3.1/thumb/v7e-m+fp/softfp/libgcc.a(_dvmd_tls.o)
                0x000006d0                __aeabi_ldiv0
                0x000006d0                __aeabi_idiv0
 .text          0x000006d4      0x134 /usr/local/mcuxpressoide-11.9.0_2144/ide/plugins/com.nxp.mcuxpresso.tools.linux_11.9.0.202307121226/tools/bin/../lib/gcc/arm-none-eabi/12.3.1/../../../../arm-none-eabi/lib/thumb/v7e-m+fp/softfp/libc.a(libc_a-memcpy.o)
                0x000006d4                memcpy
 *fill*         0x00000808       0x38 
 .text          0x00000840       0xd8 /usr/local/mcuxpressoide-11.9.0_2144/ide/plugins/com.nxp.mcuxpresso.tools.linux_11.9.0.202307121226/tools/bin/../lib/gcc/arm-none-eabi/12.3.1/../../../../arm-none-eabi/lib/thumb/v7e-m+fp/softfp/libc.a(libc_a-strlen.o)
                0x00000840                strlen
 *fill*         0x00000918        0x8 
 .text          0x00000920       0xa0 /usr/local/mcuxpressoide-11.9.0_2144/ide/plugins/com.nxp.mcuxpresso.tools.linux_11.9.0.202307121226/tools/bin/../lib/gcc/arm-none-eabi/12.3.1/../../../../arm-none-eabi/lib/thumb/v7e-m+fp/softfp/libc.a(libc_a-memchr.o)
                0x00000920                memchr
 *(.text*)
 .text.deregister_tm_clones
                0x000009c0       0x1c /usr/local/mcuxpressoide-11.9.0_2144/ide/plugins/com.nxp.mcuxpresso.tools.linux_11.9.0.202307121226/tools/bin/../lib/gcc/arm-none-eabi/12.3.1/thumb/v7e-m+fp/softfp/crtbegin.o
 .text.register_tm_clones
                0x000009dc       0x24 /usr/local/mcuxpressoide-11.9.0_2144/ide/plugins/com.nxp.mcuxpresso.tools.linux_11.9.0.202307121226/tools/bin/../lib/gcc/arm-none-eabi/12.3.1/thumb/v7e-m+fp/softfp/crtbegin.o
 .text.__do_global_dtors_aux
                0x00000a00       0x28 /usr/local/mcuxpressoide-11.9.0_2144/ide/plugins/com.nxp.mcuxpresso.tools.linux_11.9.0.202307121226/tools/bin/../lib/gcc/arm-none-eabi/12.3.1/thumb/v7e-m+fp/softfp/crtbegin.o
 .text.frame_dummy
                0x00000a28       0x24 /usr/local/mcuxpressoide-11.9.0_2144/ide/plugins/com.nxp.mcuxpresso.tools.linux_11.9.0.202307121226/tools/bin/../lib/gcc/arm-none-eabi/12.3.1/thumb/v7e-m+fp/softfp/crtbegin.o
 .text._getpid  0x00000a4c        0xc ./mbed-os/symbols.o
                0x00000a4c                _getpid
 .text._kill    0x00000a58        0xc ./mbed-os/symbols.o
                0x00000a58                _kill
 .text.__aeabi_atexit
                0x00000a64        0xc ./mbed-os/symbols.o
                0x00000a64                __aeabi_atexit
 .text._ZN4mbed12DigitalInOutC2E7PinName12PinDirection7PinModei
                0x00000a70       0x3e ./i2c-lib.o
                0x00000a70                mbed::DigitalInOut::DigitalInOut(PinName, PinDirection, PinMode, int)
                0x00000a70                mbed::DigitalInOut::DigitalInOut(PinName, PinDirection, PinMode, int)
 .text._ZN4mbed12DigitalInOut5writeEi
                0x00000aae       0x1a ./i2c-lib.o
                0x00000aae                mbed::DigitalInOut::write(int)
 .text._ZN4mbed12DigitalInOut4readEv
                0x00000ac8       0x18 ./i2c-lib.o
                0x00000ac8                mbed::DigitalInOut::read()
 .text._ZN4mbed12DigitalInOutaSEi
                0x00000ae0       0x1a ./i2c-lib.o
                0x00000ae0                mbed::DigitalInOut::operator=(int)
 .text._ZN4mbed12DigitalInOutcviEv
                0x00000afa       0x16 ./i2c-lib.o
                0x00000afa                mbed::DigitalInOut::operator int()
 .text._Z10_i2c_delayv
                0x00000b10        0xc ./i2c-lib.o
                0x00000b10                _i2c_delay()
 .text._ZL8_i2c_sdah
                0x00000b1c       0x30 ./i2c-lib.o
 .text._Z8_i2c_sclh
                0x00000b4c       0x30 ./i2c-lib.o
                0x00000b4c                _i2c_scl(unsigned char)
 .text._Z8i2c_initv
                0x00000b7c       0x44 ./i2c-lib.o
                0x00000b7c                i2c_init()
 .text._Z9i2c_startv
                0x00000bc0       0x1e ./i2c-lib.o
                0x00000bc0                i2c_start()
 .text._Z8i2c_stopv
                0x00000bde       0x1e ./i2c-lib.o
                0x00000bde                i2c_stop()
 .text._Z7i2c_ackv
                0x00000bfc       0x1e ./i2c-lib.o
                0x00000bfc                i2c_ack()
 .text._Z8i2c_nackv
                0x00000c1a       0x1e ./i2c-lib.o
                0x00000c1a                i2c_nack()
 .text._Z11i2c_get_ackv
                0x00000c38       0x40 ./i2c-lib.o
                0x00000c38                i2c_get_ack()
 .text._Z10i2c_outputh
                0x00000c78       0x58 ./i2c-lib.o
                0x00000c78                i2c_output(unsigned char)
 .text._Z9i2c_inputv
                0x00000cd0       0x78 ./i2c-lib.o
                0x00000cd0                i2c_input()
 .text._Z41__static_initialization_and_destruction_0ii
                0x00000d48       0x4c ./i2c-lib.o
 .text._GLOBAL__sub_I_g_sda
                0x00000d94        0xe ./i2c-lib.o
 .text._ZN4mbed9DigitalInC2E7PinName
                0x00000da2       0x22 ./main-i2c.o
                0x00000da2                mbed::DigitalIn::DigitalIn(PinName)
                0x00000da2                mbed::DigitalIn::DigitalIn(PinName)
 .text._ZN4mbed9DigitalInD2Ev
                0x00000dc4       0x18 ./main-i2c.o
                0x00000dc4                mbed::DigitalIn::~DigitalIn()
                0x00000dc4                mbed::DigitalIn::~DigitalIn()
 .text._ZN4mbed10DigitalOutC2E7PinNamei
                0x00000ddc       0x26 ./main-i2c.o
                0x00000ddc                mbed::DigitalOut::DigitalOut(PinName, int)
                0x00000ddc                mbed::DigitalOut::DigitalOut(PinName, int)
 *fill*         0x00000e02        0x2 
 .text.main     0x00000e04      0x22c ./main-i2c.o
                0x00000e04                main
 .text._Z41__static_initialization_and_destruction_0ii
                0x00001030       0xa4 ./main-i2c.o
 .text._GLOBAL__sub_I_g_led_PTA1
                0x000010d4        0xe ./main-i2c.o
 .text._ZL8fm_printPKc
                0x000010e2        0xa ./si4735-lib.o
 .text._ZL8fm_checkc
                0x000010ec       0x34 ./si4735-lib.o
 .text._Z11si4735_initv
                0x00001120      0x698 ./si4735-lib.o
                0x00001120                si4735_init()
 .text._ZN4mbed12DigitalInOut6outputEv
                0x000017b8       0x18 /home/phatt/University/apps/lcd-1-prep/apps-workspace.mcu/i2c/mbed-os/lib/libmbed-os.a(DigitalInOut.o)
                0x000017b8                mbed::DigitalInOut::output()
 .text._ZN4mbed12DigitalInOut5inputEv
                0x000017d0       0x18 /home/phatt/University/apps/lcd-1-prep/apps-workspace.mcu/i2c/mbed-os/lib/libmbed-os.a(DigitalInOut.o)
                0x000017d0                mbed::DigitalInOut::input()
 .text._ZN4mbed12DigitalInOut4modeE7PinMode
                0x000017e8       0x1a /home/phatt/University/apps/lcd-1-prep/apps-workspace.mcu/i2c/mbed-os/lib/libmbed-os.a(DigitalInOut.o)
                0x000017e8                mbed::DigitalInOut::mode(PinMode)
 .text.gpio_free
                0x00001802        0x2 /home/phatt/University/apps/lcd-1-prep/apps-workspace.mcu/i2c/mbed-os/lib/libmbed-os.a(mbed_compat.o)
                0x00001802                gpio_free
 .text._gpio_init_in
                0x00001804       0x26 /home/phatt/University/apps/lcd-1-prep/apps-workspace.mcu/i2c/mbed-os/lib/libmbed-os.a(mbed_gpio.o)
 .text._gpio_init_out
                0x0000182a       0x30 /home/phatt/University/apps/lcd-1-prep/apps-workspace.mcu/i2c/mbed-os/lib/libmbed-os.a(mbed_gpio.o)
 .text.gpio_init_in
                0x0000185a        0x6 /home/phatt/University/apps/lcd-1-prep/apps-workspace.mcu/i2c/mbed-os/lib/libmbed-os.a(mbed_gpio.o)
                0x0000185a                gpio_init_in
 .text.gpio_init_out_ex
                0x00001860        0x8 /home/phatt/University/apps/lcd-1-prep/apps-workspace.mcu/i2c/mbed-os/lib/libmbed-os.a(mbed_gpio.o)
                0x00001860                gpio_init_out_ex
 .text.gpio_init_out
                0x00001868        0x6 /home/phatt/University/apps/lcd-1-prep/apps-workspace.mcu/i2c/mbed-os/lib/libmbed-os.a(mbed_gpio.o)
                0x00001868                gpio_init_out
 .text.gpio_init_inout
                0x0000186e       0x32 /home/phatt/University/apps/lcd-1-prep/apps-workspace.mcu/i2c/mbed-os/lib/libmbed-os.a(mbed_gpio.o)
                0x0000186e                gpio_init_inout
 .text.note_us_ticker_free
                0x000018a0       0x10 /home/phatt/University/apps/lcd-1-prep/apps-workspace.mcu/i2c/mbed-os/lib/libmbed-os.a(mbed_us_ticker_api.o)
 .text.note_us_ticker_init
                0x000018b0       0x14 /home/phatt/University/apps/lcd-1-prep/apps-workspace.mcu/i2c/mbed-os/lib/libmbed-os.a(mbed_us_ticker_api.o)
 .text.get_us_ticker_data
                0x000018c4        0x8 /home/phatt/University/apps/lcd-1-prep/apps-workspace.mcu/i2c/mbed-os/lib/libmbed-os.a(mbed_us_ticker_api.o)
                0x000018c4                get_us_ticker_data
 .text.us_ticker_irq_handler
                0x000018cc       0x14 /home/phatt/University/apps/lcd-1-prep/apps-workspace.mcu/i2c/mbed-os/lib/libmbed-os.a(mbed_us_ticker_api.o)
                0x000018cc                us_ticker_irq_handler
 .text.update_present_time
                0x000018e0       0x86 /home/phatt/University/apps/lcd-1-prep/apps-workspace.mcu/i2c/mbed-os/lib/libmbed-os.a(mbed_ticker_api.o)
 .text._ticker_match_interval_passed
                0x00001966       0x28 /home/phatt/University/apps/lcd-1-prep/apps-workspace.mcu/i2c/mbed-os/lib/libmbed-os.a(mbed_ticker_api.o)
                0x00001966                _ticker_match_interval_passed
 *fill*         0x0000198e        0x2 
 .text.schedule_interrupt
                0x00001990       0xf4 /home/phatt/University/apps/lcd-1-prep/apps-workspace.mcu/i2c/mbed-os/lib/libmbed-os.a(mbed_ticker_api.o)
 .text.initialize
                0x00001a84      0x124 /home/phatt/University/apps/lcd-1-prep/apps-workspace.mcu/i2c/mbed-os/lib/libmbed-os.a(mbed_ticker_api.o)
 .text.ticker_irq_handler
                0x00001ba8       0x60 /home/phatt/University/apps/lcd-1-prep/apps-workspace.mcu/i2c/mbed-os/lib/libmbed-os.a(mbed_ticker_api.o)
                0x00001ba8                ticker_irq_handler
 .text.ticker_read_us
                0x00001c08       0x22 /home/phatt/University/apps/lcd-1-prep/apps-workspace.mcu/i2c/mbed-os/lib/libmbed-os.a(mbed_ticker_api.o)
                0x00001c08                ticker_read_us
 .text.ticker_read
                0x00001c2a        0x8 /home/phatt/University/apps/lcd-1-prep/apps-workspace.mcu/i2c/mbed-os/lib/libmbed-os.a(mbed_ticker_api.o)
                0x00001c2a                ticker_read
 *fill*         0x00001c32        0x2 
 .text.mbed_assert_internal
                0x00001c34       0x14 /home/phatt/University/apps/lcd-1-prep/apps-workspace.mcu/i2c/mbed-os/lib/libmbed-os.a(mbed_assert.o)
                0x00001c34                mbed_assert_internal
 .text.core_util_are_interrupts_enabled
                0x00001c48        0xc /home/phatt/University/apps/lcd-1-prep/apps-workspace.mcu/i2c/mbed-os/lib/libmbed-os.a(mbed_critical.o)
                0x00001c48                core_util_are_interrupts_enabled
 .text.core_util_is_isr_active
                0x00001c54        0xc /home/phatt/University/apps/lcd-1-prep/apps-workspace.mcu/i2c/mbed-os/lib/libmbed-os.a(mbed_critical.o)
                0x00001c54                core_util_is_isr_active
 .text.core_util_critical_section_enter
                0x00001c60       0x2c /home/phatt/University/apps/lcd-1-prep/apps-workspace.mcu/i2c/mbed-os/lib/libmbed-os.a(mbed_critical.o)
                0x00001c60                core_util_critical_section_enter
 .text.core_util_critical_section_exit
                0x00001c8c       0x18 /home/phatt/University/apps/lcd-1-prep/apps-workspace.mcu/i2c/mbed-os/lib/libmbed-os.a(mbed_critical.o)
                0x00001c8c                core_util_critical_section_exit
 .text.mbed_halt_system
                0x00001ca4       0x34 /home/phatt/University/apps/lcd-1-prep/apps-workspace.mcu/i2c/mbed-os/lib/libmbed-os.a(mbed_error.o)
 .text.print_error_report.constprop.0
                0x00001cd8      0x104 /home/phatt/University/apps/lcd-1-prep/apps-workspace.mcu/i2c/mbed-os/lib/libmbed-os.a(mbed_error.o)
 .text.mbed_error_hook
                0x00001ddc        0x2 /home/phatt/University/apps/lcd-1-prep/apps-workspace.mcu/i2c/mbed-os/lib/libmbed-os.a(mbed_error.o)
                0x00001ddc                mbed_error_hook
 *fill*         0x00001dde        0x2 
 .text.handle_error.constprop.0
                0x00001de0       0xc0 /home/phatt/University/apps/lcd-1-prep/apps-workspace.mcu/i2c/mbed-os/lib/libmbed-os.a(mbed_error.o)
 .text.mbed_error_reboot_callback
                0x00001ea0        0x2 /home/phatt/University/apps/lcd-1-prep/apps-workspace.mcu/i2c/mbed-os/lib/libmbed-os.a(mbed_error.o)
                0x00001ea0                mbed_error_reboot_callback
 *fill*         0x00001ea2        0x2 
 .text.mbed_error_initialize
                0x00001ea4       0x64 /home/phatt/University/apps/lcd-1-prep/apps-workspace.mcu/i2c/mbed-os/lib/libmbed-os.a(mbed_error.o)
                0x00001ea4                mbed_error_initialize
 .text.mbed_error
                0x00001f08       0xc4 /home/phatt/University/apps/lcd-1-prep/apps-workspace.mcu/i2c/mbed-os/lib/libmbed-os.a(mbed_error.o)
                0x00001f08                mbed_error
 .text.mbed_main
                0x00001fcc        0x2 /home/phatt/University/apps/lcd-1-prep/apps-workspace.mcu/i2c/mbed-os/lib/libmbed-os.a(mbed_sdk_boot.o)
                0x00001fcc                mbed_main
 .text.mbed_sdk_init
                0x00001fce        0x2 /home/phatt/University/apps/lcd-1-prep/apps-workspace.mcu/i2c/mbed-os/lib/libmbed-os.a(mbed_sdk_boot.o)
                0x00001fce                mbed_sdk_init
 .text.software_init_hook_rtos
                0x00001fd0        0x2 /home/phatt/University/apps/lcd-1-prep/apps-workspace.mcu/i2c/mbed-os/lib/libmbed-os.a(mbed_sdk_boot.o)
                0x00001fd0                software_init_hook_rtos
 *fill*         0x00001fd2        0x2 
 .text.mbed_copy_nvic
                0x00001fd4       0x28 /home/phatt/University/apps/lcd-1-prep/apps-workspace.mcu/i2c/mbed-os/lib/libmbed-os.a(mbed_sdk_boot.o)
                0x00001fd4                mbed_copy_nvic
 .text.mbed_init
                0x00001ffc        0xc /home/phatt/University/apps/lcd-1-prep/apps-workspace.mcu/i2c/mbed-os/lib/libmbed-os.a(mbed_sdk_boot.o)
                0x00001ffc                mbed_init
 .text.software_init_hook
                0x00002008       0x48 /home/phatt/University/apps/lcd-1-prep/apps-workspace.mcu/i2c/mbed-os/lib/libmbed-os.a(mbed_sdk_boot.o)
                0x00002008                software_init_hook
 .text.__wrap_main
                0x00002050       0x12 /home/phatt/University/apps/lcd-1-prep/apps-workspace.mcu/i2c/mbed-os/lib/libmbed-os.a(mbed_sdk_boot.o)
                0x00002050                __wrap_main
 *fill*         0x00002062        0x2 
 .text._wait_us_ticks
                0x00002064       0x1c /home/phatt/University/apps/lcd-1-prep/apps-workspace.mcu/i2c/mbed-os/lib/libmbed-os.a(mbed_wait_api_no_rtos.o)
                0x00002064                _wait_us_ticks
 .text._wait_us_generic
                0x00002080       0x1e /home/phatt/University/apps/lcd-1-prep/apps-workspace.mcu/i2c/mbed-os/lib/libmbed-os.a(mbed_wait_api_no_rtos.o)
                0x00002080                _wait_us_generic
 *fill*         0x0000209e        0x2 
 .text._wait_us_inline
                0x000020a0       0x14 /home/phatt/University/apps/lcd-1-prep/apps-workspace.mcu/i2c/mbed-os/lib/libmbed-os.a(mbed_wait_api_no_rtos.o)
                0x000020a0                _wait_us_inline
 .text.__wrap_printf
                0x000020b4       0x2c /home/phatt/University/apps/lcd-1-prep/apps-workspace.mcu/i2c/mbed-os/lib/libmbed-os.a(mbed_printf_wrapper.o)
                0x000020b4                __wrap_printf
 .text.__wrap_vsnprintf
                0x000020e0        0xe /home/phatt/University/apps/lcd-1-prep/apps-workspace.mcu/i2c/mbed-os/lib/libmbed-os.a(mbed_printf_wrapper.o)
                0x000020e0                __wrap_vsnprintf
 .text._ZN4mbed10FileHandle4syncEv
                0x000020ee        0x4 /home/phatt/University/apps/lcd-1-prep/apps-workspace.mcu/i2c/mbed-os/lib/libmbed-os.a(mbed_retarget.o)
                0x000020ee                mbed::FileHandle::sync()
 .text._ZN4mbed10FileHandle4tellEv
                0x000020f2        0xa /home/phatt/University/apps/lcd-1-prep/apps-workspace.mcu/i2c/mbed-os/lib/libmbed-os.a(mbed_retarget.o)
                0x000020f2                mbed::FileHandle::tell()
 .text._ZN4mbed10FileHandle6rewindEv
                0x000020fc        0xa /home/phatt/University/apps/lcd-1-prep/apps-workspace.mcu/i2c/mbed-os/lib/libmbed-os.a(mbed_retarget.o)
                0x000020fc                mbed::FileHandle::rewind()
 .text._ZN4mbed10FileHandle8truncateEl
                0x00002106        0x6 /home/phatt/University/apps/lcd-1-prep/apps-workspace.mcu/i2c/mbed-os/lib/libmbed-os.a(mbed_retarget.o)
                0x00002106                mbed::FileHandle::truncate(long)
 .text._ZN4mbed10FileHandle12set_blockingEb
                0x0000210c        0xc /home/phatt/University/apps/lcd-1-prep/apps-workspace.mcu/i2c/mbed-os/lib/libmbed-os.a(mbed_retarget.o)
                0x0000210c                mbed::FileHandle::set_blocking(bool)
 .text._ZNK4mbed10FileHandle11is_blockingEv
                0x00002118        0x4 /home/phatt/University/apps/lcd-1-prep/apps-workspace.mcu/i2c/mbed-os/lib/libmbed-os.a(mbed_retarget.o)
                0x00002118                mbed::FileHandle::is_blocking() const
 .text._ZN4mbed10FileHandle12enable_inputEb
                0x0000211c        0x6 /home/phatt/University/apps/lcd-1-prep/apps-workspace.mcu/i2c/mbed-os/lib/libmbed-os.a(mbed_retarget.o)
                0x0000211c                mbed::FileHandle::enable_input(bool)
 .text._ZN4mbed10FileHandle13enable_outputEb
                0x00002122        0x6 /home/phatt/University/apps/lcd-1-prep/apps-workspace.mcu/i2c/mbed-os/lib/libmbed-os.a(mbed_retarget.o)
                0x00002122                mbed::FileHandle::enable_output(bool)
 .text._ZN4mbed10FileHandle5sigioENS_8CallbackIFvvEEE
                0x00002128        0xc /home/phatt/University/apps/lcd-1-prep/apps-workspace.mcu/i2c/mbed-os/lib/libmbed-os.a(mbed_retarget.o)
                0x00002128                mbed::FileHandle::sigio(mbed::Callback<void ()>)
 .text._ZN12DirectSerial4seekEli
                0x00002134        0x6 /home/phatt/University/apps/lcd-1-prep/apps-workspace.mcu/i2c/mbed-os/lib/libmbed-os.a(mbed_retarget.o)
                0x00002134                DirectSerial::seek(long, int)
 .text._ZN12DirectSerial4sizeEv
                0x0000213a        0x6 /home/phatt/University/apps/lcd-1-prep/apps-workspace.mcu/i2c/mbed-os/lib/libmbed-os.a(mbed_retarget.o)
                0x0000213a                DirectSerial::size()
 .text._ZN12DirectSerial6isattyEv
                0x00002140        0x4 /home/phatt/University/apps/lcd-1-prep/apps-workspace.mcu/i2c/mbed-os/lib/libmbed-os.a(mbed_retarget.o)
                0x00002140                DirectSerial::isatty()
 .text._ZN12DirectSerial5closeEv
                0x00002144        0x4 /home/phatt/University/apps/lcd-1-prep/apps-workspace.mcu/i2c/mbed-os/lib/libmbed-os.a(mbed_retarget.o)
                0x00002144                DirectSerial::close()
 .text._ZN12DirectSerialD2Ev
                0x00002148        0x2 /home/phatt/University/apps/lcd-1-prep/apps-workspace.mcu/i2c/mbed-os/lib/libmbed-os.a(mbed_retarget.o)
                0x00002148                DirectSerial::~DirectSerial()
                0x00002148                DirectSerial::~DirectSerial()
 *fill*         0x0000214a        0x2 
 .text._ZN12DirectSerial5writeEPKvj
                0x0000214c       0x24 /home/phatt/University/apps/lcd-1-prep/apps-workspace.mcu/i2c/mbed-os/lib/libmbed-os.a(mbed_retarget.o)
                0x0000214c                DirectSerial::write(void const*, unsigned int)
 .text._ZNK12DirectSerial4pollEs
                0x00002170       0x30 /home/phatt/University/apps/lcd-1-prep/apps-workspace.mcu/i2c/mbed-os/lib/libmbed-os.a(mbed_retarget.o)
                0x00002170                DirectSerial::poll(short) const
 .text._ZN12DirectSerialD0Ev
                0x000021a0        0xc /home/phatt/University/apps/lcd-1-prep/apps-workspace.mcu/i2c/mbed-os/lib/libmbed-os.a(mbed_retarget.o)
                0x000021a0                DirectSerial::~DirectSerial()
 .text._ZN12DirectSerial4readEPvj
                0x000021ac       0x18 /home/phatt/University/apps/lcd-1-prep/apps-workspace.mcu/i2c/mbed-os/lib/libmbed-os.a(mbed_retarget.o)
                0x000021ac                DirectSerial::read(void*, unsigned int)
 .text._ZN12DirectSerialC2ERK15serial_pinmap_ti
                0x000021c4       0x30 /home/phatt/University/apps/lcd-1-prep/apps-workspace.mcu/i2c/mbed-os/lib/libmbed-os.a(mbed_retarget.o)
                0x000021c4                DirectSerial::DirectSerial(serial_pinmap_t const&, int)
                0x000021c4                DirectSerial::DirectSerial(serial_pinmap_t const&, int)
 .text._ZN4mbed28mbed_target_override_consoleEi
                0x000021f4        0x4 /home/phatt/University/apps/lcd-1-prep/apps-workspace.mcu/i2c/mbed-os/lib/libmbed-os.a(mbed_retarget.o)
                0x000021f4                mbed::mbed_target_override_console(int)
 .text._ZN4mbed21mbed_override_consoleEi
                0x000021f8        0x4 /home/phatt/University/apps/lcd-1-prep/apps-workspace.mcu/i2c/mbed-os/lib/libmbed-os.a(mbed_retarget.o)
                0x000021f8                mbed::mbed_override_console(int)
 .text._sbrk    0x000021fc       0x44 /home/phatt/University/apps/lcd-1-prep/apps-workspace.mcu/i2c/mbed-os/lib/libmbed-os.a(mbed_retarget.o)
                0x000021fc                _sbrk
 .text.__wrap_atexit
                0x00002240        0x4 /home/phatt/University/apps/lcd-1-prep/apps-workspace.mcu/i2c/mbed-os/lib/libmbed-os.a(mbed_retarget.o)
                0x00002240                __wrap_atexit
 .text.__rtos_malloc_lock
                0x00002244        0x2 /home/phatt/University/apps/lcd-1-prep/apps-workspace.mcu/i2c/mbed-os/lib/libmbed-os.a(mbed_retarget.o)
                0x00002244                __rtos_malloc_lock
 .text.__rtos_malloc_unlock
                0x00002246        0x2 /home/phatt/University/apps/lcd-1-prep/apps-workspace.mcu/i2c/mbed-os/lib/libmbed-os.a(mbed_retarget.o)
                0x00002246                __rtos_malloc_unlock
 .text.__malloc_lock
                0x00002248        0x8 /home/phatt/University/apps/lcd-1-prep/apps-workspace.mcu/i2c/mbed-os/lib/libmbed-os.a(mbed_retarget.o)
                0x00002248                __malloc_lock
 .text.__malloc_unlock
                0x00002250        0x8 /home/phatt/University/apps/lcd-1-prep/apps-workspace.mcu/i2c/mbed-os/lib/libmbed-os.a(mbed_retarget.o)
                0x00002250                __malloc_unlock
 .text.__cxa_guard_acquire
                0x00002258       0x3c /home/phatt/University/apps/lcd-1-prep/apps-workspace.mcu/i2c/mbed-os/lib/libmbed-os.a(mbed_retarget.o)
                0x00002258                __cxa_guard_acquire
 .text.__cxa_guard_release
                0x00002294       0x2c /home/phatt/University/apps/lcd-1-prep/apps-workspace.mcu/i2c/mbed-os/lib/libmbed-os.a(mbed_retarget.o)
                0x00002294                __cxa_guard_release
 .text._ZN4mbed16mbed_file_handleEi
                0x000022c0       0x80 /home/phatt/University/apps/lcd-1-prep/apps-workspace.mcu/i2c/mbed-os/lib/libmbed-os.a(mbed_retarget.o)
                0x000022c0                mbed::mbed_file_handle(int)
 .text.close    0x00002340       0x3c /home/phatt/University/apps/lcd-1-prep/apps-workspace.mcu/i2c/mbed-os/lib/libmbed-os.a(mbed_retarget.o)
                0x00002340                close
 .text._close   0x0000237c        0x4 /home/phatt/University/apps/lcd-1-prep/apps-workspace.mcu/i2c/mbed-os/lib/libmbed-os.a(mbed_retarget.o)
                0x0000237c                _close
 .text.write    0x00002380       0x34 /home/phatt/University/apps/lcd-1-prep/apps-workspace.mcu/i2c/mbed-os/lib/libmbed-os.a(mbed_retarget.o)
                0x00002380                write
 .text.read     0x000023b4       0x34 /home/phatt/University/apps/lcd-1-prep/apps-workspace.mcu/i2c/mbed-os/lib/libmbed-os.a(mbed_retarget.o)
                0x000023b4                read
 .text.isatty   0x000023e8       0x2a /home/phatt/University/apps/lcd-1-prep/apps-workspace.mcu/i2c/mbed-os/lib/libmbed-os.a(mbed_retarget.o)
                0x000023e8                isatty
 *fill*         0x00002412        0x2 
 .text._write   0x00002414       0xac /home/phatt/University/apps/lcd-1-prep/apps-workspace.mcu/i2c/mbed-os/lib/libmbed-os.a(mbed_retarget.o)
                0x00002414                _write
 .text._isatty  0x000024c0        0x4 /home/phatt/University/apps/lcd-1-prep/apps-workspace.mcu/i2c/mbed-os/lib/libmbed-os.a(mbed_retarget.o)
                0x000024c0                _isatty
 .text._read    0x000024c4       0x74 /home/phatt/University/apps/lcd-1-prep/apps-workspace.mcu/i2c/mbed-os/lib/libmbed-os.a(mbed_retarget.o)
                0x000024c4                _read
 .text.lseek    0x00002538       0x34 /home/phatt/University/apps/lcd-1-prep/apps-workspace.mcu/i2c/mbed-os/lib/libmbed-os.a(mbed_retarget.o)
                0x00002538                lseek
 .text._lseek   0x0000256c        0x4 /home/phatt/University/apps/lcd-1-prep/apps-workspace.mcu/i2c/mbed-os/lib/libmbed-os.a(mbed_retarget.o)
                0x0000256c                _lseek
 .text.fsync    0x00002570       0x2e /home/phatt/University/apps/lcd-1-prep/apps-workspace.mcu/i2c/mbed-os/lib/libmbed-os.a(mbed_retarget.o)
                0x00002570                fsync
 *fill*         0x0000259e        0x2 
 .text._exit    0x000025a0       0x30 /home/phatt/University/apps/lcd-1-prep/apps-workspace.mcu/i2c/mbed-os/lib/libmbed-os.a(mbed_retarget.o)
                0x000025a0                _exit
 .text.__wrap_exit
                0x000025d0        0x6 /home/phatt/University/apps/lcd-1-prep/apps-workspace.mcu/i2c/mbed-os/lib/libmbed-os.a(mbed_retarget.o)
                0x000025d0                __wrap_exit
 .text.fstat    0x000025d6       0x3c /home/phatt/University/apps/lcd-1-prep/apps-workspace.mcu/i2c/mbed-os/lib/libmbed-os.a(mbed_retarget.o)
                0x000025d6                fstat
 .text._fstat   0x00002612        0x4 /home/phatt/University/apps/lcd-1-prep/apps-workspace.mcu/i2c/mbed-os/lib/libmbed-os.a(mbed_retarget.o)
                0x00002612                _fstat
 *fill*         0x00002616        0x2 
 .text.SystemInit
                0x00002618       0x2c /home/phatt/University/apps/lcd-1-prep/apps-workspace.mcu/i2c/mbed-os/lib/libmbed-os.a(system_MK64F12.o)
                0x00002618                SystemInit
 .text.pit_isr  0x00002644       0x2c /home/phatt/University/apps/lcd-1-prep/apps-workspace.mcu/i2c/mbed-os/lib/libmbed-os.a(us_ticker.o)
 .text.us_ticker_get_info
                0x00002670        0x8 /home/phatt/University/apps/lcd-1-prep/apps-workspace.mcu/i2c/mbed-os/lib/libmbed-os.a(us_ticker.o)
                0x00002670                us_ticker_get_info
 .text.us_ticker_init
                0x00002678       0xcc /home/phatt/University/apps/lcd-1-prep/apps-workspace.mcu/i2c/mbed-os/lib/libmbed-os.a(us_ticker.o)
                0x00002678                us_ticker_init
 .text.us_ticker_read
                0x00002744       0x10 /home/phatt/University/apps/lcd-1-prep/apps-workspace.mcu/i2c/mbed-os/lib/libmbed-os.a(us_ticker.o)
                0x00002744                us_ticker_read
 .text.us_ticker_disable_interrupt
                0x00002754       0x14 /home/phatt/University/apps/lcd-1-prep/apps-workspace.mcu/i2c/mbed-os/lib/libmbed-os.a(us_ticker.o)
                0x00002754                us_ticker_disable_interrupt
 .text.us_ticker_clear_interrupt
                0x00002768       0x10 /home/phatt/University/apps/lcd-1-prep/apps-workspace.mcu/i2c/mbed-os/lib/libmbed-os.a(us_ticker.o)
                0x00002768                us_ticker_clear_interrupt
 .text.us_ticker_set_interrupt
                0x00002778       0x60 /home/phatt/University/apps/lcd-1-prep/apps-workspace.mcu/i2c/mbed-os/lib/libmbed-os.a(us_ticker.o)
                0x00002778                us_ticker_set_interrupt
 .text.us_ticker_fire_interrupt
                0x000027d8       0x10 /home/phatt/University/apps/lcd-1-prep/apps-workspace.mcu/i2c/mbed-os/lib/libmbed-os.a(us_ticker.o)
                0x000027d8                us_ticker_fire_interrupt
 .text.us_ticker_free
                0x000027e8       0x64 /home/phatt/University/apps/lcd-1-prep/apps-workspace.mcu/i2c/mbed-os/lib/libmbed-os.a(us_ticker.o)
                0x000027e8                us_ticker_free
 .text.serial_init_direct
                0x0000284c       0xd4 /home/phatt/University/apps/lcd-1-prep/apps-workspace.mcu/i2c/mbed-os/lib/libmbed-os.a(serial_api.o)
                0x0000284c                serial_init_direct
 .text.serial_baud
                0x00002920       0x2c /home/phatt/University/apps/lcd-1-prep/apps-workspace.mcu/i2c/mbed-os/lib/libmbed-os.a(serial_api.o)
                0x00002920                serial_baud
 .text.serial_readable
                0x0000294c       0x2c /home/phatt/University/apps/lcd-1-prep/apps-workspace.mcu/i2c/mbed-os/lib/libmbed-os.a(serial_api.o)
                0x0000294c                serial_readable
 .text.serial_getc
                0x00002978       0x20 /home/phatt/University/apps/lcd-1-prep/apps-workspace.mcu/i2c/mbed-os/lib/libmbed-os.a(serial_api.o)
                0x00002978                serial_getc
 .text.serial_writable
                0x00002998       0x2c /home/phatt/University/apps/lcd-1-prep/apps-workspace.mcu/i2c/mbed-os/lib/libmbed-os.a(serial_api.o)
                0x00002998                serial_writable
 .text.serial_putc
                0x000029c4       0x24 /home/phatt/University/apps/lcd-1-prep/apps-workspace.mcu/i2c/mbed-os/lib/libmbed-os.a(serial_api.o)
                0x000029c4                serial_putc
 .text.gpio_init
                0x000029e8       0x12 /home/phatt/University/apps/lcd-1-prep/apps-workspace.mcu/i2c/mbed-os/lib/libmbed-os.a(gpio_api.o)
                0x000029e8                gpio_init
 .text.gpio_mode
                0x000029fa        0x6 /home/phatt/University/apps/lcd-1-prep/apps-workspace.mcu/i2c/mbed-os/lib/libmbed-os.a(gpio_api.o)
                0x000029fa                gpio_mode
 .text.gpio_dir
                0x00002a00       0x48 /home/phatt/University/apps/lcd-1-prep/apps-workspace.mcu/i2c/mbed-os/lib/libmbed-os.a(gpio_api.o)
                0x00002a00                gpio_dir
 .text.gpio_write
                0x00002a48       0x3c /home/phatt/University/apps/lcd-1-prep/apps-workspace.mcu/i2c/mbed-os/lib/libmbed-os.a(gpio_api.o)
                0x00002a48                gpio_write
 .text.gpio_read
                0x00002a84       0x34 /home/phatt/University/apps/lcd-1-prep/apps-workspace.mcu/i2c/mbed-os/lib/libmbed-os.a(gpio_api.o)
                0x00002a84                gpio_read
 .text.pin_function
                0x00002ab8       0x74 /home/phatt/University/apps/lcd-1-prep/apps-workspace.mcu/i2c/mbed-os/lib/libmbed-os.a(pinmap.o)
                0x00002ab8                pin_function
 .text.pin_mode
                0x00002b2c       0x5c /home/phatt/University/apps/lcd-1-prep/apps-workspace.mcu/i2c/mbed-os/lib/libmbed-os.a(pinmap.o)
                0x00002b2c                pin_mode
 .text.mbed_tiny_compute_crc32
                0x00002b88       0x2c /home/phatt/University/apps/lcd-1-prep/apps-workspace.mcu/i2c/mbed-os/lib/libmbed-os.a(MbedCRC.o)
                0x00002b88                mbed_tiny_compute_crc32
 .text.hal_critical_section_enter
                0x00002bb4       0x24 /home/phatt/University/apps/lcd-1-prep/apps-workspace.mcu/i2c/mbed-os/lib/libmbed-os.a(mbed_critical_section_api.o)
                0x00002bb4                hal_critical_section_enter
 .text.hal_critical_section_exit
                0x00002bd8       0x38 /home/phatt/University/apps/lcd-1-prep/apps-workspace.mcu/i2c/mbed-os/lib/libmbed-os.a(mbed_critical_section_api.o)
                0x00002bd8                hal_critical_section_exit
 .text.core_util_atomic_flag_test_and_set
                0x00002c10       0x14 /home/phatt/University/apps/lcd-1-prep/apps-workspace.mcu/i2c/mbed-os/lib/libmbed-os.a(mbed_atomic_impl.o)
                0x00002c10                core_util_atomic_flag_test_and_set
 .text.core_util_atomic_exchange_u8
                0x00002c24       0x12 /home/phatt/University/apps/lcd-1-prep/apps-workspace.mcu/i2c/mbed-os/lib/libmbed-os.a(mbed_atomic_impl.o)
                0x00002c24                core_util_atomic_exchange_u8
 *fill*         0x00002c36        0x2 
 .text.mbed_die
                0x00002c38       0x64 /home/phatt/University/apps/lcd-1-prep/apps-workspace.mcu/i2c/mbed-os/lib/libmbed-os.a(mbed_board.o)
                0x00002c38                mbed_die
 .text.mbed_error_puts
                0x00002c9c       0x50 /home/phatt/University/apps/lcd-1-prep/apps-workspace.mcu/i2c/mbed-os/lib/libmbed-os.a(mbed_board.o)
                0x00002c9c                mbed_error_puts
 .text.mbed_error_vprintf
                0x00002cec       0x38 /home/phatt/University/apps/lcd-1-prep/apps-workspace.mcu/i2c/mbed-os/lib/libmbed-os.a(mbed_board.o)
                0x00002cec                mbed_error_vprintf
 .text.mbed_error_printf
                0x00002d24       0x1a /home/phatt/University/apps/lcd-1-prep/apps-workspace.mcu/i2c/mbed-os/lib/libmbed-os.a(mbed_board.o)
                0x00002d24                mbed_error_printf
 .text.mbed_minimal_putchar
                0x00002d3e       0x34 /home/phatt/University/apps/lcd-1-prep/apps-workspace.mcu/i2c/mbed-os/lib/libmbed-os.a(mbed_printf_implementation.o)
 *fill*         0x00002d72        0x2 
 .text.mbed_minimal_formatted_string_integer
                0x00002d74      0x144 /home/phatt/University/apps/lcd-1-prep/apps-workspace.mcu/i2c/mbed-os/lib/libmbed-os.a(mbed_printf_implementation.o)
 .text.mbed_minimal_formatted_string
                0x00002eb8      0x3bc /home/phatt/University/apps/lcd-1-prep/apps-workspace.mcu/i2c/mbed-os/lib/libmbed-os.a(mbed_printf_implementation.o)
                0x00002eb8                mbed_minimal_formatted_string
 .text.CLOCK_GetInternalRefClkSelectFreq
                0x00003274       0x28 /home/phatt/University/apps/lcd-1-prep/apps-workspace.mcu/i2c/mbed-os/lib/libmbed-os.a(fsl_clock.o)
 .text.CLOCK_GetMcgExtClkFreq
                0x0000329c       0x60 /home/phatt/University/apps/lcd-1-prep/apps-workspace.mcu/i2c/mbed-os/lib/libmbed-os.a(fsl_clock.o)
 .text.CLOCK_GetFllRefClkFreq
                0x000032fc       0x54 /home/phatt/University/apps/lcd-1-prep/apps-workspace.mcu/i2c/mbed-os/lib/libmbed-os.a(fsl_clock.o)
 .text.CLOCK_GetOsc0ErClkFreq
                0x00003350       0x3c /home/phatt/University/apps/lcd-1-prep/apps-workspace.mcu/i2c/mbed-os/lib/libmbed-os.a(fsl_clock.o)
                0x00003350                CLOCK_GetOsc0ErClkFreq
 .text.CLOCK_GetEr32kClkFreq
                0x0000338c       0x5c /home/phatt/University/apps/lcd-1-prep/apps-workspace.mcu/i2c/mbed-os/lib/libmbed-os.a(fsl_clock.o)
                0x0000338c                CLOCK_GetEr32kClkFreq
 .text.CLOCK_GetFllFreq
                0x000033e8       0x3c /home/phatt/University/apps/lcd-1-prep/apps-workspace.mcu/i2c/mbed-os/lib/libmbed-os.a(fsl_clock.o)
                0x000033e8                CLOCK_GetFllFreq
 .text.CLOCK_GetInternalRefClkFreq
                0x00003424       0x14 /home/phatt/University/apps/lcd-1-prep/apps-workspace.mcu/i2c/mbed-os/lib/libmbed-os.a(fsl_clock.o)
                0x00003424                CLOCK_GetInternalRefClkFreq
 .text.CLOCK_GetPll0Freq
                0x00003438       0x48 /home/phatt/University/apps/lcd-1-prep/apps-workspace.mcu/i2c/mbed-os/lib/libmbed-os.a(fsl_clock.o)
                0x00003438                CLOCK_GetPll0Freq
 .text.CLOCK_GetPllFllSelClkFreq
                0x00003480       0x2c /home/phatt/University/apps/lcd-1-prep/apps-workspace.mcu/i2c/mbed-os/lib/libmbed-os.a(fsl_clock.o)
                0x00003480                CLOCK_GetPllFllSelClkFreq
 .text.CLOCK_GetOutClkFreq
                0x000034ac       0x28 /home/phatt/University/apps/lcd-1-prep/apps-workspace.mcu/i2c/mbed-os/lib/libmbed-os.a(fsl_clock.o)
                0x000034ac                CLOCK_GetOutClkFreq
 .text.CLOCK_GetFixedFreqClkFreq
                0x000034d4       0x1c /home/phatt/University/apps/lcd-1-prep/apps-workspace.mcu/i2c/mbed-os/lib/libmbed-os.a(fsl_clock.o)
                0x000034d4                CLOCK_GetFixedFreqClkFreq
 .text.CLOCK_GetFreq
                0x000034f0       0xa8 /home/phatt/University/apps/lcd-1-prep/apps-workspace.mcu/i2c/mbed-os/lib/libmbed-os.a(fsl_clock.o)
                0x000034f0                CLOCK_GetFreq
 .text.EDMA_HandleIRQ
                0x00003598       0xb0 /home/phatt/University/apps/lcd-1-prep/apps-workspace.mcu/i2c/mbed-os/lib/libmbed-os.a(fsl_edma.o)
                0x00003598                EDMA_HandleIRQ
 .text.DMA0_DriverIRQHandler
                0x00003648        0xc /home/phatt/University/apps/lcd-1-prep/apps-workspace.mcu/i2c/mbed-os/lib/libmbed-os.a(fsl_edma.o)
                0x00003648                DMA0_DriverIRQHandler
 .text.DMA1_DriverIRQHandler
                0x00003654        0xc /home/phatt/University/apps/lcd-1-prep/apps-workspace.mcu/i2c/mbed-os/lib/libmbed-os.a(fsl_edma.o)
                0x00003654                DMA1_DriverIRQHandler
 .text.DMA2_DriverIRQHandler
                0x00003660        0xc /home/phatt/University/apps/lcd-1-prep/apps-workspace.mcu/i2c/mbed-os/lib/libmbed-os.a(fsl_edma.o)
                0x00003660                DMA2_DriverIRQHandler
 .text.DMA3_DriverIRQHandler
                0x0000366c        0xc /home/phatt/University/apps/lcd-1-prep/apps-workspace.mcu/i2c/mbed-os/lib/libmbed-os.a(fsl_edma.o)
                0x0000366c                DMA3_DriverIRQHandler
 .text.DMA4_DriverIRQHandler
                0x00003678        0xc /home/phatt/University/apps/lcd-1-prep/apps-workspace.mcu/i2c/mbed-os/lib/libmbed-os.a(fsl_edma.o)
                0x00003678                DMA4_DriverIRQHandler
 .text.DMA5_DriverIRQHandler
                0x00003684        0xc /home/phatt/University/apps/lcd-1-prep/apps-workspace.mcu/i2c/mbed-os/lib/libmbed-os.a(fsl_edma.o)
                0x00003684                DMA5_DriverIRQHandler
 .text.DMA6_DriverIRQHandler
                0x00003690        0xc /home/phatt/University/apps/lcd-1-prep/apps-workspace.mcu/i2c/mbed-os/lib/libmbed-os.a(fsl_edma.o)
                0x00003690                DMA6_DriverIRQHandler
 .text.DMA7_DriverIRQHandler
                0x0000369c        0xc /home/phatt/University/apps/lcd-1-prep/apps-workspace.mcu/i2c/mbed-os/lib/libmbed-os.a(fsl_edma.o)
                0x0000369c                DMA7_DriverIRQHandler
 .text.DMA8_DriverIRQHandler
                0x000036a8        0xc /home/phatt/University/apps/lcd-1-prep/apps-workspace.mcu/i2c/mbed-os/lib/libmbed-os.a(fsl_edma.o)
                0x000036a8                DMA8_DriverIRQHandler
 .text.DMA9_DriverIRQHandler
                0x000036b4        0xc /home/phatt/University/apps/lcd-1-prep/apps-workspace.mcu/i2c/mbed-os/lib/libmbed-os.a(fsl_edma.o)
                0x000036b4                DMA9_DriverIRQHandler
 .text.DMA10_DriverIRQHandler
                0x000036c0        0xc /home/phatt/University/apps/lcd-1-prep/apps-workspace.mcu/i2c/mbed-os/lib/libmbed-os.a(fsl_edma.o)
                0x000036c0                DMA10_DriverIRQHandler
 .text.DMA11_DriverIRQHandler
                0x000036cc        0xc /home/phatt/University/apps/lcd-1-prep/apps-workspace.mcu/i2c/mbed-os/lib/libmbed-os.a(fsl_edma.o)
                0x000036cc                DMA11_DriverIRQHandler
 .text.DMA12_DriverIRQHandler
                0x000036d8        0xc /home/phatt/University/apps/lcd-1-prep/apps-workspace.mcu/i2c/mbed-os/lib/libmbed-os.a(fsl_edma.o)
                0x000036d8                DMA12_DriverIRQHandler
 .text.DMA13_DriverIRQHandler
                0x000036e4        0xc /home/phatt/University/apps/lcd-1-prep/apps-workspace.mcu/i2c/mbed-os/lib/libmbed-os.a(fsl_edma.o)
                0x000036e4                DMA13_DriverIRQHandler
 .text.DMA14_DriverIRQHandler
                0x000036f0        0xc /home/phatt/University/apps/lcd-1-prep/apps-workspace.mcu/i2c/mbed-os/lib/libmbed-os.a(fsl_edma.o)
                0x000036f0                DMA14_DriverIRQHandler
 .text.DMA15_DriverIRQHandler
                0x000036fc        0xc /home/phatt/University/apps/lcd-1-prep/apps-workspace.mcu/i2c/mbed-os/lib/libmbed-os.a(fsl_edma.o)
                0x000036fc                DMA15_DriverIRQHandler
 .text.DSPI_CommonIRQHandler
                0x00003708       0x20 /home/phatt/University/apps/lcd-1-prep/apps-workspace.mcu/i2c/mbed-os/lib/libmbed-os.a(fsl_dspi.o)
 .text.SPI0_DriverIRQHandler
                0x00003728       0x34 /home/phatt/University/apps/lcd-1-prep/apps-workspace.mcu/i2c/mbed-os/lib/libmbed-os.a(fsl_dspi.o)
                0x00003728                SPI0_DriverIRQHandler
 .text.SPI1_DriverIRQHandler
                0x0000375c       0x34 /home/phatt/University/apps/lcd-1-prep/apps-workspace.mcu/i2c/mbed-os/lib/libmbed-os.a(fsl_dspi.o)
                0x0000375c                SPI1_DriverIRQHandler
 .text.SPI2_DriverIRQHandler
                0x00003790       0x34 /home/phatt/University/apps/lcd-1-prep/apps-workspace.mcu/i2c/mbed-os/lib/libmbed-os.a(fsl_dspi.o)
                0x00003790                SPI2_DriverIRQHandler
 .text.PIT_GetInstance.isra.0
                0x000037c4       0x28 /home/phatt/University/apps/lcd-1-prep/apps-workspace.mcu/i2c/mbed-os/lib/libmbed-os.a(fsl_pit.o)
 .text.PIT_Init
                0x000037ec       0x50 /home/phatt/University/apps/lcd-1-prep/apps-workspace.mcu/i2c/mbed-os/lib/libmbed-os.a(fsl_pit.o)
                0x000037ec                PIT_Init
 .text.UART_GetInstance
                0x0000383c       0x64 /home/phatt/University/apps/lcd-1-prep/apps-workspace.mcu/i2c/mbed-os/lib/libmbed-os.a(fsl_uart.o)
                0x0000383c                UART_GetInstance
 .text.UART_Init
                0x000038a0      0x178 /home/phatt/University/apps/lcd-1-prep/apps-workspace.mcu/i2c/mbed-os/lib/libmbed-os.a(fsl_uart.o)
                0x000038a0                UART_Init
 .text.UART_GetDefaultConfig
                0x00003a18       0x30 /home/phatt/University/apps/lcd-1-prep/apps-workspace.mcu/i2c/mbed-os/lib/libmbed-os.a(fsl_uart.o)
                0x00003a18                UART_GetDefaultConfig
 .text.UART_SetBaudRate
                0x00003a48       0x8c /home/phatt/University/apps/lcd-1-prep/apps-workspace.mcu/i2c/mbed-os/lib/libmbed-os.a(fsl_uart.o)
                0x00003a48                UART_SetBaudRate
 .text.UART_GetStatusFlags
                0x00003ad4       0x16 /home/phatt/University/apps/lcd-1-prep/apps-workspace.mcu/i2c/mbed-os/lib/libmbed-os.a(fsl_uart.o)
                0x00003ad4                UART_GetStatusFlags
 .text.UART_ClearStatusFlags
                0x00003aea       0x40 /home/phatt/University/apps/lcd-1-prep/apps-workspace.mcu/i2c/mbed-os/lib/libmbed-os.a(fsl_uart.o)
                0x00003aea                UART_ClearStatusFlags
 *fill*         0x00003b2a        0x2 
 .text.UART0_DriverIRQHandler
                0x00003b2c       0x18 /home/phatt/University/apps/lcd-1-prep/apps-workspace.mcu/i2c/mbed-os/lib/libmbed-os.a(fsl_uart.o)
                0x00003b2c                UART0_DriverIRQHandler
 .text.UART0_RX_TX_DriverIRQHandler
                0x00003b44        0x4 /home/phatt/University/apps/lcd-1-prep/apps-workspace.mcu/i2c/mbed-os/lib/libmbed-os.a(fsl_uart.o)
                0x00003b44                UART0_RX_TX_DriverIRQHandler
 .text.UART1_DriverIRQHandler
                0x00003b48       0x18 /home/phatt/University/apps/lcd-1-prep/apps-workspace.mcu/i2c/mbed-os/lib/libmbed-os.a(fsl_uart.o)
                0x00003b48                UART1_DriverIRQHandler
 .text.UART1_RX_TX_DriverIRQHandler
                0x00003b60        0x4 /home/phatt/University/apps/lcd-1-prep/apps-workspace.mcu/i2c/mbed-os/lib/libmbed-os.a(fsl_uart.o)
                0x00003b60                UART1_RX_TX_DriverIRQHandler
 .text.UART2_DriverIRQHandler
                0x00003b64       0x18 /home/phatt/University/apps/lcd-1-prep/apps-workspace.mcu/i2c/mbed-os/lib/libmbed-os.a(fsl_uart.o)
                0x00003b64                UART2_DriverIRQHandler
 .text.UART2_RX_TX_DriverIRQHandler
                0x00003b7c        0x4 /home/phatt/University/apps/lcd-1-prep/apps-workspace.mcu/i2c/mbed-os/lib/libmbed-os.a(fsl_uart.o)
                0x00003b7c                UART2_RX_TX_DriverIRQHandler
 .text.UART3_DriverIRQHandler
                0x00003b80       0x18 /home/phatt/University/apps/lcd-1-prep/apps-workspace.mcu/i2c/mbed-os/lib/libmbed-os.a(fsl_uart.o)
                0x00003b80                UART3_DriverIRQHandler
 .text.UART3_RX_TX_DriverIRQHandler
                0x00003b98        0x4 /home/phatt/University/apps/lcd-1-prep/apps-workspace.mcu/i2c/mbed-os/lib/libmbed-os.a(fsl_uart.o)
                0x00003b98                UART3_RX_TX_DriverIRQHandler
 .text.UART4_DriverIRQHandler
                0x00003b9c       0x18 /home/phatt/University/apps/lcd-1-prep/apps-workspace.mcu/i2c/mbed-os/lib/libmbed-os.a(fsl_uart.o)
                0x00003b9c                UART4_DriverIRQHandler
 .text.UART4_RX_TX_DriverIRQHandler
                0x00003bb4        0x4 /home/phatt/University/apps/lcd-1-prep/apps-workspace.mcu/i2c/mbed-os/lib/libmbed-os.a(fsl_uart.o)
                0x00003bb4                UART4_RX_TX_DriverIRQHandler
 .text.UART5_DriverIRQHandler
                0x00003bb8       0x18 /home/phatt/University/apps/lcd-1-prep/apps-workspace.mcu/i2c/mbed-os/lib/libmbed-os.a(fsl_uart.o)
                0x00003bb8                UART5_DriverIRQHandler
 .text.UART5_RX_TX_DriverIRQHandler
                0x00003bd0        0x4 /home/phatt/University/apps/lcd-1-prep/apps-workspace.mcu/i2c/mbed-os/lib/libmbed-os.a(fsl_uart.o)
                0x00003bd0                UART5_RX_TX_DriverIRQHandler
 .text.__udivmoddi4
                0x00003bd4      0x2bc /usr/local/mcuxpressoide-11.9.0_2144/ide/plugins/com.nxp.mcuxpresso.tools.linux_11.9.0.202307121226/tools/bin/../lib/gcc/arm-none-eabi/12.3.1/thumb/v7e-m+fp/softfp/libgcc.a(_udivmoddi4.o)
                0x00003bd4                __udivmoddi4
 .text.fputc    0x00003e90       0x58 /usr/local/mcuxpressoide-11.9.0_2144/ide/plugins/com.nxp.mcuxpresso.tools.linux_11.9.0.202307121226/tools/bin/../lib/gcc/arm-none-eabi/12.3.1/../../../../arm-none-eabi/lib/thumb/v7e-m+fp/softfp/libc.a(libc_a-fputc.o)
                0x00003e90                fputc
 .text.__sread  0x00003ee8       0x24 /usr/local/mcuxpressoide-11.9.0_2144/ide/plugins/com.nxp.mcuxpresso.tools.linux_11.9.0.202307121226/tools/bin/../lib/gcc/arm-none-eabi/12.3.1/../../../../arm-none-eabi/lib/thumb/v7e-m+fp/softfp/libc.a(libc_a-stdio.o)
                0x00003ee8                __sread
 .text.__swrite
                0x00003f0c       0x40 /usr/local/mcuxpressoide-11.9.0_2144/ide/plugins/com.nxp.mcuxpresso.tools.linux_11.9.0.202307121226/tools/bin/../lib/gcc/arm-none-eabi/12.3.1/../../../../arm-none-eabi/lib/thumb/v7e-m+fp/softfp/libc.a(libc_a-stdio.o)
                0x00003f0c                __swrite
 .text.__sseek  0x00003f4c       0x24 /usr/local/mcuxpressoide-11.9.0_2144/ide/plugins/com.nxp.mcuxpresso.tools.linux_11.9.0.202307121226/tools/bin/../lib/gcc/arm-none-eabi/12.3.1/../../../../arm-none-eabi/lib/thumb/v7e-m+fp/softfp/libc.a(libc_a-stdio.o)
                0x00003f4c                __sseek
 .text.__sclose
                0x00003f70        0x8 /usr/local/mcuxpressoide-11.9.0_2144/ide/plugins/com.nxp.mcuxpresso.tools.linux_11.9.0.202307121226/tools/bin/../lib/gcc/arm-none-eabi/12.3.1/../../../../arm-none-eabi/lib/thumb/v7e-m+fp/softfp/libc.a(libc_a-stdio.o)
                0x00003f70                __sclose
 .text._write_r
                0x00003f78       0x2c /usr/local/mcuxpressoide-11.9.0_2144/ide/plugins/com.nxp.mcuxpresso.tools.linux_11.9.0.202307121226/tools/bin/../lib/gcc/arm-none-eabi/12.3.1/../../../../arm-none-eabi/lib/thumb/v7e-m+fp/softfp/libc.a(libc_a-writer.o)
                0x00003f78                _write_r
 .text.__errno  0x00003fa4        0xc /usr/local/mcuxpressoide-11.9.0_2144/ide/plugins/com.nxp.mcuxpresso.tools.linux_11.9.0.202307121226/tools/bin/../lib/gcc/arm-none-eabi/12.3.1/../../../../arm-none-eabi/lib/thumb/v7e-m+fp/softfp/libc.a(libc_a-errno.o)
                0x00003fa4                __errno
 .text.free     0x00003fb0       0x10 /usr/local/mcuxpressoide-11.9.0_2144/ide/plugins/com.nxp.mcuxpresso.tools.linux_11.9.0.202307121226/tools/bin/../lib/gcc/arm-none-eabi/12.3.1/../../../../arm-none-eabi/lib/thumb/v7e-m+fp/softfp/libc.a(libc_a-malloc.o)
                0x00003fb0                free
 .text._malloc_r
                0x00003fc0      0x574 /usr/local/mcuxpressoide-11.9.0_2144/ide/plugins/com.nxp.mcuxpresso.tools.linux_11.9.0.202307121226/tools/bin/../lib/gcc/arm-none-eabi/12.3.1/../../../../arm-none-eabi/lib/thumb/v7e-m+fp/softfp/libc.a(libc_a-mallocr.o)
                0x00003fc0                _malloc_r
 .text.__assert_func
                0x00004534       0x40 /usr/local/mcuxpressoide-11.9.0_2144/ide/plugins/com.nxp.mcuxpresso.tools.linux_11.9.0.202307121226/tools/bin/../lib/gcc/arm-none-eabi/12.3.1/../../../../arm-none-eabi/lib/thumb/v7e-m+fp/softfp/libc.a(libc_a-assert.o)
                0x00004534                __assert_func
 .text.memset   0x00004574       0xa4 /usr/local/mcuxpressoide-11.9.0_2144/ide/plugins/com.nxp.mcuxpresso.tools.linux_11.9.0.202307121226/tools/bin/../lib/gcc/arm-none-eabi/12.3.1/../../../../arm-none-eabi/lib/thumb/v7e-m+fp/softfp/libc.a(libc_a-memset.o)
                0x00004574                memset
 .text.__libc_init_array
                0x00004618       0x50 /usr/local/mcuxpressoide-11.9.0_2144/ide/plugins/com.nxp.mcuxpresso.tools.linux_11.9.0.202307121226/tools/bin/../lib/gcc/arm-none-eabi/12.3.1/../../../../arm-none-eabi/lib/thumb/v7e-m+fp/softfp/libc.a(libc_a-init.o)
                0x00004618                __libc_init_array
 .text.__retarget_lock_init_recursive
                0x00004668        0x4 /usr/local/mcuxpressoide-11.9.0_2144/ide/plugins/com.nxp.mcuxpresso.tools.linux_11.9.0.202307121226/tools/bin/../lib/gcc/arm-none-eabi/12.3.1/../../../../arm-none-eabi/lib/thumb/v7e-m+fp/softfp/libc.a(libc_a-lock.o)
                0x00004668                __retarget_lock_init_recursive
 .text.__retarget_lock_close_recursive
                0x0000466c        0x4 /usr/local/mcuxpressoide-11.9.0_2144/ide/plugins/com.nxp.mcuxpresso.tools.linux_11.9.0.202307121226/tools/bin/../lib/gcc/arm-none-eabi/12.3.1/../../../../arm-none-eabi/lib/thumb/v7e-m+fp/softfp/libc.a(libc_a-lock.o)
                0x0000466c                __retarget_lock_close_recursive
 .text.__retarget_lock_acquire_recursive
                0x00004670        0x4 /usr/local/mcuxpressoide-11.9.0_2144/ide/plugins/com.nxp.mcuxpresso.tools.linux_11.9.0.202307121226/tools/bin/../lib/gcc/arm-none-eabi/12.3.1/../../../../arm-none-eabi/lib/thumb/v7e-m+fp/softfp/libc.a(libc_a-lock.o)
                0x00004670                __retarget_lock_acquire_recursive
 .text.__retarget_lock_release_recursive
                0x00004674        0x4 /usr/local/mcuxpressoide-11.9.0_2144/ide/plugins/com.nxp.mcuxpresso.tools.linux_11.9.0.202307121226/tools/bin/../lib/gcc/arm-none-eabi/12.3.1/../../../../arm-none-eabi/lib/thumb/v7e-m+fp/softfp/libc.a(libc_a-lock.o)
                0x00004674                __retarget_lock_release_recursive
 .text.sysconf  0x00004678       0x1c /usr/local/mcuxpressoide-11.9.0_2144/ide/plugins/com.nxp.mcuxpresso.tools.linux_11.9.0.202307121226/tools/bin/../lib/gcc/arm-none-eabi/12.3.1/../../../../arm-none-eabi/lib/thumb/v7e-m+fp/softfp/libc.a(libc_a-sysconf.o)
                0x00004678                sysconf
 .text._putc_r  0x00004694       0x78 /usr/local/mcuxpressoide-11.9.0_2144/ide/plugins/com.nxp.mcuxpresso.tools.linux_11.9.0.202307121226/tools/bin/../lib/gcc/arm-none-eabi/12.3.1/../../../../arm-none-eabi/lib/thumb/v7e-m+fp/softfp/libc.a(libc_a-putc.o)
                0x00004694                _putc_r
 .text._puts_r  0x0000470c       0x98 /usr/local/mcuxpressoide-11.9.0_2144/ide/plugins/com.nxp.mcuxpresso.tools.linux_11.9.0.202307121226/tools/bin/../lib/gcc/arm-none-eabi/12.3.1/../../../../arm-none-eabi/lib/thumb/v7e-m+fp/softfp/libc.a(libc_a-puts.o)
                0x0000470c                _puts_r
 .text.puts     0x000047a4       0x10 /usr/local/mcuxpressoide-11.9.0_2144/ide/plugins/com.nxp.mcuxpresso.tools.linux_11.9.0.202307121226/tools/bin/../lib/gcc/arm-none-eabi/12.3.1/../../../../arm-none-eabi/lib/thumb/v7e-m+fp/softfp/libc.a(libc_a-puts.o)
                0x000047a4                puts
 .text._close_r
                0x000047b4       0x24 /usr/local/mcuxpressoide-11.9.0_2144/ide/plugins/com.nxp.mcuxpresso.tools.linux_11.9.0.202307121226/tools/bin/../lib/gcc/arm-none-eabi/12.3.1/../../../../arm-none-eabi/lib/thumb/v7e-m+fp/softfp/libc.a(libc_a-closer.o)
                0x000047b4                _close_r
 .text.__sflush_r
                0x000047d8      0x138 /usr/local/mcuxpressoide-11.9.0_2144/ide/plugins/com.nxp.mcuxpresso.tools.linux_11.9.0.202307121226/tools/bin/../lib/gcc/arm-none-eabi/12.3.1/../../../../arm-none-eabi/lib/thumb/v7e-m+fp/softfp/libc.a(libc_a-fflush.o)
                0x000047d8                __sflush_r
 .text._fflush_r
                0x00004910       0x54 /usr/local/mcuxpressoide-11.9.0_2144/ide/plugins/com.nxp.mcuxpresso.tools.linux_11.9.0.202307121226/tools/bin/../lib/gcc/arm-none-eabi/12.3.1/../../../../arm-none-eabi/lib/thumb/v7e-m+fp/softfp/libc.a(libc_a-fflush.o)
                0x00004910                _fflush_r
 .text.fflush   0x00004964       0x74 /usr/local/mcuxpressoide-11.9.0_2144/ide/plugins/com.nxp.mcuxpresso.tools.linux_11.9.0.202307121226/tools/bin/../lib/gcc/arm-none-eabi/12.3.1/../../../../arm-none-eabi/lib/thumb/v7e-m+fp/softfp/libc.a(libc_a-fflush.o)
                0x00004964                fflush
 .text.stdio_exit_handler
                0x000049d8       0x18 /usr/local/mcuxpressoide-11.9.0_2144/ide/plugins/com.nxp.mcuxpresso.tools.linux_11.9.0.202307121226/tools/bin/../lib/gcc/arm-none-eabi/12.3.1/../../../../arm-none-eabi/lib/thumb/v7e-m+fp/softfp/libc.a(libc_a-findfp.o)
 .text.cleanup_stdio
                0x000049f0       0x40 /usr/local/mcuxpressoide-11.9.0_2144/ide/plugins/com.nxp.mcuxpresso.tools.linux_11.9.0.202307121226/tools/bin/../lib/gcc/arm-none-eabi/12.3.1/../../../../arm-none-eabi/lib/thumb/v7e-m+fp/softfp/libc.a(libc_a-findfp.o)
 .text.global_stdio_init.part.0
                0x00004a30       0xf0 /usr/local/mcuxpressoide-11.9.0_2144/ide/plugins/com.nxp.mcuxpresso.tools.linux_11.9.0.202307121226/tools/bin/../lib/gcc/arm-none-eabi/12.3.1/../../../../arm-none-eabi/lib/thumb/v7e-m+fp/softfp/libc.a(libc_a-findfp.o)
 .text.__sinit  0x00004b20       0x3c /usr/local/mcuxpressoide-11.9.0_2144/ide/plugins/com.nxp.mcuxpresso.tools.linux_11.9.0.202307121226/tools/bin/../lib/gcc/arm-none-eabi/12.3.1/../../../../arm-none-eabi/lib/thumb/v7e-m+fp/softfp/libc.a(libc_a-findfp.o)
                0x00004b20                __sinit
 .text.__sfp_lock_acquire
                0x00004b5c        0xc /usr/local/mcuxpressoide-11.9.0_2144/ide/plugins/com.nxp.mcuxpresso.tools.linux_11.9.0.202307121226/tools/bin/../lib/gcc/arm-none-eabi/12.3.1/../../../../arm-none-eabi/lib/thumb/v7e-m+fp/softfp/libc.a(libc_a-findfp.o)
                0x00004b5c                __sfp_lock_acquire
 .text.__sfp_lock_release
                0x00004b68        0xc /usr/local/mcuxpressoide-11.9.0_2144/ide/plugins/com.nxp.mcuxpresso.tools.linux_11.9.0.202307121226/tools/bin/../lib/gcc/arm-none-eabi/12.3.1/../../../../arm-none-eabi/lib/thumb/v7e-m+fp/softfp/libc.a(libc_a-findfp.o)
                0x00004b68                __sfp_lock_release
 .text._malloc_trim_r
                0x00004b74       0xb8 /usr/local/mcuxpressoide-11.9.0_2144/ide/plugins/com.nxp.mcuxpresso.tools.linux_11.9.0.202307121226/tools/bin/../lib/gcc/arm-none-eabi/12.3.1/../../../../arm-none-eabi/lib/thumb/v7e-m+fp/softfp/libc.a(libc_a-freer.o)
                0x00004b74                _malloc_trim_r
 .text._free_r  0x00004c2c      0x1fc /usr/local/mcuxpressoide-11.9.0_2144/ide/plugins/com.nxp.mcuxpresso.tools.linux_11.9.0.202307121226/tools/bin/../lib/gcc/arm-none-eabi/12.3.1/../../../../arm-none-eabi/lib/thumb/v7e-m+fp/softfp/libc.a(libc_a-freer.o)
                0x00004c2c                _free_r
 .text._fstat_r
                0x00004e28       0x2c /usr/local/mcuxpressoide-11.9.0_2144/ide/plugins/com.nxp.mcuxpresso.tools.linux_11.9.0.202307121226/tools/bin/../lib/gcc/arm-none-eabi/12.3.1/../../../../arm-none-eabi/lib/thumb/v7e-m+fp/softfp/libc.a(libc_a-fstatr.o)
                0x00004e28                _fstat_r
 .text._lseek_r
                0x00004e54       0x2c /usr/local/mcuxpressoide-11.9.0_2144/ide/plugins/com.nxp.mcuxpresso.tools.linux_11.9.0.202307121226/tools/bin/../lib/gcc/arm-none-eabi/12.3.1/../../../../arm-none-eabi/lib/thumb/v7e-m+fp/softfp/libc.a(libc_a-lseekr.o)
                0x00004e54                _lseek_r
 .text._read_r  0x00004e80       0x2c /usr/local/mcuxpressoide-11.9.0_2144/ide/plugins/com.nxp.mcuxpresso.tools.linux_11.9.0.202307121226/tools/bin/../lib/gcc/arm-none-eabi/12.3.1/../../../../arm-none-eabi/lib/thumb/v7e-m+fp/softfp/libc.a(libc_a-readr.o)
                0x00004e80                _read_r
 .text.fiprintf
                0x00004eac       0x28 /usr/local/mcuxpressoide-11.9.0_2144/ide/plugins/com.nxp.mcuxpresso.tools.linux_11.9.0.202307121226/tools/bin/../lib/gcc/arm-none-eabi/12.3.1/../../../../arm-none-eabi/lib/thumb/v7e-m+fp/softfp/libc.a(libc_a-fiprintf.o)
                0x00004eac                fiprintf
 .text._sbrk_r  0x00004ed4       0x24 /usr/local/mcuxpressoide-11.9.0_2144/ide/plugins/com.nxp.mcuxpresso.tools.linux_11.9.0.202307121226/tools/bin/../lib/gcc/arm-none-eabi/12.3.1/../../../../arm-none-eabi/lib/thumb/v7e-m+fp/softfp/libc.a(libc_a-sbrkr.o)
                0x00004ed4                _sbrk_r
 .text.__sfvwrite_r
                0x00004ef8      0x300 /usr/local/mcuxpressoide-11.9.0_2144/ide/plugins/com.nxp.mcuxpresso.tools.linux_11.9.0.202307121226/tools/bin/../lib/gcc/arm-none-eabi/12.3.1/../../../../arm-none-eabi/lib/thumb/v7e-m+fp/softfp/libc.a(libc_a-fvwrite.o)
                0x00004ef8                __sfvwrite_r
 .text._fwalk_sglue
                0x000051f8       0x48 /usr/local/mcuxpressoide-11.9.0_2144/ide/plugins/com.nxp.mcuxpresso.tools.linux_11.9.0.202307121226/tools/bin/../lib/gcc/arm-none-eabi/12.3.1/../../../../arm-none-eabi/lib/thumb/v7e-m+fp/softfp/libc.a(libc_a-fwalk.o)
                0x000051f8                _fwalk_sglue
 .text.__sprint_r.part.0
                0x00005240       0x78 /usr/local/mcuxpressoide-11.9.0_2144/ide/plugins/com.nxp.mcuxpresso.tools.linux_11.9.0.202307121226/tools/bin/../lib/gcc/arm-none-eabi/12.3.1/../../../../arm-none-eabi/lib/thumb/v7e-m+fp/softfp/libc.a(libc_a-vfiprintf.o)
 .text._vfiprintf_r
                0x000052b8      0xfa8 /usr/local/mcuxpressoide-11.9.0_2144/ide/plugins/com.nxp.mcuxpresso.tools.linux_11.9.0.202307121226/tools/bin/../lib/gcc/arm-none-eabi/12.3.1/../../../../arm-none-eabi/lib/thumb/v7e-m+fp/softfp/libc.a(libc_a-vfiprintf.o)
                0x000052b8                _vfiprintf_r
 .text.__sbprintf
                0x00006260       0x80 /usr/local/mcuxpressoide-11.9.0_2144/ide/plugins/com.nxp.mcuxpresso.tools.linux_11.9.0.202307121226/tools/bin/../lib/gcc/arm-none-eabi/12.3.1/../../../../arm-none-eabi/lib/thumb/v7e-m+fp/softfp/libc.a(libc_a-vfiprintf.o)
 .text.__swbuf_r
                0x000062e0       0xac /usr/local/mcuxpressoide-11.9.0_2144/ide/plugins/com.nxp.mcuxpresso.tools.linux_11.9.0.202307121226/tools/bin/../lib/gcc/arm-none-eabi/12.3.1/../../../../arm-none-eabi/lib/thumb/v7e-m+fp/softfp/libc.a(libc_a-wbuf.o)
                0x000062e0                __swbuf_r
 .text.abort    0x0000638c       0x10 /usr/local/mcuxpressoide-11.9.0_2144/ide/plugins/com.nxp.mcuxpresso.tools.linux_11.9.0.202307121226/tools/bin/../lib/gcc/arm-none-eabi/12.3.1/../../../../arm-none-eabi/lib/thumb/v7e-m+fp/softfp/libc.a(libc_a-abort.o)
                0x0000638c                abort
 .text.memmove  0x0000639c      0x100 /usr/local/mcuxpressoide-11.9.0_2144/ide/plugins/com.nxp.mcuxpresso.tools.linux_11.9.0.202307121226/tools/bin/../lib/gcc/arm-none-eabi/12.3.1/../../../../arm-none-eabi/lib/thumb/v7e-m+fp/softfp/libc.a(libc_a-memmove.o)
                0x0000639c                memmove
 .text._wcrtomb_r
                0x0000649c       0x4c /usr/local/mcuxpressoide-11.9.0_2144/ide/plugins/com.nxp.mcuxpresso.tools.linux_11.9.0.202307121226/tools/bin/../lib/gcc/arm-none-eabi/12.3.1/../../../../arm-none-eabi/lib/thumb/v7e-m+fp/softfp/libc.a(libc_a-wcrtomb.o)
                0x0000649c                _wcrtomb_r
 .text.__locale_mb_cur_max
                0x000064e8        0xc /usr/local/mcuxpressoide-11.9.0_2144/ide/plugins/com.nxp.mcuxpresso.tools.linux_11.9.0.202307121226/tools/bin/../lib/gcc/arm-none-eabi/12.3.1/../../../../arm-none-eabi/lib/thumb/v7e-m+fp/softfp/libc.a(libc_a-locale.o)
                0x000064e8                __locale_mb_cur_max
 .text._localeconv_r
                0x000064f4        0x8 /usr/local/mcuxpressoide-11.9.0_2144/ide/plugins/com.nxp.mcuxpresso.tools.linux_11.9.0.202307121226/tools/bin/../lib/gcc/arm-none-eabi/12.3.1/../../../../arm-none-eabi/lib/thumb/v7e-m+fp/softfp/libc.a(libc_a-localeconv.o)
                0x000064f4                _localeconv_r
 .text._fclose_r
                0x000064fc       0xc0 /usr/local/mcuxpressoide-11.9.0_2144/ide/plugins/com.nxp.mcuxpresso.tools.linux_11.9.0.202307121226/tools/bin/../lib/gcc/arm-none-eabi/12.3.1/../../../../arm-none-eabi/lib/thumb/v7e-m+fp/softfp/libc.a(libc_a-fclose.o)
                0x000064fc                _fclose_r
 .text.__swsetup_r
                0x000065bc       0xc0 /usr/local/mcuxpressoide-11.9.0_2144/ide/plugins/com.nxp.mcuxpresso.tools.linux_11.9.0.202307121226/tools/bin/../lib/gcc/arm-none-eabi/12.3.1/../../../../arm-none-eabi/lib/thumb/v7e-m+fp/softfp/libc.a(libc_a-wsetup.o)
                0x000065bc                __swsetup_r
 .text.__smakebuf_r
                0x0000667c       0xdc /usr/local/mcuxpressoide-11.9.0_2144/ide/plugins/com.nxp.mcuxpresso.tools.linux_11.9.0.202307121226/tools/bin/../lib/gcc/arm-none-eabi/12.3.1/../../../../arm-none-eabi/lib/thumb/v7e-m+fp/softfp/libc.a(libc_a-makebuf.o)
                0x0000667c                __smakebuf_r
 .text._wcsrtombs_r
                0x00006758       0x18 /usr/local/mcuxpressoide-11.9.0_2144/ide/plugins/com.nxp.mcuxpresso.tools.linux_11.9.0.202307121226/tools/bin/../lib/gcc/arm-none-eabi/12.3.1/../../../../arm-none-eabi/lib/thumb/v7e-m+fp/softfp/libc.a(libc_a-wcsrtombs.o)
                0x00006758                _wcsrtombs_r
 .text._realloc_r
                0x00006770      0x344 /usr/local/mcuxpressoide-11.9.0_2144/ide/plugins/com.nxp.mcuxpresso.tools.linux_11.9.0.202307121226/tools/bin/../lib/gcc/arm-none-eabi/12.3.1/../../../../arm-none-eabi/lib/thumb/v7e-m+fp/softfp/libc.a(libc_a-reallocr.o)
                0x00006770                _realloc_r
 .text.strncpy  0x00006ab4       0x68 /usr/local/mcuxpressoide-11.9.0_2144/ide/plugins/com.nxp.mcuxpresso.tools.linux_11.9.0.202307121226/tools/bin/../lib/gcc/arm-none-eabi/12.3.1/../../../../arm-none-eabi/lib/thumb/v7e-m+fp/softfp/libc.a(libc_a-strncpy.o)
                0x00006ab4                strncpy
 .text.raise    0x00006b1c       0x58 /usr/local/mcuxpressoide-11.9.0_2144/ide/plugins/com.nxp.mcuxpresso.tools.linux_11.9.0.202307121226/tools/bin/../lib/gcc/arm-none-eabi/12.3.1/../../../../arm-none-eabi/lib/thumb/v7e-m+fp/softfp/libc.a(libc_a-signal.o)
                0x00006b1c                raise
 .text._isatty_r
                0x00006b74       0x24 /usr/local/mcuxpressoide-11.9.0_2144/ide/plugins/com.nxp.mcuxpresso.tools.linux_11.9.0.202307121226/tools/bin/../lib/gcc/arm-none-eabi/12.3.1/../../../../arm-none-eabi/lib/thumb/v7e-m+fp/softfp/libc.a(libc_a-isattyr.o)
                0x00006b74                _isatty_r
 .text.__fputwc
                0x00006b98       0x7c /usr/local/mcuxpressoide-11.9.0_2144/ide/plugins/com.nxp.mcuxpresso.tools.linux_11.9.0.202307121226/tools/bin/../lib/gcc/arm-none-eabi/12.3.1/../../../../arm-none-eabi/lib/thumb/v7e-m+fp/softfp/libc.a(libc_a-fputwc.o)
                0x00006b98                __fputwc
 .text._fputwc_r
                0x00006c14       0x60 /usr/local/mcuxpressoide-11.9.0_2144/ide/plugins/com.nxp.mcuxpresso.tools.linux_11.9.0.202307121226/tools/bin/../lib/gcc/arm-none-eabi/12.3.1/../../../../arm-none-eabi/lib/thumb/v7e-m+fp/softfp/libc.a(libc_a-fputwc.o)
                0x00006c14                _fputwc_r
 .text.__ascii_wctomb
                0x00006c74       0x1c /usr/local/mcuxpressoide-11.9.0_2144/ide/plugins/com.nxp.mcuxpresso.tools.linux_11.9.0.202307121226/tools/bin/../lib/gcc/arm-none-eabi/12.3.1/../../../../arm-none-eabi/lib/thumb/v7e-m+fp/softfp/libc.a(libc_a-wctomb_r.o)
                0x00006c74                __ascii_wctomb
 .text._kill_r  0x00006c90       0x2c /usr/local/mcuxpressoide-11.9.0_2144/ide/plugins/com.nxp.mcuxpresso.tools.linux_11.9.0.202307121226/tools/bin/../lib/gcc/arm-none-eabi/12.3.1/../../../../arm-none-eabi/lib/thumb/v7e-m+fp/softfp/libc.a(libc_a-signalr.o)
                0x00006c90                _kill_r
 .text._getpid_r
                0x00006cbc        0x4 /usr/local/mcuxpressoide-11.9.0_2144/ide/plugins/com.nxp.mcuxpresso.tools.linux_11.9.0.202307121226/tools/bin/../lib/gcc/arm-none-eabi/12.3.1/../../../../arm-none-eabi/lib/thumb/v7e-m+fp/softfp/libc.a(libc_a-signalr.o)
                0x00006cbc                _getpid_r
 .text.__ascii_mbtowc
                0x00006cc0       0x2c /usr/local/mcuxpressoide-11.9.0_2144/ide/plugins/com.nxp.mcuxpresso.tools.linux_11.9.0.202307121226/tools/bin/../lib/gcc/arm-none-eabi/12.3.1/../../../../arm-none-eabi/lib/thumb/v7e-m+fp/softfp/libc.a(libc_a-mbtowc_r.o)
                0x00006cc0                __ascii_mbtowc
 .text._wcsnrtombs_l
                0x00006cec       0xfc /usr/local/mcuxpressoide-11.9.0_2144/ide/plugins/com.nxp.mcuxpresso.tools.linux_11.9.0.202307121226/tools/bin/../lib/gcc/arm-none-eabi/12.3.1/../../../../arm-none-eabi/lib/thumb/v7e-m+fp/softfp/libc.a(libc_a-wcsnrtombs.o)
                0x00006cec                _wcsnrtombs_l
 .text._wcsnrtombs_r
                0x00006de8       0x24 /usr/local/mcuxpressoide-11.9.0_2144/ide/plugins/com.nxp.mcuxpresso.tools.linux_11.9.0.202307121226/tools/bin/../lib/gcc/arm-none-eabi/12.3.1/../../../../arm-none-eabi/lib/thumb/v7e-m+fp/softfp/libc.a(libc_a-wcsnrtombs.o)
                0x00006de8                _wcsnrtombs_r
 *(.rodata)
 .rodata        0x00006e0c       0xd0 ./main-i2c.o
 .rodata        0x00006edc      0x162 ./si4735-lib.o
 *fill*         0x0000703e        0x2 
 .rodata        0x00007040       0x14 /home/phatt/University/apps/lcd-1-prep/apps-workspace.mcu/i2c/mbed-os/lib/libmbed-os.a(pinmap.o)
 *(.rodata*)
 .rodata.us_data
                0x00007054        0x8 /home/phatt/University/apps/lcd-1-prep/apps-workspace.mcu/i2c/mbed-os/lib/libmbed-os.a(mbed_us_ticker_api.o)
 .rodata.us_interface
                0x0000705c       0x24 /home/phatt/University/apps/lcd-1-prep/apps-workspace.mcu/i2c/mbed-os/lib/libmbed-os.a(mbed_us_ticker_api.o)
 .rodata.schedule_interrupt.str1.1
                0x00007080       0x4b /home/phatt/University/apps/lcd-1-prep/apps-workspace.mcu/i2c/mbed-os/lib/libmbed-os.a(mbed_ticker_api.o)
 .rodata.initialize.str1.1
                0x000070cb       0x55 /home/phatt/University/apps/lcd-1-prep/apps-workspace.mcu/i2c/mbed-os/lib/libmbed-os.a(mbed_ticker_api.o)
 .rodata.core_util_critical_section_enter.str1.1
                0x00007120       0x5b /home/phatt/University/apps/lcd-1-prep/apps-workspace.mcu/i2c/mbed-os/lib/libmbed-os.a(mbed_critical.o)
 .rodata.print_error_report.constprop.0.str1.1
                0x0000717b      0x18a /home/phatt/University/apps/lcd-1-prep/apps-workspace.mcu/i2c/mbed-os/lib/libmbed-os.a(mbed_error.o)
 .rodata.mbed_error.str1.1
                0x00007305       0x7d /home/phatt/University/apps/lcd-1-prep/apps-workspace.mcu/i2c/mbed-os/lib/libmbed-os.a(mbed_error.o)
 .rodata.__cxa_guard_acquire.str1.1
                0x00007382       0x4a /home/phatt/University/apps/lcd-1-prep/apps-workspace.mcu/i2c/mbed-os/lib/libmbed-os.a(mbed_retarget.o)
 .rodata.__cxa_guard_release.str1.1
                0x000073cc       0x37 /home/phatt/University/apps/lcd-1-prep/apps-workspace.mcu/i2c/mbed-os/lib/libmbed-os.a(mbed_retarget.o)
 .rodata._write.str1.1
                0x00007403        0x2 /home/phatt/University/apps/lcd-1-prep/apps-workspace.mcu/i2c/mbed-os/lib/libmbed-os.a(mbed_retarget.o)
 *fill*         0x00007405        0x3 
 .rodata._ZTV12DirectSerial
                0x00007408       0x50 /home/phatt/University/apps/lcd-1-prep/apps-workspace.mcu/i2c/mbed-os/lib/libmbed-os.a(mbed_retarget.o)
                0x00007408                vtable for DirectSerial
 .rodata._ZZL15default_consolevE14console_pinmap
                0x00007458       0x18 /home/phatt/University/apps/lcd-1-prep/apps-workspace.mcu/i2c/mbed-os/lib/libmbed-os.a(mbed_retarget.o)
 .rodata.info.1
                0x00007470        0x8 /home/phatt/University/apps/lcd-1-prep/apps-workspace.mcu/i2c/mbed-os/lib/libmbed-os.a(us_ticker.o)
 .rodata.serial_init_direct.str1.1
                0x00007478       0x74 /home/phatt/University/apps/lcd-1-prep/apps-workspace.mcu/i2c/mbed-os/lib/libmbed-os.a(serial_api.o)
 .rodata.uart_clocks
                0x000074ec        0x6 /home/phatt/University/apps/lcd-1-prep/apps-workspace.mcu/i2c/mbed-os/lib/libmbed-os.a(serial_api.o)
 *fill*         0x000074f2        0x2 
 .rodata.uart_addrs
                0x000074f4       0x18 /home/phatt/University/apps/lcd-1-prep/apps-workspace.mcu/i2c/mbed-os/lib/libmbed-os.a(serial_api.o)
 .rodata.gpio_set.str1.1
                0x0000750c       0x49 /home/phatt/University/apps/lcd-1-prep/apps-workspace.mcu/i2c/mbed-os/lib/libmbed-os.a(gpio_api.o)
                                 0x5c (size before relaxing)
 .rodata.gpio_dir.str1.1
                0x00007555       0x18 /home/phatt/University/apps/lcd-1-prep/apps-workspace.mcu/i2c/mbed-os/lib/libmbed-os.a(gpio_api.o)
 *fill*         0x0000756d        0x3 
 .rodata.gpio_addrs
                0x00007570       0x14 /home/phatt/University/apps/lcd-1-prep/apps-workspace.mcu/i2c/mbed-os/lib/libmbed-os.a(gpio_api.o)
 .rodata.pin_function.str1.1
                0x00007584       0x47 /home/phatt/University/apps/lcd-1-prep/apps-workspace.mcu/i2c/mbed-os/lib/libmbed-os.a(pinmap.o)
                                 0x5a (size before relaxing)
 *fill*         0x000075cb        0x1 
 .rodata.port_addrs
                0x000075cc       0x14 /home/phatt/University/apps/lcd-1-prep/apps-workspace.mcu/i2c/mbed-os/lib/libmbed-os.a(pinmap.o)
 .rodata.hal_critical_section_exit.str1.1
                0x000075e0       0x4b /home/phatt/University/apps/lcd-1-prep/apps-workspace.mcu/i2c/mbed-os/lib/libmbed-os.a(mbed_critical_section_api.o)
 .rodata.mbed_error_vprintf.str1.1
                0x0000762b        0x5 /home/phatt/University/apps/lcd-1-prep/apps-workspace.mcu/i2c/mbed-os/lib/libmbed-os.a(mbed_board.o)
 .rodata.CSWTCH.21
                0x00007630       0x2f /home/phatt/University/apps/lcd-1-prep/apps-workspace.mcu/i2c/mbed-os/lib/libmbed-os.a(mbed_printf_implementation.o)
 .rodata.int2hex_upper.0
                0x0000765f       0x10 /home/phatt/University/apps/lcd-1-prep/apps-workspace.mcu/i2c/mbed-os/lib/libmbed-os.a(mbed_printf_implementation.o)
 .rodata.int2hex_lower.1
                0x0000766f       0x10 /home/phatt/University/apps/lcd-1-prep/apps-workspace.mcu/i2c/mbed-os/lib/libmbed-os.a(mbed_printf_implementation.o)
 .rodata.CLOCK_GetMcgExtClkFreq.str1.1
                0x0000767f       0x77 /home/phatt/University/apps/lcd-1-prep/apps-workspace.mcu/i2c/mbed-os/lib/libmbed-os.a(fsl_clock.o)
 .rodata.CLOCK_GetPll0Freq.str1.1
                0x000076f6        0xb /home/phatt/University/apps/lcd-1-prep/apps-workspace.mcu/i2c/mbed-os/lib/libmbed-os.a(fsl_clock.o)
 .rodata.__func__.4
                0x00007701       0x12 /home/phatt/University/apps/lcd-1-prep/apps-workspace.mcu/i2c/mbed-os/lib/libmbed-os.a(fsl_clock.o)
 *fill*         0x00007713        0x1 
 .rodata.fllFactorTable.5
                0x00007714       0x10 /home/phatt/University/apps/lcd-1-prep/apps-workspace.mcu/i2c/mbed-os/lib/libmbed-os.a(fsl_clock.o)
 .rodata.__func__.6
                0x00007724       0x17 /home/phatt/University/apps/lcd-1-prep/apps-workspace.mcu/i2c/mbed-os/lib/libmbed-os.a(fsl_clock.o)
 .rodata.__func__.7
                0x0000773b       0x16 /home/phatt/University/apps/lcd-1-prep/apps-workspace.mcu/i2c/mbed-os/lib/libmbed-os.a(fsl_clock.o)
 .rodata.__func__.8
                0x00007751       0x17 /home/phatt/University/apps/lcd-1-prep/apps-workspace.mcu/i2c/mbed-os/lib/libmbed-os.a(fsl_clock.o)
 .rodata.EDMA_GetInstance.str1.1
                0x00007768       0x83 /home/phatt/University/apps/lcd-1-prep/apps-workspace.mcu/i2c/mbed-os/lib/libmbed-os.a(fsl_edma.o)
 .rodata.EDMA_CreateHandle.str1.1
                0x000077eb        0xf /home/phatt/University/apps/lcd-1-prep/apps-workspace.mcu/i2c/mbed-os/lib/libmbed-os.a(fsl_edma.o)
 .rodata.__func__.0
                0x000077fa        0xf /home/phatt/University/apps/lcd-1-prep/apps-workspace.mcu/i2c/mbed-os/lib/libmbed-os.a(fsl_edma.o)
 .rodata.DSPI_GetInstance.str1.1
                0x00007809       0x80 /home/phatt/University/apps/lcd-1-prep/apps-workspace.mcu/i2c/mbed-os/lib/libmbed-os.a(fsl_dspi.o)
 .rodata.SPI0_DriverIRQHandler.str1.1
                0x00007889       0x18 /home/phatt/University/apps/lcd-1-prep/apps-workspace.mcu/i2c/mbed-os/lib/libmbed-os.a(fsl_dspi.o)
 .rodata.SPI1_DriverIRQHandler.str1.1
                0x000078a1       0x18 /home/phatt/University/apps/lcd-1-prep/apps-workspace.mcu/i2c/mbed-os/lib/libmbed-os.a(fsl_dspi.o)
 .rodata.SPI2_DriverIRQHandler.str1.1
                0x000078b9       0x18 /home/phatt/University/apps/lcd-1-prep/apps-workspace.mcu/i2c/mbed-os/lib/libmbed-os.a(fsl_dspi.o)
 .rodata.__func__.0
                0x000078d1       0x16 /home/phatt/University/apps/lcd-1-prep/apps-workspace.mcu/i2c/mbed-os/lib/libmbed-os.a(fsl_dspi.o)
 .rodata.__func__.1
                0x000078e7       0x16 /home/phatt/University/apps/lcd-1-prep/apps-workspace.mcu/i2c/mbed-os/lib/libmbed-os.a(fsl_dspi.o)
 .rodata.__func__.2
                0x000078fd       0x16 /home/phatt/University/apps/lcd-1-prep/apps-workspace.mcu/i2c/mbed-os/lib/libmbed-os.a(fsl_dspi.o)
 .rodata.PIT_GetInstance.isra.0.str1.1
                0x00007913       0x81 /home/phatt/University/apps/lcd-1-prep/apps-workspace.mcu/i2c/mbed-os/lib/libmbed-os.a(fsl_pit.o)
 .rodata.PIT_Init.str1.1
                0x00007994        0x7 /home/phatt/University/apps/lcd-1-prep/apps-workspace.mcu/i2c/mbed-os/lib/libmbed-os.a(fsl_pit.o)
 .rodata.__func__.0
                0x0000799b       0x10 /home/phatt/University/apps/lcd-1-prep/apps-workspace.mcu/i2c/mbed-os/lib/libmbed-os.a(fsl_pit.o)
 .rodata.__func__.1
                0x000079ab        0x9 /home/phatt/University/apps/lcd-1-prep/apps-workspace.mcu/i2c/mbed-os/lib/libmbed-os.a(fsl_pit.o)
 .rodata.UART_TransferGetRxRingBufferLength.str1.1
                0x000079b4       0x64 /home/phatt/University/apps/lcd-1-prep/apps-workspace.mcu/i2c/mbed-os/lib/libmbed-os.a(fsl_uart.o)
 .rodata.UART_GetInstance.str1.1
                0x00007a18       0x1a /home/phatt/University/apps/lcd-1-prep/apps-workspace.mcu/i2c/mbed-os/lib/libmbed-os.a(fsl_uart.o)
 .rodata.UART_Init.str1.1
                0x00007a32       0x8f /home/phatt/University/apps/lcd-1-prep/apps-workspace.mcu/i2c/mbed-os/lib/libmbed-os.a(fsl_uart.o)
                                 0x96 (size before relaxing)
 .rodata.UART_SetBaudRate.str1.1
                0x00007ac1       0x8f /home/phatt/University/apps/lcd-1-prep/apps-workspace.mcu/i2c/mbed-os/lib/libmbed-os.a(fsl_uart.o)
                                  0xd (size before relaxing)
 .rodata.__func__.15
                0x00007ac1       0x11 /home/phatt/University/apps/lcd-1-prep/apps-workspace.mcu/i2c/mbed-os/lib/libmbed-os.a(fsl_uart.o)
 .rodata.__func__.16
                0x00007ad2       0x16 /home/phatt/University/apps/lcd-1-prep/apps-workspace.mcu/i2c/mbed-os/lib/libmbed-os.a(fsl_uart.o)
 .rodata.__func__.17
                0x00007ae8        0xa /home/phatt/University/apps/lcd-1-prep/apps-workspace.mcu/i2c/mbed-os/lib/libmbed-os.a(fsl_uart.o)
 .rodata.__func__.18
                0x00007af2       0x11 /home/phatt/University/apps/lcd-1-prep/apps-workspace.mcu/i2c/mbed-os/lib/libmbed-os.a(fsl_uart.o)
 *fill*         0x00007b03        0x1 
 .rodata.s_uartClock
                0x00007b04       0x18 /home/phatt/University/apps/lcd-1-prep/apps-workspace.mcu/i2c/mbed-os/lib/libmbed-os.a(fsl_uart.o)
 .rodata.__assert_func.str1.4
                0x00007b1c       0x3f /usr/local/mcuxpressoide-11.9.0_2144/ide/plugins/com.nxp.mcuxpresso.tools.linux_11.9.0.202307121226/tools/bin/../lib/gcc/arm-none-eabi/12.3.1/../../../../arm-none-eabi/lib/thumb/v7e-m+fp/softfp/libc.a(libc_a-assert.o)
                                 0x43 (size before relaxing)
 *fill*         0x00007b5b        0x1 
 .rodata._puts_r.str1.4
                0x00007b5c        0x2 /usr/local/mcuxpressoide-11.9.0_2144/ide/plugins/com.nxp.mcuxpresso.tools.linux_11.9.0.202307121226/tools/bin/../lib/gcc/arm-none-eabi/12.3.1/../../../../arm-none-eabi/lib/thumb/v7e-m+fp/softfp/libc.a(libc_a-puts.o)
 *fill*         0x00007b5e        0x2 
 .rodata._vfiprintf_r.str1.4
                0x00007b60       0x2f /usr/local/mcuxpressoide-11.9.0_2144/ide/plugins/com.nxp.mcuxpresso.tools.linux_11.9.0.202307121226/tools/bin/../lib/gcc/arm-none-eabi/12.3.1/../../../../arm-none-eabi/lib/thumb/v7e-m+fp/softfp/libc.a(libc_a-vfiprintf.o)
 *fill*         0x00007b8f        0x1 
 .rodata.zeroes.0
                0x00007b90       0x10 /usr/local/mcuxpressoide-11.9.0_2144/ide/plugins/com.nxp.mcuxpresso.tools.linux_11.9.0.202307121226/tools/bin/../lib/gcc/arm-none-eabi/12.3.1/../../../../arm-none-eabi/lib/thumb/v7e-m+fp/softfp/libc.a(libc_a-vfiprintf.o)
 .rodata.blanks.1
                0x00007ba0       0x10 /usr/local/mcuxpressoide-11.9.0_2144/ide/plugins/com.nxp.mcuxpresso.tools.linux_11.9.0.202307121226/tools/bin/../lib/gcc/arm-none-eabi/12.3.1/../../../../arm-none-eabi/lib/thumb/v7e-m+fp/softfp/libc.a(libc_a-vfiprintf.o)
 .rodata.str1.4
                0x00007bb0       0x48 /usr/local/mcuxpressoide-11.9.0_2144/ide/plugins/com.nxp.mcuxpresso.tools.linux_11.9.0.202307121226/tools/bin/../lib/gcc/arm-none-eabi/12.3.1/../../../../arm-none-eabi/lib/thumb/v7e-m+fp/softfp/libc.a(libc_a-locale.o)
                                 0x4c (size before relaxing)
 .rodata._ctype_
                0x00007bf8      0x101 /usr/local/mcuxpressoide-11.9.0_2144/ide/plugins/com.nxp.mcuxpresso.tools.linux_11.9.0.202307121226/tools/bin/../lib/gcc/arm-none-eabi/12.3.1/../../../../arm-none-eabi/lib/thumb/v7e-m+fp/softfp/libc.a(libc_a-ctype_.o)
                0x00007bf8                _ctype_
 *(.glue_7)
 .glue_7        0x00007cf9        0x0 linker stubs
 *(.glue_7t)
 .glue_7t       0x00007cf9        0x0 linker stubs
 *(.eh_frame)
 *fill*         0x00007cf9        0x3 
 .eh_frame      0x00007cfc        0x0 /usr/local/mcuxpressoide-11.9.0_2144/ide/plugins/com.nxp.mcuxpresso.tools.linux_11.9.0.202307121226/tools/bin/../lib/gcc/arm-none-eabi/12.3.1/thumb/v7e-m+fp/softfp/crtbegin.o
 *(.init)
 .init          0x00007cfc        0x4 /usr/local/mcuxpressoide-11.9.0_2144/ide/plugins/com.nxp.mcuxpresso.tools.linux_11.9.0.202307121226/tools/bin/../lib/gcc/arm-none-eabi/12.3.1/thumb/v7e-m+fp/softfp/crti.o
                0x00007cfc                _init