Archive member included to satisfy reference by file (symbol)

/home/phatt/University/apps/lcd-1-prep/apps-workspace.mcu/lcd/mbed-os/lib/libmbed-os.a(SPI.o)
                              ./lcd_lib.o (mbed::SPI::~SPI())
/home/phatt/University/apps/lcd-1-prep/apps-workspace.mcu/lcd/mbed-os/lib/libmbed-os.a(mbed_compat.o)
                              ./main-lcd.o (gpio_free)
/home/phatt/University/apps/lcd-1-prep/apps-workspace.mcu/lcd/mbed-os/lib/libmbed-os.a(mbed_gpio.o)
                              ./main-lcd.o (gpio_init_in)
/home/phatt/University/apps/lcd-1-prep/apps-workspace.mcu/lcd/mbed-os/lib/libmbed-os.a(mbed_us_ticker_api.o)
                              ./lcd_lib.o (_us_ticker_initialized)
/home/phatt/University/apps/lcd-1-prep/apps-workspace.mcu/lcd/mbed-os/lib/libmbed-os.a(mbed_ticker_api.o)
                              /home/phatt/University/apps/lcd-1-prep/apps-workspace.mcu/lcd/mbed-os/lib/libmbed-os.a(mbed_us_ticker_api.o) (ticker_irq_handler)
/home/phatt/University/apps/lcd-1-prep/apps-workspace.mcu/lcd/mbed-os/lib/libmbed-os.a(static_pinmap.o)
                              /home/phatt/University/apps/lcd-1-prep/apps-workspace.mcu/lcd/mbed-os/lib/libmbed-os.a(SPI.o) (spi_init_direct)
/home/phatt/University/apps/lcd-1-prep/apps-workspace.mcu/lcd/mbed-os/lib/libmbed-os.a(CThunkBase.o)
                              /home/phatt/University/apps/lcd-1-prep/apps-workspace.mcu/lcd/mbed-os/lib/libmbed-os.a(SPI.o) (CThunkBase::cthunk_alloc(CThunkBase*))
/home/phatt/University/apps/lcd-1-prep/apps-workspace.mcu/lcd/mbed-os/lib/libmbed-os.a(mbed_assert.o)
                              /home/phatt/University/apps/lcd-1-prep/apps-workspace.mcu/lcd/mbed-os/lib/libmbed-os.a(SPI.o) (mbed_assert_internal)
/home/phatt/University/apps/lcd-1-prep/apps-workspace.mcu/lcd/mbed-os/lib/libmbed-os.a(mbed_critical.o)
                              /home/phatt/University/apps/lcd-1-prep/apps-workspace.mcu/lcd/mbed-os/lib/libmbed-os.a(SPI.o) (core_util_critical_section_enter)
/home/phatt/University/apps/lcd-1-prep/apps-workspace.mcu/lcd/mbed-os/lib/libmbed-os.a(mbed_error.o)
                              /home/phatt/University/apps/lcd-1-prep/apps-workspace.mcu/lcd/mbed-os/lib/libmbed-os.a(mbed_ticker_api.o) (mbed_error)
/home/phatt/University/apps/lcd-1-prep/apps-workspace.mcu/lcd/mbed-os/lib/libmbed-os.a(mbed_power_mgmt.o)
                              /home/phatt/University/apps/lcd-1-prep/apps-workspace.mcu/lcd/mbed-os/lib/libmbed-os.a(SPI.o) (sleep_manager_lock_deep_sleep_internal)
/home/phatt/University/apps/lcd-1-prep/apps-workspace.mcu/lcd/mbed-os/lib/libmbed-os.a(mbed_sdk_boot.o)
                              /usr/local/mcuxpressoide-11.9.0_2144/ide/plugins/com.nxp.mcuxpresso.tools.linux_11.9.0.202307121226/tools/bin/../lib/gcc/arm-none-eabi/12.3.1/../../../../arm-none-eabi/lib/thumb/v7e-m+fp/softfp/crt0.o (__wrap_main)
/home/phatt/University/apps/lcd-1-prep/apps-workspace.mcu/lcd/mbed-os/lib/libmbed-os.a(mbed_wait_api_no_rtos.o)
                              ./lcd_lib.o (_wait_us_ticks)
/home/phatt/University/apps/lcd-1-prep/apps-workspace.mcu/lcd/mbed-os/lib/libmbed-os.a(mbed_retarget.o)
                              /usr/local/mcuxpressoide-11.9.0_2144/ide/plugins/com.nxp.mcuxpresso.tools.linux_11.9.0.202307121226/tools/bin/../lib/gcc/arm-none-eabi/12.3.1/../../../../arm-none-eabi/lib/thumb/v7e-m+fp/softfp/crt0.o (__wrap_exit)
/home/phatt/University/apps/lcd-1-prep/apps-workspace.mcu/lcd/mbed-os/lib/libmbed-os.a(startup_MK64F12.o)
                              (Reset_Handler)
/home/phatt/University/apps/lcd-1-prep/apps-workspace.mcu/lcd/mbed-os/lib/libmbed-os.a(system_MK64F12.o)
                              /home/phatt/University/apps/lcd-1-prep/apps-workspace.mcu/lcd/mbed-os/lib/libmbed-os.a(startup_MK64F12.o) (SystemInit)
/home/phatt/University/apps/lcd-1-prep/apps-workspace.mcu/lcd/mbed-os/lib/libmbed-os.a(pwmout_api.o)
                              /home/phatt/University/apps/lcd-1-prep/apps-workspace.mcu/lcd/mbed-os/lib/libmbed-os.a(static_pinmap.o) (pwmout_init)
/home/phatt/University/apps/lcd-1-prep/apps-workspace.mcu/lcd/mbed-os/lib/libmbed-os.a(us_ticker.o)
                              /home/phatt/University/apps/lcd-1-prep/apps-workspace.mcu/lcd/mbed-os/lib/libmbed-os.a(mbed_us_ticker_api.o) (us_ticker_init)
/home/phatt/University/apps/lcd-1-prep/apps-workspace.mcu/lcd/mbed-os/lib/libmbed-os.a(spi_api.o)
                              /home/phatt/University/apps/lcd-1-prep/apps-workspace.mcu/lcd/mbed-os/lib/libmbed-os.a(SPI.o) (spi_get_peripheral_name)
/home/phatt/University/apps/lcd-1-prep/apps-workspace.mcu/lcd/mbed-os/lib/libmbed-os.a(serial_api.o)
                              /home/phatt/University/apps/lcd-1-prep/apps-workspace.mcu/lcd/mbed-os/lib/libmbed-os.a(mbed_retarget.o) (stdio_uart_inited)
/home/phatt/University/apps/lcd-1-prep/apps-workspace.mcu/lcd/mbed-os/lib/libmbed-os.a(analogin_api.o)
[...]
Memory Configuration

Name             Origin             Length             Attributes
m_interrupts     0x00000000         0x00000400         xr
m_flash_config   0x00000400         0x00000010         xr
m_text           0x00000410         0x000ffbf0         xr
m_data           0x1fff0000         0x00010000         rw
m_data_2         0x20000000         0x00030000         rw
*default*        0x00000000         0xffffffff

Linker script and memory map

LOAD /usr/local/mcuxpressoide-11.9.0_2144/ide/plugins/com.nxp.mcuxpresso.tools.linux_11.9.0.202307121226/tools/bin/../lib/gcc/arm-none-eabi/12.3.1/thumb/v7e-m+fp/softfp/crti.o
LOAD /usr/local/mcuxpressoide-11.9.0_2144/ide/plugins/com.nxp.mcuxpresso.tools.linux_11.9.0.202307121226/tools/bin/../lib/gcc/arm-none-eabi/12.3.1/thumb/v7e-m+fp/softfp/crtbegin.o
LOAD /usr/local/mcuxpressoide-11.9.0_2144/ide/plugins/com.nxp.mcuxpresso.tools.linux_11.9.0.202307121226/tools/bin/../lib/gcc/arm-none-eabi/12.3.1/../../../../arm-none-eabi/lib/thumb/v7e-m+fp/softfp/crt0.o
LOAD ./mbed-os/symbols.o
LOAD ./lcd_lib.o
LOAD ./main-lcd.o
START GROUP
LOAD /usr/local/mcuxpressoide-11.9.0_2144/ide/plugins/com.nxp.mcuxpresso.tools.linux_11.9.0.202307121226/tools/bin/../lib/gcc/arm-none-eabi/12.3.1/../../../../arm-none-eabi/lib/thumb/v7e-m+fp/softfp/libstdc++.a
LOAD /usr/local/mcuxpressoide-11.9.0_2144/ide/plugins/com.nxp.mcuxpresso.tools.linux_11.9.0.202307121226/tools/bin/../lib/gcc/arm-none-eabi/12.3.1/../../../../arm-none-eabi/lib/thumb/v7e-m+fp/softfp/libsupc++.a
LOAD /usr/local/mcuxpressoide-11.9.0_2144/ide/plugins/com.nxp.mcuxpresso.tools.linux_11.9.0.202307121226/tools/bin/../lib/gcc/arm-none-eabi/12.3.1/thumb/v7e-m+fp/softfp/libgcc.a
LOAD /usr/local/mcuxpressoide-11.9.0_2144/ide/plugins/com.nxp.mcuxpresso.tools.linux_11.9.0.202307121226/tools/bin/../lib/gcc/arm-none-eabi/12.3.1/../../../../arm-none-eabi/lib/thumb/v7e-m+fp/softfp/libnosys.a
LOAD /home/phatt/University/apps/lcd-1-prep/apps-workspace.mcu/lcd/mbed-os/lib/libmbed-os.a
END GROUP
LOAD /home/phatt/University/apps/lcd-1-prep/apps-workspace.mcu/lcd/mbed-os/lib/libmbed-os.a
LOAD /usr/local/mcuxpressoide-11.9.0_2144/ide/plugins/com.nxp.mcuxpresso.tools.linux_11.9.0.202307121226/tools/bin/../lib/gcc/arm-none-eabi/12.3.1/../../../../arm-none-eabi/lib/thumb/v7e-m+fp/softfp/libstdc++.a
LOAD /usr/local/mcuxpressoide-11.9.0_2144/ide/plugins/com.nxp.mcuxpresso.tools.linux_11.9.0.202307121226/tools/bin/../lib/gcc/arm-none-eabi/12.3.1/../../../../arm-none-eabi/lib/thumb/v7e-m+fp/softfp/libsupc++.a
LOAD /usr/local/mcuxpressoide-11.9.0_2144/ide/plugins/com.nxp.mcuxpresso.tools.linux_11.9.0.202307121226/tools/bin/../lib/gcc/arm-none-eabi/12.3.1/../../../../arm-none-eabi/lib/thumb/v7e-m+fp/softfp/libm.a
LOAD /usr/local/mcuxpressoide-11.9.0_2144/ide/plugins/com.nxp.mcuxpresso.tools.linux_11.9.0.202307121226/tools/bin/../lib/gcc/arm-none-eabi/12.3.1/../../../../arm-none-eabi/lib/thumb/v7e-m+fp/softfp/libc.a
LOAD /usr/local/mcuxpressoide-11.9.0_2144/ide/plugins/com.nxp.mcuxpresso.tools.linux_11.9.0.202307121226/tools/bin/../lib/gcc/arm-none-eabi/12.3.1/thumb/v7e-m+fp/softfp/libgcc.a
LOAD /usr/local/mcuxpressoide-11.9.0_2144/ide/plugins/com.nxp.mcuxpresso.tools.linux_11.9.0.202307121226/tools/bin/../lib/gcc/arm-none-eabi/12.3.1/../../../../arm-none-eabi/lib/thumb/v7e-m+fp/softfp/libnosys.a
LOAD /usr/local/mcuxpressoide-11.9.0_2144/ide/plugins/com.nxp.mcuxpresso.tools.linux_11.9.0.202307121226/tools/bin/../lib/gcc/arm-none-eabi/12.3.1/../../../../arm-none-eabi/lib/thumb/v7e-m+fp/softfp/libstdc++.a
LOAD /usr/local/mcuxpressoide-11.9.0_2144/ide/plugins/com.nxp.mcuxpresso.tools.linux_11.9.0.202307121226/tools/bin/../lib/gcc/arm-none-eabi/12.3.1/../../../../arm-none-eabi/lib/thumb/v7e-m+fp/softfp/libm.a
LOAD /usr/local/mcuxpressoide-11.9.0_2144/ide/plugins/com.nxp.mcuxpresso.tools.linux_11.9.0.202307121226/tools/bin/../lib/gcc/arm-none-eabi/12.3.1/../../../../arm-none-eabi/lib/thumb/v7e-m+fp/softfp/libc.a
START GROUP
LOAD /usr/local/mcuxpressoide-11.9.0_2144/ide/plugins/com.nxp.mcuxpresso.tools.linux_11.9.0.202307121226/tools/bin/../lib/gcc/arm-none-eabi/12.3.1/thumb/v7e-m+fp/softfp/libgcc.a
LOAD /usr/local/mcuxpressoide-11.9.0_2144/ide/plugins/com.nxp.mcuxpresso.tools.linux_11.9.0.202307121226/tools/bin/../lib/gcc/arm-none-eabi/12.3.1/../../../../arm-none-eabi/lib/thumb/v7e-m+fp/softfp/libc.a
END GROUP
LOAD /usr/local/mcuxpressoide-11.9.0_2144/ide/plugins/com.nxp.mcuxpresso.tools.linux_11.9.0.202307121226/tools/bin/../lib/gcc/arm-none-eabi/12.3.1/thumb/v7e-m+fp/softfp/crtend.o
LOAD /usr/local/mcuxpressoide-11.9.0_2144/ide/plugins/com.nxp.mcuxpresso.tools.linux_11.9.0.202307121226/tools/bin/../lib/gcc/arm-none-eabi/12.3.1/thumb/v7e-m+fp/softfp/crtn.o
                0x00000001                        __ram_vector_table__ = 0x1
                0x00000400                        __stack_size__ = 0x400
                0x00000400                        STACK_SIZE = DEFINED (__stack_size__)?__stack_size__:0x400
                0x00000400                        M_VECTOR_RAM_SIZE = DEFINED (__ram_vector_table__)?0x400:0x0
                0x00000100                        M_CRASH_DATA_RAM_SIZE = 0x100

.interrupts     0x00000000      0x400
                0x00000000                        __VECTOR_TABLE = .
                0x00000000                        . = ALIGN (0x8)
 *(.isr_vector)
 .isr_vector    0x00000000      0x400 /home/phatt/University/apps/lcd-1-prep/apps-workspace.mcu/lcd/mbed-os/lib/libmbed-os.a(startup_MK64F12.o)
                0x00000000                __isr_vector
                0x00000400                        . = ALIGN (0x8)

.flash_config   0x00000400       0x10
                0x00000400                        . = ALIGN (0x8)
 *(.FlashConfig)
 .FlashConfig   0x00000400       0x10 /home/phatt/University/apps/lcd-1-prep/apps-workspace.mcu/lcd/mbed-os/lib/libmbed-os.a(startup_MK64F12.o)
                0x00000410                        . = ALIGN (0x8)

.text           0x00000440     0x96d8
                0x00000440                        . = ALIGN (0x8)
 *(.text)
 .text          0x00000440       0x7c /usr/local/mcuxpressoide-11.9.0_2144/ide/plugins/com.nxp.mcuxpresso.tools.linux_11.9.0.202307121226/tools/bin/../lib/gcc/arm-none-eabi/12.3.1/../../../../arm-none-eabi/lib/thumb/v7e-m+fp/softfp/crt0.o
                0x00000440                _stack_init
                0x00000448                _mainCRTStartup
                0x00000448                _start
 .text          0x000004bc      0x1e4 /home/phatt/University/apps/lcd-1-prep/apps-workspace.mcu/lcd/mbed-os/lib/libmbed-os.a(startup_MK64F12.o)
                0x000004bc                Reset_Handler
                0x00000500                DebugMon_Handler
                0x00000500                DMA_Error_DriverIRQHandler
                0x00000500                SDHC_DriverIRQHandler
                0x00000500                PIT0_IRQHandler
                0x00000500                CMP2_IRQHandler
                0x00000500                LLWU_IRQHandler
                0x00000500                I2S0_Tx_DriverIRQHandler
                0x00000500                ENET_1588_Timer_DriverIRQHandler
                0x00000500                SWI_IRQHandler
                0x00000500                ADC0_IRQHandler
                0x00000500                UsageFault_Handler
                0x00000500                CMT_IRQHandler
                0x00000500                DefaultISR
                0x00000500                UART5_ERR_DriverIRQHandler
                0x00000500                CMP1_IRQHandler
                0x00000500                Reserved71_IRQHandler
                0x00000500                PORTD_IRQHandler
                0x00000500                PORTB_IRQHandler
                0x00000500                UART2_ERR_DriverIRQHandler
                0x00000500                ADC1_IRQHandler
                0x00000500                PIT2_IRQHandler
                0x00000500                RTC_IRQHandler
                0x00000500                UART3_ERR_DriverIRQHandler
                0x00000500                PDB0_IRQHandler
                0x00000500                FTM1_IRQHandler
                0x00000500                PIT3_IRQHandler
                0x00000500                RTC_Seconds_IRQHandler
                0x00000500                MCG_IRQHandler
                0x00000500                FTFE_IRQHandler
                0x00000500                UART0_ERR_DriverIRQHandler
                0x00000500                Read_Collision_IRQHandler
                0x00000500                USBDCD_IRQHandler
                0x00000500                I2S0_Rx_DriverIRQHandler
                0x00000500                USB0_IRQHandler
                0x00000500                UART4_ERR_DriverIRQHandler
                0x00000500                WDOG_EWM_IRQHandler
                0x00000500                MemManage_Handler
                0x00000500                UART0_LON_DriverIRQHandler
                0x00000500                RNG_IRQHandler
                0x00000500                ENET_Receive_DriverIRQHandler
                0x00000500                DAC0_IRQHandler
                0x00000500                ENET_Error_DriverIRQHandler
                0x00000500                PIT1_IRQHandler
                0x00000500                LVD_LVW_IRQHandler
                0x00000500                FTM0_IRQHandler
                0x00000500                PORTA_IRQHandler
                0x00000500                DAC1_IRQHandler
                0x00000500                MCM_IRQHandler
                0x00000500                CAN0_DriverIRQHandler
                0x00000500                FTM3_IRQHandler
                0x00000500                PORTE_IRQHandler
                0x00000500                FTM2_IRQHandler
                0x00000500                LPTMR0_IRQHandler
                0x00000500                BusFault_Handler
                0x00000500                UART1_ERR_DriverIRQHandler
                0x00000500                ENET_Transmit_DriverIRQHandler
                0x00000500                CMP0_IRQHandler
                0x00000500                PORTC_IRQHandler
                0x00000504                NMI_Handler
                0x00000508                HardFault_Handler
                0x0000050c                SVC_Handler
                0x00000510                PendSV_Handler
                0x00000514                SysTick_Handler
                0x00000518                DMA0_IRQHandler
                0x0000051c                DMA1_IRQHandler
                0x00000520                DMA2_IRQHandler
                0x00000524                DMA3_IRQHandler
                0x00000528                DMA4_IRQHandler
                0x0000052c                DMA5_IRQHandler
                0x00000530                DMA6_IRQHandler
                0x00000534                DMA7_IRQHandler
                0x00000538                DMA8_IRQHandler
                0x0000053c                DMA9_IRQHandler
                0x00000540                DMA10_IRQHandler
                0x00000544                DMA11_IRQHandler
                0x00000548                DMA12_IRQHandler
                0x0000054c                DMA13_IRQHandler
                0x00000550                DMA14_IRQHandler
                0x00000554                DMA15_IRQHandler
                0x00000558                DMA_Error_IRQHandler
                0x0000055c                I2C0_IRQHandler
                0x00000560                I2C1_IRQHandler
                0x00000564                SPI0_IRQHandler
                0x00000568                SPI1_IRQHandler
                0x0000056c                I2S0_Tx_IRQHandler
                0x00000570                I2S0_Rx_IRQHandler
                0x00000574                UART0_LON_IRQHandler
                0x00000578                UART0_RX_TX_IRQHandler
                0x0000057c                UART0_ERR_IRQHandler
                0x00000580                UART1_RX_TX_IRQHandler
                0x00000584                UART1_ERR_IRQHandler
                0x00000588                UART2_RX_TX_IRQHandler
                0x0000058c                UART2_ERR_IRQHandler
                0x00000590                UART3_RX_TX_IRQHandler
                0x00000594                UART3_ERR_IRQHandler
                0x00000598                SPI2_IRQHandler
                0x0000059c                UART4_RX_TX_IRQHandler
                0x000005a0                UART4_ERR_IRQHandler
                0x000005a4                UART5_RX_TX_IRQHandler
                0x000005a8                UART5_ERR_IRQHandler
                0x000005ac                I2C2_IRQHandler
                0x000005b0                CAN0_ORed_Message_buffer_IRQHandler
                0x000005b4                CAN0_Bus_Off_IRQHandler
                0x000005b8                CAN0_Error_IRQHandler
                0x000005bc                CAN0_Tx_Warning_IRQHandler
                0x000005c0                CAN0_Rx_Warning_IRQHandler
                0x000005c4                CAN0_Wake_Up_IRQHandler
                0x000005c8                SDHC_IRQHandler
                0x000005cc                ENET_1588_Timer_IRQHandler
                0x000005d0                ENET_Transmit_IRQHandler
                0x000005d4                ENET_Receive_IRQHandler
                0x000005d8                ENET_Error_IRQHandler
 .text          0x000006a0       0x30 /usr/local/mcuxpressoide-11.9.0_2144/ide/plugins/com.nxp.mcuxpresso.tools.linux_11.9.0.202307121226/tools/bin/../lib/gcc/arm-none-eabi/12.3.1/thumb/v7e-m+fp/softfp/libgcc.a(_aeabi_uldivmod.o)
                0x000006a0                __aeabi_uldivmod
 .text          0x000006d0        0x4 /usr/local/mcuxpressoide-11.9.0_2144/ide/plugins/com.nxp.mcuxpresso.tools.linux_11.9.0.202307121226/tools/bin/../lib/gcc/arm-none-eabi/12.3.1/thumb/v7e-m+fp/softfp/libgcc.a(_dvmd_tls.o)
                0x000006d0                __aeabi_ldiv0
                0x000006d0                __aeabi_idiv0
 .text          0x000006d4      0x134 /usr/local/mcuxpressoide-11.9.0_2144/ide/plugins/com.nxp.mcuxpresso.tools.linux_11.9.0.202307121226/tools/bin/../lib/gcc/arm-none-eabi/12.3.1/../../../../arm-none-eabi/lib/thumb/v7e-m+fp/softfp/libc.a(libc_a-memcpy.o)
                0x000006d4                memcpy
 *fill*         0x00000808       0x38 
 .text          0x00000840       0xd8 /usr/local/mcuxpressoide-11.9.0_2144/ide/plugins/com.nxp.mcuxpresso.tools.linux_11.9.0.202307121226/tools/bin/../lib/gcc/arm-none-eabi/12.3.1/../../../../arm-none-eabi/lib/thumb/v7e-m+fp/softfp/libc.a(libc_a-strlen.o)
                0x00000840                strlen
 *fill*         0x00000918        0x8 
 .text          0x00000920       0xa0 /usr/local/mcuxpressoide-11.9.0_2144/ide/plugins/com.nxp.mcuxpresso.tools.linux_11.9.0.202307121226/tools/bin/../lib/gcc/arm-none-eabi/12.3.1/../../../../arm-none-eabi/lib/thumb/v7e-m+fp/softfp/libc.a(libc_a-memchr.o)
                0x00000920                memchr
 *(.text*)
 .text.deregister_tm_clones
                0x000009c0       0x1c /usr/local/mcuxpressoide-11.9.0_2144/ide/plugins/com.nxp.mcuxpresso.tools.linux_11.9.0.202307121226/tools/bin/../lib/gcc/arm-none-eabi/12.3.1/thumb/v7e-m+fp/softfp/crtbegin.o
 .text.register_tm_clones
                0x000009dc       0x24 /usr/local/mcuxpressoide-11.9.0_2144/ide/plugins/com.nxp.mcuxpresso.tools.linux_11.9.0.202307121226/tools/bin/../lib/gcc/arm-none-eabi/12.3.1/thumb/v7e-m+fp/softfp/crtbegin.o
 .text.__do_global_dtors_aux
                0x00000a00       0x28 /usr/local/mcuxpressoide-11.9.0_2144/ide/plugins/com.nxp.mcuxpresso.tools.linux_11.9.0.202307121226/tools/bin/../lib/gcc/arm-none-eabi/12.3.1/thumb/v7e-m+fp/softfp/crtbegin.o
 .text.frame_dummy
                0x00000a28       0x24 /usr/local/mcuxpressoide-11.9.0_2144/ide/plugins/com.nxp.mcuxpresso.tools.linux_11.9.0.202307121226/tools/bin/../lib/gcc/arm-none-eabi/12.3.1/thumb/v7e-m+fp/softfp/crtbegin.o
 .text._getpid  0x00000a4c        0xc ./mbed-os/symbols.o
                0x00000a4c                _getpid
 .text._kill    0x00000a58        0xc ./mbed-os/symbols.o
                0x00000a58                _kill
 .text.__aeabi_atexit
                0x00000a64        0xc ./mbed-os/symbols.o
                0x00000a64                __aeabi_atexit
 .text._ZN4mbed10DigitalOutC2E7PinNamei
                0x00000a70       0x26 ./lcd_lib.o
                0x00000a70                mbed::DigitalOut::DigitalOut(PinName, int)
                0x00000a70                mbed::DigitalOut::DigitalOut(PinName, int)
 .text._ZN4mbed10DigitalOut5writeEi
                0x00000a96       0x1a ./lcd_lib.o
                0x00000a96                mbed::DigitalOut::write(int)
 .text._ZN4mbed10DigitalOutaSEi
                0x00000ab0       0x1a ./lcd_lib.o
                0x00000ab0                mbed::DigitalOut::operator=(int)
 *fill*         0x00000aca        0x2 
 .text._Z17lcd_write_commandh
                0x00000acc       0x44 ./lcd_lib.o
                0x00000acc                lcd_write_command(unsigned char)
 .text._Z14lcd_write_datah
                0x00000b10       0x44 ./lcd_lib.o
                0x00000b10                lcd_write_data(unsigned char)
 .text._Z17lcd_write_data_16t
                0x00000b54       0x60 ./lcd_lib.o
                0x00000b54                lcd_write_data_16(unsigned short)
 .text._Z18lcd_write_data_bufPhm
                0x00000bb4       0x48 ./lcd_lib.o
                0x00000bb4                lcd_write_data_buf(unsigned char*, unsigned long)
 .text._Z13lcd_put_pixelllt
                0x00000bfc       0x5a ./lcd_lib.o
                0x00000bfc                lcd_put_pixel(long, long, unsigned short)
 *fill*         0x00000c56        0x2 
 .text._Z9lcd_resetv
                0x00000c58       0x2c ./lcd_lib.o
                0x00000c58                lcd_reset()
 .text._Z8lcd_initv
                0x00000c84      0x1c8 ./lcd_lib.o
                0x00000c84                lcd_init()
 .text._Z41__static_initialization_and_destruction_0ii
                0x00000e4c       0x90 ./lcd_lib.o
 .text._GLOBAL__sub_I__g_cs
                0x00000edc        0xe ./lcd_lib.o
 .text._ZN4mbed9DigitalInC2E7PinName
                0x00000eea       0x22 ./main-lcd.o
                0x00000eea                mbed::DigitalIn::DigitalIn(PinName)
                0x00000eea                mbed::DigitalIn::DigitalIn(PinName)
 .text._ZN4mbed9DigitalInD2Ev
                0x00000f0c       0x18 ./main-lcd.o
                0x00000f0c                mbed::DigitalIn::~DigitalIn()
                0x00000f0c                mbed::DigitalIn::~DigitalIn()
 .text._ZN12GraphElementC2E3RGBS0_
                0x00000f24       0x3c ./main-lcd.o
                0x00000f24                GraphElement::GraphElement(RGB, RGB)
                0x00000f24                GraphElement::GraphElement(RGB, RGB)
 .text._ZN12GraphElement9drawPixelEll
                0x00000f60       0x28 ./main-lcd.o
                0x00000f60                GraphElement::drawPixel(long, long)
 .text._ZN12GraphElement4hideEv
                0x00000f88       0x24 ./main-lcd.o
                0x00000f88                GraphElement::hide()
 .text._ZN12GraphElement16swap_fg_bg_colorEv
                0x00000fac       0x3a ./main-lcd.o
                0x00000fac                GraphElement::swap_fg_bg_color()
 .text._ZN12GraphElement24convert_RGB888_to_RGB565E3RGB
                0x00000fe6       0x8c ./main-lcd.o
                0x00000fe6                GraphElement::convert_RGB888_to_RGB565(RGB)
 *fill*         0x00001072        0x2 
 .text._ZN6CircleC2E7Point2Dl3RGBS1_
                0x00001074       0x44 ./main-lcd.o
                0x00001074                Circle::Circle(Point2D, long, RGB, RGB)
                0x00001074                Circle::Circle(Point2D, long, RGB, RGB)
 .text._ZN6Circle9draw_plotEiiii
                0x000010b8       0xb4 ./main-lcd.o
                0x000010b8                Circle::draw_plot(int, int, int, int)
 .text._ZN6Circle4drawEv
                0x0000116c       0xa4 ./main-lcd.o
                0x0000116c                Circle::draw()
 .text._ZN9CharacterC2E7Point2Dc3RGBS1_
                0x00001210       0x48 ./main-lcd.o
                0x00001210                Character::Character(Point2D, char, RGB, RGB)
                0x00001210                Character::Character(Point2D, char, RGB, RGB)
 .text._ZN9Character4drawEv
                0x00001258       0x70 ./main-lcd.o
                0x00001258                Character::draw()
 .text._ZN9Character4drawEb
                0x000012c8       0x98 ./main-lcd.o
                0x000012c8                Character::draw(bool)
 .text._ZN4LineC2E7Point2DS0_3RGBS1_
                0x00001360       0x50 ./main-lcd.o
                0x00001360                Line::Line(Point2D, Point2D, RGB, RGB)
                0x00001360                Line::Line(Point2D, Point2D, RGB, RGB)
 .text._ZN4Line4drawEv
                0x000013b0      0x160 ./main-lcd.o
                0x000013b0                Line::draw()
 .text.main     0x00001510      0x2d4 ./main-lcd.o
                0x00001510                main
 .text._Z41__static_initialization_and_destruction_0ii
                0x000017e4       0xa4 ./main-lcd.o
 .text._GLOBAL__sub_I_font8x8
                0x00001888        0xe ./main-lcd.o
 .text._ZN6CThunkIN4mbed3SPIEE10trampolineEP10CThunkBase
                0x00001896       0x32 /home/phatt/University/apps/lcd-1-prep/apps-workspace.mcu/lcd/mbed-os/lib/libmbed-os.a(SPI.o)
                0x00001896                CThunk<mbed::SPI>::trampoline(CThunkBase*)
 .text._ZN4mbed3SPI8_do_initEPS0_
                0x000018c8       0x18 /home/phatt/University/apps/lcd-1-prep/apps-workspace.mcu/lcd/mbed-os/lib/libmbed-os.a(SPI.o)
                0x000018c8                mbed::SPI::_do_init(mbed::SPI*)
 .text._ZN4mbed3SPI4lockEv
                0x000018e0       0x30 /home/phatt/University/apps/lcd-1-prep/apps-workspace.mcu/lcd/mbed-os/lib/libmbed-os.a(SPI.o)
                0x000018e0                mbed::SPI::lock()
                0x000018e0                mbed::SPI::unlock()
 .text._ZN4mbed3SPID2Ev
                0x00001910       0x34 /home/phatt/University/apps/lcd-1-prep/apps-workspace.mcu/lcd/mbed-os/lib/libmbed-os.a(SPI.o)
                0x00001910                mbed::SPI::~SPI()
                0x00001910                mbed::SPI::~SPI()
 .text._ZN4mbed3SPID0Ev
                0x00001944       0x14 /home/phatt/University/apps/lcd-1-prep/apps-workspace.mcu/lcd/mbed-os/lib/libmbed-os.a(SPI.o)
                0x00001944                mbed::SPI::~SPI()
 .text._ZN4mbed3SPI7_lookupE7SPIName
                0x00001958       0x3c /home/phatt/University/apps/lcd-1-prep/apps-workspace.mcu/lcd/mbed-os/lib/libmbed-os.a(SPI.o)
                0x00001958                mbed::SPI::_lookup(SPIName)
 .text._ZN4mbed3SPI6_allocEv
                0x00001994       0x34 /home/phatt/University/apps/lcd-1-prep/apps-workspace.mcu/lcd/mbed-os/lib/libmbed-os.a(SPI.o)
                0x00001994                mbed::SPI::_alloc()
 .text._ZN4mbed3SPI13_do_constructEv
                0x000019c8       0x40 /home/phatt/University/apps/lcd-1-prep/apps-workspace.mcu/lcd/mbed-os/lib/libmbed-os.a(SPI.o)
                0x000019c8                mbed::SPI::_do_construct()
 .text._ZN4mbed3SPIC2E7PinNameS1_S1_S1_
                0x00001a08       0x5c /home/phatt/University/apps/lcd-1-prep/apps-workspace.mcu/lcd/mbed-os/lib/libmbed-os.a(SPI.o)
                0x00001a08                mbed::SPI::SPI(PinName, PinName, PinName, PinName)
                0x00001a08                mbed::SPI::SPI(PinName, PinName, PinName, PinName)
 .text._ZN4mbed3SPI8_acquireEv
                0x00001a64       0x32 /home/phatt/University/apps/lcd-1-prep/apps-workspace.mcu/lcd/mbed-os/lib/libmbed-os.a(SPI.o)
                0x00001a64                mbed::SPI::_acquire()
 .text._ZN4mbed3SPI6formatEii
                0x00001a96       0x3c /home/phatt/University/apps/lcd-1-prep/apps-workspace.mcu/lcd/mbed-os/lib/libmbed-os.a(SPI.o)
                0x00001a96                mbed::SPI::format(int, int)
 .text._ZN4mbed3SPI9frequencyEi
                0x00001ad2       0x34 /home/phatt/University/apps/lcd-1-prep/apps-workspace.mcu/lcd/mbed-os/lib/libmbed-os.a(SPI.o)
                0x00001ad2                mbed::SPI::frequency(int)
 .text._ZN4mbed3SPI9_set_sselEi
                0x00001b06        0xe /home/phatt/University/apps/lcd-1-prep/apps-workspace.mcu/lcd/mbed-os/lib/libmbed-os.a(SPI.o)
                0x00001b06                mbed::SPI::_set_ssel(int)
 .text._ZN4mbed3SPI6selectEv
                0x00001b14       0x2a /home/phatt/University/apps/lcd-1-prep/apps-workspace.mcu/lcd/mbed-os/lib/libmbed-os.a(SPI.o)
                0x00001b14                mbed::SPI::select()
 .text._ZN4mbed3SPI8deselectEv
                0x00001b3e       0x24 /home/phatt/University/apps/lcd-1-prep/apps-workspace.mcu/lcd/mbed-os/lib/libmbed-os.a(SPI.o)
                0x00001b3e                mbed::SPI::deselect()
 .text._ZN4mbed3SPI5writeEi
                0x00001b62       0x20 /home/phatt/University/apps/lcd-1-prep/apps-workspace.mcu/lcd/mbed-os/lib/libmbed-os.a(SPI.o)
                0x00001b62                mbed::SPI::write(int)
 .text._ZN4mbed3SPI5writeEPKciPci
                0x00001b82       0x34 /home/phatt/University/apps/lcd-1-prep/apps-workspace.mcu/lcd/mbed-os/lib/libmbed-os.a(SPI.o)
                0x00001b82                mbed::SPI::write(char const*, int, char*, int)
 .text.gpio_free
                0x00001bb6        0x2 /home/phatt/University/apps/lcd-1-prep/apps-workspace.mcu/lcd/mbed-os/lib/libmbed-os.a(mbed_compat.o)
                0x00001bb6                gpio_free
 .text._gpio_init_in
                0x00001bb8       0x26 /home/phatt/University/apps/lcd-1-prep/apps-workspace.mcu/lcd/mbed-os/lib/libmbed-os.a(mbed_gpio.o)
 .text._gpio_init_out
                0x00001bde       0x30 /home/phatt/University/apps/lcd-1-prep/apps-workspace.mcu/lcd/mbed-os/lib/libmbed-os.a(mbed_gpio.o)
 .text.gpio_init_in
                0x00001c0e        0x6 /home/phatt/University/apps/lcd-1-prep/apps-workspace.mcu/lcd/mbed-os/lib/libmbed-os.a(mbed_gpio.o)
                0x00001c0e                gpio_init_in
 .text.gpio_init_out_ex
                0x00001c14        0x8 /home/phatt/University/apps/lcd-1-prep/apps-workspace.mcu/lcd/mbed-os/lib/libmbed-os.a(mbed_gpio.o)
                0x00001c14                gpio_init_out_ex
 .text.gpio_init_out
                0x00001c1c        0x6 /home/phatt/University/apps/lcd-1-prep/apps-workspace.mcu/lcd/mbed-os/lib/libmbed-os.a(mbed_gpio.o)
                0x00001c1c                gpio_init_out
 *fill*         0x00001c22        0x2 
 .text.note_us_ticker_free
                0x00001c24       0x10 /home/phatt/University/apps/lcd-1-prep/apps-workspace.mcu/lcd/mbed-os/lib/libmbed-os.a(mbed_us_ticker_api.o)
 .text.note_us_ticker_init
                0x00001c34       0x14 /home/phatt/University/apps/lcd-1-prep/apps-workspace.mcu/lcd/mbed-os/lib/libmbed-os.a(mbed_us_ticker_api.o)
 .text.get_us_ticker_data
                0x00001c48        0x8 /home/phatt/University/apps/lcd-1-prep/apps-workspace.mcu/lcd/mbed-os/lib/libmbed-os.a(mbed_us_ticker_api.o)
                0x00001c48                get_us_ticker_data
 .text.us_ticker_irq_handler
                0x00001c50       0x14 /home/phatt/University/apps/lcd-1-prep/apps-workspace.mcu/lcd/mbed-os/lib/libmbed-os.a(mbed_us_ticker_api.o)
                0x00001c50                us_ticker_irq_handler
 .text.update_present_time
                0x00001c64       0x86 /home/phatt/University/apps/lcd-1-prep/apps-workspace.mcu/lcd/mbed-os/lib/libmbed-os.a(mbed_ticker_api.o)
 .text._ticker_match_interval_passed
                0x00001cea       0x28 /home/phatt/University/apps/lcd-1-prep/apps-workspace.mcu/lcd/mbed-os/lib/libmbed-os.a(mbed_ticker_api.o)
                0x00001cea                _ticker_match_interval_passed
 *fill*         0x00001d12        0x2 
 .text.schedule_interrupt
                0x00001d14       0xf4 /home/phatt/University/apps/lcd-1-prep/apps-workspace.mcu/lcd/mbed-os/lib/libmbed-os.a(mbed_ticker_api.o)
 .text.initialize
                0x00001e08      0x124 /home/phatt/University/apps/lcd-1-prep/apps-workspace.mcu/lcd/mbed-os/lib/libmbed-os.a(mbed_ticker_api.o)
 .text.ticker_irq_handler
                0x00001f2c       0x60 /home/phatt/University/apps/lcd-1-prep/apps-workspace.mcu/lcd/mbed-os/lib/libmbed-os.a(mbed_ticker_api.o)
                0x00001f2c                ticker_irq_handler
 .text.ticker_read_us
                0x00001f8c       0x22 /home/phatt/University/apps/lcd-1-prep/apps-workspace.mcu/lcd/mbed-os/lib/libmbed-os.a(mbed_ticker_api.o)
                0x00001f8c                ticker_read_us
 .text.ticker_read
                0x00001fae        0x8 /home/phatt/University/apps/lcd-1-prep/apps-workspace.mcu/lcd/mbed-os/lib/libmbed-os.a(mbed_ticker_api.o)
                0x00001fae                ticker_read
 *fill*         0x00001fb6        0x2 
 .text._ZN10CThunkBase11cthunk_freeEPFvvE
                0x00001fb8       0x10 /home/phatt/University/apps/lcd-1-prep/apps-workspace.mcu/lcd/mbed-os/lib/libmbed-os.a(CThunkBase.o)
                0x00001fb8                CThunkBase::cthunk_free(void (*)())
 .text.mbed_assert_internal
                0x00001fc8       0x14 /home/phatt/University/apps/lcd-1-prep/apps-workspace.mcu/lcd/mbed-os/lib/libmbed-os.a(mbed_assert.o)
                0x00001fc8                mbed_assert_internal
 .text.core_util_are_interrupts_enabled
                0x00001fdc        0xc /home/phatt/University/apps/lcd-1-prep/apps-workspace.mcu/lcd/mbed-os/lib/libmbed-os.a(mbed_critical.o)
                0x00001fdc                core_util_are_interrupts_enabled
 .text.core_util_is_isr_active
                0x00001fe8        0xc /home/phatt/University/apps/lcd-1-prep/apps-workspace.mcu/lcd/mbed-os/lib/libmbed-os.a(mbed_critical.o)
                0x00001fe8                core_util_is_isr_active
 .text.core_util_critical_section_enter
                0x00001ff4       0x2c /home/phatt/University/apps/lcd-1-prep/apps-workspace.mcu/lcd/mbed-os/lib/libmbed-os.a(mbed_critical.o)
                0x00001ff4                core_util_critical_section_enter
 .text.core_util_critical_section_exit
                0x00002020       0x18 /home/phatt/University/apps/lcd-1-prep/apps-workspace.mcu/lcd/mbed-os/lib/libmbed-os.a(mbed_critical.o)
                0x00002020                core_util_critical_section_exit
 .text.mbed_halt_system
                0x00002038       0x34 /home/phatt/University/apps/lcd-1-prep/apps-workspace.mcu/lcd/mbed-os/lib/libmbed-os.a(mbed_error.o)
 .text.print_error_report.constprop.0
                0x0000206c      0x104 /home/phatt/University/apps/lcd-1-prep/apps-workspace.mcu/lcd/mbed-os/lib/libmbed-os.a(mbed_error.o)
 .text.mbed_error_hook
                0x00002170        0x2 /home/phatt/University/apps/lcd-1-prep/apps-workspace.mcu/lcd/mbed-os/lib/libmbed-os.a(mbed_error.o)
                0x00002170                mbed_error_hook
 *fill*         0x00002172        0x2 
 .text.handle_error.constprop.0
                0x00002174       0xc0 /home/phatt/University/apps/lcd-1-prep/apps-workspace.mcu/lcd/mbed-os/lib/libmbed-os.a(mbed_error.o)
 .text.mbed_error_reboot_callback
                0x00002234        0x2 /home/phatt/University/apps/lcd-1-prep/apps-workspace.mcu/lcd/mbed-os/lib/libmbed-os.a(mbed_error.o)
                0x00002234                mbed_error_reboot_callback
 *fill*         0x00002236        0x2 
 .text.mbed_error_initialize
                0x00002238       0x64 /home/phatt/University/apps/lcd-1-prep/apps-workspace.mcu/lcd/mbed-os/lib/libmbed-os.a(mbed_error.o)
                0x00002238                mbed_error_initialize
 .text.mbed_error
                0x0000229c       0xc4 /home/phatt/University/apps/lcd-1-prep/apps-workspace.mcu/lcd/mbed-os/lib/libmbed-os.a(mbed_error.o)
                0x0000229c                mbed_error
 .text.mbed_main
                0x00002360        0x2 /home/phatt/University/apps/lcd-1-prep/apps-workspace.mcu/lcd/mbed-os/lib/libmbed-os.a(mbed_sdk_boot.o)
                0x00002360                mbed_main
 .text.mbed_sdk_init
                0x00002362        0x2 /home/phatt/University/apps/lcd-1-prep/apps-workspace.mcu/lcd/mbed-os/lib/libmbed-os.a(mbed_sdk_boot.o)
                0x00002362                mbed_sdk_init
 .text.software_init_hook_rtos
                0x00002364        0x2 /home/phatt/University/apps/lcd-1-prep/apps-workspace.mcu/lcd/mbed-os/lib/libmbed-os.a(mbed_sdk_boot.o)
                0x00002364                software_init_hook_rtos
 *fill*         0x00002366        0x2 
 .text.mbed_copy_nvic
                0x00002368       0x28 /home/phatt/University/apps/lcd-1-prep/apps-workspace.mcu/lcd/mbed-os/lib/libmbed-os.a(mbed_sdk_boot.o)
                0x00002368                mbed_copy_nvic
 .text.mbed_init
                0x00002390        0xc /home/phatt/University/apps/lcd-1-prep/apps-workspace.mcu/lcd/mbed-os/lib/libmbed-os.a(mbed_sdk_boot.o)
                0x00002390                mbed_init
 .text.software_init_hook
                0x0000239c       0x48 /home/phatt/University/apps/lcd-1-prep/apps-workspace.mcu/lcd/mbed-os/lib/libmbed-os.a(mbed_sdk_boot.o)
                0x0000239c                software_init_hook
 .text.__wrap_main
                0x000023e4       0x12 /home/phatt/University/apps/lcd-1-prep/apps-workspace.mcu/lcd/mbed-os/lib/libmbed-os.a(mbed_sdk_boot.o)
                0x000023e4                __wrap_main
 *fill*         0x000023f6        0x2 
 .text._wait_us_ticks
                0x000023f8       0x1c /home/phatt/University/apps/lcd-1-prep/apps-workspace.mcu/lcd/mbed-os/lib/libmbed-os.a(mbed_wait_api_no_rtos.o)
                0x000023f8                _wait_us_ticks
 .text._wait_us_generic
                0x00002414       0x1e /home/phatt/University/apps/lcd-1-prep/apps-workspace.mcu/lcd/mbed-os/lib/libmbed-os.a(mbed_wait_api_no_rtos.o)
                0x00002414                _wait_us_generic
 *fill*         0x00002432        0x2 
 .text._wait_us_inline
                0x00002434       0x14 /home/phatt/University/apps/lcd-1-prep/apps-workspace.mcu/lcd/mbed-os/lib/libmbed-os.a(mbed_wait_api_no_rtos.o)
                0x00002434                _wait_us_inline
 .text._ZN4mbed10FileHandle4syncEv
                0x00002448        0x4 /home/phatt/University/apps/lcd-1-prep/apps-workspace.mcu/lcd/mbed-os/lib/libmbed-os.a(mbed_retarget.o)
                0x00002448                mbed::FileHandle::sync()
 .text._ZN4mbed10FileHandle4tellEv
                0x0000244c        0xa /home/phatt/University/apps/lcd-1-prep/apps-workspace.mcu/lcd/mbed-os/lib/libmbed-os.a(mbed_retarget.o)
                0x0000244c                mbed::FileHandle::tell()
 .text._ZN4mbed10FileHandle6rewindEv
                0x00002456        0xa /home/phatt/University/apps/lcd-1-prep/apps-workspace.mcu/lcd/mbed-os/lib/libmbed-os.a(mbed_retarget.o)
                0x00002456                mbed::FileHandle::rewind()
 .text._ZN4mbed10FileHandle8truncateEl
                0x00002460        0x6 /home/phatt/University/apps/lcd-1-prep/apps-workspace.mcu/lcd/mbed-os/lib/libmbed-os.a(mbed_retarget.o)
                0x00002460                mbed::FileHandle::truncate(long)
 .text._ZN4mbed10FileHandle12set_blockingEb
                0x00002466        0xc /home/phatt/University/apps/lcd-1-prep/apps-workspace.mcu/lcd/mbed-os/lib/libmbed-os.a(mbed_retarget.o)
                0x00002466                mbed::FileHandle::set_blocking(bool)
 .text._ZNK4mbed10FileHandle11is_blockingEv
                0x00002472        0x4 /home/phatt/University/apps/lcd-1-prep/apps-workspace.mcu/lcd/mbed-os/lib/libmbed-os.a(mbed_retarget.o)
                0x00002472                mbed::FileHandle::is_blocking() const
 .text._ZN4mbed10FileHandle12enable_inputEb
                0x00002476        0x6 /home/phatt/University/apps/lcd-1-prep/apps-workspace.mcu/lcd/mbed-os/lib/libmbed-os.a(mbed_retarget.o)
                0x00002476                mbed::FileHandle::enable_input(bool)
 .text._ZN4mbed10FileHandle13enable_outputEb
                0x0000247c        0x6 /home/phatt/University/apps/lcd-1-prep/apps-workspace.mcu/lcd/mbed-os/lib/libmbed-os.a(mbed_retarget.o)
                0x0000247c                mbed::FileHandle::enable_output(bool)
 .text._ZN4mbed10FileHandle5sigioENS_8CallbackIFvvEEE
                0x00002482        0xc /home/phatt/University/apps/lcd-1-prep/apps-workspace.mcu/lcd/mbed-os/lib/libmbed-os.a(mbed_retarget.o)
                0x00002482                mbed::FileHandle::sigio(mbed::Callback<void ()>)
 .text._ZN12DirectSerial4seekEli
                0x0000248e        0x6 /home/phatt/University/apps/lcd-1-prep/apps-workspace.mcu/lcd/mbed-os/lib/libmbed-os.a(mbed_retarget.o)
                0x0000248e                DirectSerial::seek(long, int)
 .text._ZN12DirectSerial4sizeEv
                0x00002494        0x6 /home/phatt/University/apps/lcd-1-prep/apps-workspace.mcu/lcd/mbed-os/lib/libmbed-os.a(mbed_retarget.o)
                0x00002494                DirectSerial::size()
 .text._ZN12DirectSerial6isattyEv
                0x0000249a        0x4 /home/phatt/University/apps/lcd-1-prep/apps-workspace.mcu/lcd/mbed-os/lib/libmbed-os.a(mbed_retarget.o)
                0x0000249a                DirectSerial::isatty()
 .text._ZN12DirectSerial5closeEv
                0x0000249e        0x4 /home/phatt/University/apps/lcd-1-prep/apps-workspace.mcu/lcd/mbed-os/lib/libmbed-os.a(mbed_retarget.o)
                0x0000249e                DirectSerial::close()
 .text._ZN12DirectSerialD2Ev
                0x000024a2        0x2 /home/phatt/University/apps/lcd-1-prep/apps-workspace.mcu/lcd/mbed-os/lib/libmbed-os.a(mbed_retarget.o)
                0x000024a2                DirectSerial::~DirectSerial()
                0x000024a2                DirectSerial::~DirectSerial()
 .text._ZN12DirectSerial5writeEPKvj
                0x000024a4       0x24 /home/phatt/University/apps/lcd-1-prep/apps-workspace.mcu/lcd/mbed-os/lib/libmbed-os.a(mbed_retarget.o)
                0x000024a4                DirectSerial::write(void const*, unsigned int)
 .text._ZNK12DirectSerial4pollEs
                0x000024c8       0x30 /home/phatt/University/apps/lcd-1-prep/apps-workspace.mcu/lcd/mbed-os/lib/libmbed-os.a(mbed_retarget.o)
                0x000024c8                DirectSerial::poll(short) const
 .text._ZN12DirectSerialD0Ev
                0x000024f8        0xc /home/phatt/University/apps/lcd-1-prep/apps-workspace.mcu/lcd/mbed-os/lib/libmbed-os.a(mbed_retarget.o)
                0x000024f8                DirectSerial::~DirectSerial()
 .text._ZN12DirectSerial4readEPvj
                0x00002504       0x18 /home/phatt/University/apps/lcd-1-prep/apps-workspace.mcu/lcd/mbed-os/lib/libmbed-os.a(mbed_retarget.o)
                0x00002504                DirectSerial::read(void*, unsigned int)
 .text._ZN12DirectSerialC2ERK15serial_pinmap_ti
                0x0000251c       0x30 /home/phatt/University/apps/lcd-1-prep/apps-workspace.mcu/lcd/mbed-os/lib/libmbed-os.a(mbed_retarget.o)
                0x0000251c                DirectSerial::DirectSerial(serial_pinmap_t const&, int)
                0x0000251c                DirectSerial::DirectSerial(serial_pinmap_t const&, int)
 .text._ZN4mbed28mbed_target_override_consoleEi
                0x0000254c        0x4 /home/phatt/University/apps/lcd-1-prep/apps-workspace.mcu/lcd/mbed-os/lib/libmbed-os.a(mbed_retarget.o)
                0x0000254c                mbed::mbed_target_override_console(int)
 .text._ZN4mbed21mbed_override_consoleEi
                0x00002550        0x4 /home/phatt/University/apps/lcd-1-prep/apps-workspace.mcu/lcd/mbed-os/lib/libmbed-os.a(mbed_retarget.o)
                0x00002550                mbed::mbed_override_console(int)
 .text.__cxa_pure_virtual
                0x00002554        0x8 /home/phatt/University/apps/lcd-1-prep/apps-workspace.mcu/lcd/mbed-os/lib/libmbed-os.a(mbed_retarget.o)
                0x00002554                __cxa_pure_virtual
 .text._sbrk    0x0000255c       0x44 /home/phatt/University/apps/lcd-1-prep/apps-workspace.mcu/lcd/mbed-os/lib/libmbed-os.a(mbed_retarget.o)
                0x0000255c                _sbrk
 .text.__wrap_atexit
                0x000025a0        0x4 /home/phatt/University/apps/lcd-1-prep/apps-workspace.mcu/lcd/mbed-os/lib/libmbed-os.a(mbed_retarget.o)
                0x000025a0                __wrap_atexit
 .text.__rtos_malloc_lock
                0x000025a4        0x2 /home/phatt/University/apps/lcd-1-prep/apps-workspace.mcu/lcd/mbed-os/lib/libmbed-os.a(mbed_retarget.o)
                0x000025a4                __rtos_malloc_lock
 .text.__rtos_malloc_unlock
                0x000025a6        0x2 /home/phatt/University/apps/lcd-1-prep/apps-workspace.mcu/lcd/mbed-os/lib/libmbed-os.a(mbed_retarget.o)
                0x000025a6                __rtos_malloc_unlock
 .text.__malloc_lock
                0x000025a8        0x8 /home/phatt/University/apps/lcd-1-prep/apps-workspace.mcu/lcd/mbed-os/lib/libmbed-os.a(mbed_retarget.o)
                0x000025a8                __malloc_lock
 .text.__malloc_unlock
                0x000025b0        0x8 /home/phatt/University/apps/lcd-1-prep/apps-workspace.mcu/lcd/mbed-os/lib/libmbed-os.a(mbed_retarget.o)
                0x000025b0                __malloc_unlock
 .text.__cxa_guard_acquire
                0x000025b8       0x3c /home/phatt/University/apps/lcd-1-prep/apps-workspace.mcu/lcd/mbed-os/lib/libmbed-os.a(mbed_retarget.o)
                0x000025b8                __cxa_guard_acquire
 .text.__cxa_guard_release
                0x000025f4       0x2c /home/phatt/University/apps/lcd-1-prep/apps-workspace.mcu/lcd/mbed-os/lib/libmbed-os.a(mbed_retarget.o)
                0x000025f4                __cxa_guard_release
 .text._ZN4mbed16mbed_file_handleEi
                0x00002620       0x80 /home/phatt/University/apps/lcd-1-prep/apps-workspace.mcu/lcd/mbed-os/lib/libmbed-os.a(mbed_retarget.o)
                0x00002620                mbed::mbed_file_handle(int)
 .text.close    0x000026a0       0x3c /home/phatt/University/apps/lcd-1-prep/apps-workspace.mcu/lcd/mbed-os/lib/libmbed-os.a(mbed_retarget.o)
                0x000026a0                close
 .text._close   0x000026dc        0x4 /home/phatt/University/apps/lcd-1-prep/apps-workspace.mcu/lcd/mbed-os/lib/libmbed-os.a(mbed_retarget.o)
                0x000026dc                _close
 .text.write    0x000026e0       0x34 /home/phatt/University/apps/lcd-1-prep/apps-workspace.mcu/lcd/mbed-os/lib/libmbed-os.a(mbed_retarget.o)
                0x000026e0                write
 .text.read     0x00002714       0x34 /home/phatt/University/apps/lcd-1-prep/apps-workspace.mcu/lcd/mbed-os/lib/libmbed-os.a(mbed_retarget.o)
                0x00002714                read
 .text.isatty   0x00002748       0x2a /home/phatt/University/apps/lcd-1-prep/apps-workspace.mcu/lcd/mbed-os/lib/libmbed-os.a(mbed_retarget.o)
                0x00002748                isatty
 *fill*         0x00002772        0x2 
 .text._write   0x00002774       0xac /home/phatt/University/apps/lcd-1-prep/apps-workspace.mcu/lcd/mbed-os/lib/libmbed-os.a(mbed_retarget.o)
                0x00002774                _write
 .text._isatty  0x00002820        0x4 /home/phatt/University/apps/lcd-1-prep/apps-workspace.mcu/lcd/mbed-os/lib/libmbed-os.a(mbed_retarget.o)
                0x00002820                _isatty
 .text._read    0x00002824       0x74 /home/phatt/University/apps/lcd-1-prep/apps-workspace.mcu/lcd/mbed-os/lib/libmbed-os.a(mbed_retarget.o)
                0x00002824                _read
 .text.lseek    0x00002898       0x34 /home/phatt/University/apps/lcd-1-prep/apps-workspace.mcu/lcd/mbed-os/lib/libmbed-os.a(mbed_retarget.o)
                0x00002898                lseek
 .text._lseek   0x000028cc        0x4 /home/phatt/University/apps/lcd-1-prep/apps-workspace.mcu/lcd/mbed-os/lib/libmbed-os.a(mbed_retarget.o)
                0x000028cc                _lseek
 .text.fsync    0x000028d0       0x2e /home/phatt/University/apps/lcd-1-prep/apps-workspace.mcu/lcd/mbed-os/lib/libmbed-os.a(mbed_retarget.o)
                0x000028d0                fsync
 *fill*         0x000028fe        0x2 
 .text._exit    0x00002900       0x30 /home/phatt/University/apps/lcd-1-prep/apps-workspace.mcu/lcd/mbed-os/lib/libmbed-os.a(mbed_retarget.o)
                0x00002900                _exit
 .text.__wrap_exit
                0x00002930        0x6 /home/phatt/University/apps/lcd-1-prep/apps-workspace.mcu/lcd/mbed-os/lib/libmbed-os.a(mbed_retarget.o)
                0x00002930                __wrap_exit
 .text.fstat    0x00002936       0x3c /home/phatt/University/apps/lcd-1-prep/apps-workspace.mcu/lcd/mbed-os/lib/libmbed-os.a(mbed_retarget.o)
                0x00002936                fstat
 .text._fstat   0x00002972        0x4 /home/phatt/University/apps/lcd-1-prep/apps-workspace.mcu/lcd/mbed-os/lib/libmbed-os.a(mbed_retarget.o)
                0x00002972                _fstat
 .text._ZdlPvj  0x00002976        0x4 /home/phatt/University/apps/lcd-1-prep/apps-workspace.mcu/lcd/mbed-os/lib/libmbed-os.a(mbed_retarget.o)
                0x00002976                operator delete(void*, unsigned int)
 *fill*         0x0000297a        0x2 
 .text.SystemInit
                0x0000297c       0x2c /home/phatt/University/apps/lcd-1-prep/apps-workspace.mcu/lcd/mbed-os/lib/libmbed-os.a(system_MK64F12.o)
                0x0000297c                SystemInit
 .text.pit_isr  0x000029a8       0x2c /home/phatt/University/apps/lcd-1-prep/apps-workspace.mcu/lcd/mbed-os/lib/libmbed-os.a(us_ticker.o)
 .text.us_ticker_get_info
                0x000029d4        0x8 /home/phatt/University/apps/lcd-1-prep/apps-workspace.mcu/lcd/mbed-os/lib/libmbed-os.a(us_ticker.o)
                0x000029d4                us_ticker_get_info
 .text.us_ticker_init
                0x000029dc       0xcc /home/phatt/University/apps/lcd-1-prep/apps-workspace.mcu/lcd/mbed-os/lib/libmbed-os.a(us_ticker.o)
                0x000029dc                us_ticker_init
 .text.us_ticker_read
                0x00002aa8       0x10 /home/phatt/University/apps/lcd-1-prep/apps-workspace.mcu/lcd/mbed-os/lib/libmbed-os.a(us_ticker.o)
                0x00002aa8                us_ticker_read
 .text.us_ticker_disable_interrupt
                0x00002ab8       0x14 /home/phatt/University/apps/lcd-1-prep/apps-workspace.mcu/lcd/mbed-os/lib/libmbed-os.a(us_ticker.o)
                0x00002ab8                us_ticker_disable_interrupt
 .text.us_ticker_clear_interrupt
                0x00002acc       0x10 /home/phatt/University/apps/lcd-1-prep/apps-workspace.mcu/lcd/mbed-os/lib/libmbed-os.a(us_ticker.o)
                0x00002acc                us_ticker_clear_interrupt
 .text.us_ticker_set_interrupt
                0x00002adc       0x60 /home/phatt/University/apps/lcd-1-prep/apps-workspace.mcu/lcd/mbed-os/lib/libmbed-os.a(us_ticker.o)
                0x00002adc                us_ticker_set_interrupt
 .text.us_ticker_fire_interrupt
                0x00002b3c       0x10 /home/phatt/University/apps/lcd-1-prep/apps-workspace.mcu/lcd/mbed-os/lib/libmbed-os.a(us_ticker.o)
                0x00002b3c                us_ticker_fire_interrupt
 .text.us_ticker_free
                0x00002b4c       0x64 /home/phatt/University/apps/lcd-1-prep/apps-workspace.mcu/lcd/mbed-os/lib/libmbed-os.a(us_ticker.o)
                0x00002b4c                us_ticker_free
 .text.spi_get_peripheral_name
                0x00002bb0       0x5c /home/phatt/University/apps/lcd-1-prep/apps-workspace.mcu/lcd/mbed-os/lib/libmbed-os.a(spi_api.o)
                0x00002bb0                spi_get_peripheral_name
 .text.spi_init_direct
                0x00002c0c       0x78 /home/phatt/University/apps/lcd-1-prep/apps-workspace.mcu/lcd/mbed-os/lib/libmbed-os.a(spi_api.o)
                0x00002c0c                spi_init_direct
 .text.spi_init
                0x00002c84       0xbc /home/phatt/University/apps/lcd-1-prep/apps-workspace.mcu/lcd/mbed-os/lib/libmbed-os.a(spi_api.o)
                0x00002c84                spi_init
 .text.spi_format
                0x00002d40       0x94 /home/phatt/University/apps/lcd-1-prep/apps-workspace.mcu/lcd/mbed-os/lib/libmbed-os.a(spi_api.o)
                0x00002d40                spi_format
 .text.spi_frequency
                0x00002dd4       0x4c /home/phatt/University/apps/lcd-1-prep/apps-workspace.mcu/lcd/mbed-os/lib/libmbed-os.a(spi_api.o)
                0x00002dd4                spi_frequency
 .text.spi_master_write
                0x00002e20       0x48 /home/phatt/University/apps/lcd-1-prep/apps-workspace.mcu/lcd/mbed-os/lib/libmbed-os.a(spi_api.o)
                0x00002e20                spi_master_write
 .text.spi_master_block_write
                0x00002e68       0x58 /home/phatt/University/apps/lcd-1-prep/apps-workspace.mcu/lcd/mbed-os/lib/libmbed-os.a(spi_api.o)
                0x00002e68                spi_master_block_write
 .text.serial_init_direct
                0x00002ec0       0xd4 /home/phatt/University/apps/lcd-1-prep/apps-workspace.mcu/lcd/mbed-os/lib/libmbed-os.a(serial_api.o)
                0x00002ec0                serial_init_direct
 .text.serial_baud
                0x00002f94       0x2c /home/phatt/University/apps/lcd-1-prep/apps-workspace.mcu/lcd/mbed-os/lib/libmbed-os.a(serial_api.o)
                0x00002f94                serial_baud
 .text.serial_readable
                0x00002fc0       0x2c /home/phatt/University/apps/lcd-1-prep/apps-workspace.mcu/lcd/mbed-os/lib/libmbed-os.a(serial_api.o)
                0x00002fc0                serial_readable
 .text.serial_getc
                0x00002fec       0x20 /home/phatt/University/apps/lcd-1-prep/apps-workspace.mcu/lcd/mbed-os/lib/libmbed-os.a(serial_api.o)
                0x00002fec                serial_getc
 .text.serial_writable
                0x0000300c       0x2c /home/phatt/University/apps/lcd-1-prep/apps-workspace.mcu/lcd/mbed-os/lib/libmbed-os.a(serial_api.o)
                0x0000300c                serial_writable
 .text.serial_putc
                0x00003038       0x24 /home/phatt/University/apps/lcd-1-prep/apps-workspace.mcu/lcd/mbed-os/lib/libmbed-os.a(serial_api.o)
                0x00003038                serial_putc
 .text.gpio_init
                0x0000305c       0x12 /home/phatt/University/apps/lcd-1-prep/apps-workspace.mcu/lcd/mbed-os/lib/libmbed-os.a(gpio_api.o)
                0x0000305c                gpio_init
 .text.gpio_mode
                0x0000306e        0x6 /home/phatt/University/apps/lcd-1-prep/apps-workspace.mcu/lcd/mbed-os/lib/libmbed-os.a(gpio_api.o)
                0x0000306e                gpio_mode
 .text.gpio_dir
                0x00003074       0x48 /home/phatt/University/apps/lcd-1-prep/apps-workspace.mcu/lcd/mbed-os/lib/libmbed-os.a(gpio_api.o)
                0x00003074                gpio_dir
 .text.gpio_write
                0x000030bc       0x3c /home/phatt/University/apps/lcd-1-prep/apps-workspace.mcu/lcd/mbed-os/lib/libmbed-os.a(gpio_api.o)
                0x000030bc                gpio_write
 .text.pin_function
                0x000030f8       0x74 /home/phatt/University/apps/lcd-1-prep/apps-workspace.mcu/lcd/mbed-os/lib/libmbed-os.a(pinmap.o)
                0x000030f8                pin_function
 .text.pin_mode
                0x0000316c       0x5c /home/phatt/University/apps/lcd-1-prep/apps-workspace.mcu/lcd/mbed-os/lib/libmbed-os.a(pinmap.o)
                0x0000316c                pin_mode
 .text.mbed_tiny_compute_crc32
                0x000031c8       0x2c /home/phatt/University/apps/lcd-1-prep/apps-workspace.mcu/lcd/mbed-os/lib/libmbed-os.a(MbedCRC.o)
                0x000031c8                mbed_tiny_compute_crc32
 .text.hal_critical_section_enter
                0x000031f4       0x24 /home/phatt/University/apps/lcd-1-prep/apps-workspace.mcu/lcd/mbed-os/lib/libmbed-os.a(mbed_critical_section_api.o)
                0x000031f4                hal_critical_section_enter
 .text.hal_critical_section_exit
                0x00003218       0x38 /home/phatt/University/apps/lcd-1-prep/apps-workspace.mcu/lcd/mbed-os/lib/libmbed-os.a(mbed_critical_section_api.o)
                0x00003218                hal_critical_section_exit
 .text.pinmap_merge
                0x00003250       0x30 /home/phatt/University/apps/lcd-1-prep/apps-workspace.mcu/lcd/mbed-os/lib/libmbed-os.a(mbed_pinmap_common.o)
                0x00003250                pinmap_merge
 .text.pinmap_find_peripheral
                0x00003280       0x16 /home/phatt/University/apps/lcd-1-prep/apps-workspace.mcu/lcd/mbed-os/lib/libmbed-os.a(mbed_pinmap_common.o)
                0x00003280                pinmap_find_peripheral
 *fill*         0x00003296        0x2 
 .text.pinmap_peripheral
                0x00003298       0x2c /home/phatt/University/apps/lcd-1-prep/apps-workspace.mcu/lcd/mbed-os/lib/libmbed-os.a(mbed_pinmap_common.o)
                0x00003298                pinmap_peripheral
 .text.pinmap_find_function
                0x000032c4       0x16 /home/phatt/University/apps/lcd-1-prep/apps-workspace.mcu/lcd/mbed-os/lib/libmbed-os.a(mbed_pinmap_common.o)
                0x000032c4                pinmap_find_function
 .text.core_util_atomic_flag_test_and_set
                0x000032da       0x14 /home/phatt/University/apps/lcd-1-prep/apps-workspace.mcu/lcd/mbed-os/lib/libmbed-os.a(mbed_atomic_impl.o)
                0x000032da                core_util_atomic_flag_test_and_set
 .text.core_util_atomic_exchange_u8
                0x000032ee       0x12 /home/phatt/University/apps/lcd-1-prep/apps-workspace.mcu/lcd/mbed-os/lib/libmbed-os.a(mbed_atomic_impl.o)
                0x000032ee                core_util_atomic_exchange_u8
 .text.mbed_die
                0x00003300       0x64 /home/phatt/University/apps/lcd-1-prep/apps-workspace.mcu/lcd/mbed-os/lib/libmbed-os.a(mbed_board.o)
                0x00003300                mbed_die
 .text.mbed_error_puts
                0x00003364       0x50 /home/phatt/University/apps/lcd-1-prep/apps-workspace.mcu/lcd/mbed-os/lib/libmbed-os.a(mbed_board.o)
                0x00003364                mbed_error_puts
 .text.mbed_error_vprintf
                0x000033b4       0x38 /home/phatt/University/apps/lcd-1-prep/apps-workspace.mcu/lcd/mbed-os/lib/libmbed-os.a(mbed_board.o)
                0x000033b4                mbed_error_vprintf
 .text.mbed_error_printf
                0x000033ec       0x1a /home/phatt/University/apps/lcd-1-prep/apps-workspace.mcu/lcd/mbed-os/lib/libmbed-os.a(mbed_board.o)
                0x000033ec                mbed_error_printf
 .text.__wrap_vsnprintf
                0x00003406        0xe /home/phatt/University/apps/lcd-1-prep/apps-workspace.mcu/lcd/mbed-os/lib/libmbed-os.a(mbed_printf_wrapper.o)
                0x00003406                __wrap_vsnprintf
 .text.CLOCK_GetInternalRefClkSelectFreq
                0x00003414       0x28 /home/phatt/University/apps/lcd-1-prep/apps-workspace.mcu/lcd/mbed-os/lib/libmbed-os.a(fsl_clock.o)
 .text.CLOCK_GetMcgExtClkFreq
                0x0000343c       0x60 /home/phatt/University/apps/lcd-1-prep/apps-workspace.mcu/lcd/mbed-os/lib/libmbed-os.a(fsl_clock.o)
 .text.CLOCK_GetFllRefClkFreq
                0x0000349c       0x54 /home/phatt/University/apps/lcd-1-prep/apps-workspace.mcu/lcd/mbed-os/lib/libmbed-os.a(fsl_clock.o)
 .text.CLOCK_GetOsc0ErClkFreq
                0x000034f0       0x3c /home/phatt/University/apps/lcd-1-prep/apps-workspace.mcu/lcd/mbed-os/lib/libmbed-os.a(fsl_clock.o)
                0x000034f0                CLOCK_GetOsc0ErClkFreq
 .text.CLOCK_GetEr32kClkFreq
                0x0000352c       0x5c /home/phatt/University/apps/lcd-1-prep/apps-workspace.mcu/lcd/mbed-os/lib/libmbed-os.a(fsl_clock.o)
                0x0000352c                CLOCK_GetEr32kClkFreq
 .text.CLOCK_GetFllFreq
                0x00003588       0x3c /home/phatt/University/apps/lcd-1-prep/apps-workspace.mcu/lcd/mbed-os/lib/libmbed-os.a(fsl_clock.o)
                0x00003588                CLOCK_GetFllFreq
 .text.CLOCK_GetInternalRefClkFreq
                0x000035c4       0x14 /home/phatt/University/apps/lcd-1-prep/apps-workspace.mcu/lcd/mbed-os/lib/libmbed-os.a(fsl_clock.o)
                0x000035c4                CLOCK_GetInternalRefClkFreq
 .text.CLOCK_GetPll0Freq
                0x000035d8       0x48 /home/phatt/University/apps/lcd-1-prep/apps-workspace.mcu/lcd/mbed-os/lib/libmbed-os.a(fsl_clock.o)
                0x000035d8                CLOCK_GetPll0Freq
 .text.CLOCK_GetPllFllSelClkFreq
                0x00003620       0x2c /home/phatt/University/apps/lcd-1-prep/apps-workspace.mcu/lcd/mbed-os/lib/libmbed-os.a(fsl_clock.o)
                0x00003620                CLOCK_GetPllFllSelClkFreq
 .text.CLOCK_GetOutClkFreq
                0x0000364c       0x28 /home/phatt/University/apps/lcd-1-prep/apps-workspace.mcu/lcd/mbed-os/lib/libmbed-os.a(fsl_clock.o)
                0x0000364c                CLOCK_GetOutClkFreq
 .text.CLOCK_GetFixedFreqClkFreq
                0x00003674       0x1c /home/phatt/University/apps/lcd-1-prep/apps-workspace.mcu/lcd/mbed-os/lib/libmbed-os.a(fsl_clock.o)
                0x00003674                CLOCK_GetFixedFreqClkFreq
 .text.CLOCK_GetFreq
                0x00003690       0xa8 /home/phatt/University/apps/lcd-1-prep/apps-workspace.mcu/lcd/mbed-os/lib/libmbed-os.a(fsl_clock.o)
                0x00003690                CLOCK_GetFreq
 .text.EDMA_HandleIRQ
                0x00003738       0xb0 /home/phatt/University/apps/lcd-1-prep/apps-workspace.mcu/lcd/mbed-os/lib/libmbed-os.a(fsl_edma.o)
                0x00003738                EDMA_HandleIRQ
 .text.DMA0_DriverIRQHandler
                0x000037e8        0xc /home/phatt/University/apps/lcd-1-prep/apps-workspace.mcu/lcd/mbed-os/lib/libmbed-os.a(fsl_edma.o)
                0x000037e8                DMA0_DriverIRQHandler
 .text.DMA1_DriverIRQHandler
                0x000037f4        0xc /home/phatt/University/apps/lcd-1-prep/apps-workspace.mcu/lcd/mbed-os/lib/libmbed-os.a(fsl_edma.o)
                0x000037f4                DMA1_DriverIRQHandler
 .text.DMA2_DriverIRQHandler
                0x00003800        0xc /home/phatt/University/apps/lcd-1-prep/apps-workspace.mcu/lcd/mbed-os/lib/libmbed-os.a(fsl_edma.o)
                0x00003800                DMA2_DriverIRQHandler
 .text.DMA3_DriverIRQHandler
                0x0000380c        0xc /home/phatt/University/apps/lcd-1-prep/apps-workspace.mcu/lcd/mbed-os/lib/libmbed-os.a(fsl_edma.o)
                0x0000380c                DMA3_DriverIRQHandler
 .text.DMA4_DriverIRQHandler
                0x00003818        0xc /home/phatt/University/apps/lcd-1-prep/apps-workspace.mcu/lcd/mbed-os/lib/libmbed-os.a(fsl_edma.o)
                0x00003818                DMA4_DriverIRQHandler
 .text.DMA5_DriverIRQHandler
                0x00003824        0xc /home/phatt/University/apps/lcd-1-prep/apps-workspace.mcu/lcd/mbed-os/lib/libmbed-os.a(fsl_edma.o)
                0x00003824                DMA5_DriverIRQHandler
 .text.DMA6_DriverIRQHandler
                0x00003830        0xc /home/phatt/University/apps/lcd-1-prep/apps-workspace.mcu/lcd/mbed-os/lib/libmbed-os.a(fsl_edma.o)
                0x00003830                DMA6_DriverIRQHandler
 .text.DMA7_DriverIRQHandler
                0x0000383c        0xc /home/phatt/University/apps/lcd-1-prep/apps-workspace.mcu/lcd/mbed-os/lib/libmbed-os.a(fsl_edma.o)
                0x0000383c                DMA7_DriverIRQHandler
 .text.DMA8_DriverIRQHandler
                0x00003848        0xc /home/phatt/University/apps/lcd-1-prep/apps-workspace.mcu/lcd/mbed-os/lib/libmbed-os.a(fsl_edma.o)
                0x00003848                DMA8_DriverIRQHandler
 .text.DMA9_DriverIRQHandler
                0x00003854        0xc /home/phatt/University/apps/lcd-1-prep/apps-workspace.mcu/lcd/mbed-os/lib/libmbed-os.a(fsl_edma.o)
                0x00003854                DMA9_DriverIRQHandler
 .text.DMA10_DriverIRQHandler
                0x00003860        0xc /home/phatt/University/apps/lcd-1-prep/apps-workspace.mcu/lcd/mbed-os/lib/libmbed-os.a(fsl_edma.o)
                0x00003860                DMA10_DriverIRQHandler
 .text.DMA11_DriverIRQHandler
                0x0000386c        0xc /home/phatt/University/apps/lcd-1-prep/apps-workspace.mcu/lcd/mbed-os/lib/libmbed-os.a(fsl_edma.o)
                0x0000386c                DMA11_DriverIRQHandler
 .text.DMA12_DriverIRQHandler
                0x00003878        0xc /home/phatt/University/apps/lcd-1-prep/apps-workspace.mcu/lcd/mbed-os/lib/libmbed-os.a(fsl_edma.o)
                0x00003878                DMA12_DriverIRQHandler
 .text.DMA13_DriverIRQHandler
                0x00003884        0xc /home/phatt/University/apps/lcd-1-prep/apps-workspace.mcu/lcd/mbed-os/lib/libmbed-os.a(fsl_edma.o)
                0x00003884                DMA13_DriverIRQHandler
 .text.DMA14_DriverIRQHandler
                0x00003890        0xc /home/phatt/University/apps/lcd-1-prep/apps-workspace.mcu/lcd/mbed-os/lib/libmbed-os.a(fsl_edma.o)
                0x00003890                DMA14_DriverIRQHandler
 .text.DMA15_DriverIRQHandler
                0x0000389c        0xc /home/phatt/University/apps/lcd-1-prep/apps-workspace.mcu/lcd/mbed-os/lib/libmbed-os.a(fsl_edma.o)
                0x0000389c                DMA15_DriverIRQHandler
 .text.DSPI_CommonIRQHandler
                0x000038a8       0x20 /home/phatt/University/apps/lcd-1-prep/apps-workspace.mcu/lcd/mbed-os/lib/libmbed-os.a(fsl_dspi.o)
 .text.DSPI_MasterGetFormattedCommand.constprop.0
                0x000038c8       0x20 /home/phatt/University/apps/lcd-1-prep/apps-workspace.mcu/lcd/mbed-os/lib/libmbed-os.a(fsl_dspi.o)
 .text.DSPI_GetInstance
                0x000038e8       0x40 /home/phatt/University/apps/lcd-1-prep/apps-workspace.mcu/lcd/mbed-os/lib/libmbed-os.a(fsl_dspi.o)
                0x000038e8                DSPI_GetInstance
 .text.DSPI_GetDummyDataInstance
                0x00003928       0x10 /home/phatt/University/apps/lcd-1-prep/apps-workspace.mcu/lcd/mbed-os/lib/libmbed-os.a(fsl_dspi.o)
                0x00003928                DSPI_GetDummyDataInstance
 .text.DSPI_SetDummyData
                0x00003938       0x14 /home/phatt/University/apps/lcd-1-prep/apps-workspace.mcu/lcd/mbed-os/lib/libmbed-os.a(fsl_dspi.o)
                0x00003938                DSPI_SetDummyData
 .text.DSPI_MasterGetDefaultConfig
                0x0000394c       0x48 /home/phatt/University/apps/lcd-1-prep/apps-workspace.mcu/lcd/mbed-os/lib/libmbed-os.a(fsl_dspi.o)
                0x0000394c                DSPI_MasterGetDefaultConfig
 .text.DSPI_SlaveInit
                0x00003994       0xcc /home/phatt/University/apps/lcd-1-prep/apps-workspace.mcu/lcd/mbed-os/lib/libmbed-os.a(fsl_dspi.o)
                0x00003994                DSPI_SlaveInit
 .text.DSPI_SlaveGetDefaultConfig
                0x00003a60       0x30 /home/phatt/University/apps/lcd-1-prep/apps-workspace.mcu/lcd/mbed-os/lib/libmbed-os.a(fsl_dspi.o)
                0x00003a60                DSPI_SlaveGetDefaultConfig
 .text.DSPI_MasterSetBaudRate
                0x00003a90       0xd8 /home/phatt/University/apps/lcd-1-prep/apps-workspace.mcu/lcd/mbed-os/lib/libmbed-os.a(fsl_dspi.o)
                0x00003a90                DSPI_MasterSetBaudRate
 .text.DSPI_MasterSetDelayScaler
                0x00003b68       0x8c /home/phatt/University/apps/lcd-1-prep/apps-workspace.mcu/lcd/mbed-os/lib/libmbed-os.a(fsl_dspi.o)
                0x00003b68                DSPI_MasterSetDelayScaler
 .text.DSPI_MasterSetDelayTimes
                0x00003bf4       0xbc /home/phatt/University/apps/lcd-1-prep/apps-workspace.mcu/lcd/mbed-os/lib/libmbed-os.a(fsl_dspi.o)
                0x00003bf4                DSPI_MasterSetDelayTimes
 .text.DSPI_MasterInit
                0x00003cb0      0x138 /home/phatt/University/apps/lcd-1-prep/apps-workspace.mcu/lcd/mbed-os/lib/libmbed-os.a(fsl_dspi.o)
                0x00003cb0                DSPI_MasterInit
 .text.DSPI_GetDefaultDataCommandConfig
                0x00003de8       0x2c /home/phatt/University/apps/lcd-1-prep/apps-workspace.mcu/lcd/mbed-os/lib/libmbed-os.a(fsl_dspi.o)
                0x00003de8                DSPI_GetDefaultDataCommandConfig
 .text.DSPI_MasterWriteDataBlocking
                0x00003e14       0x68 /home/phatt/University/apps/lcd-1-prep/apps-workspace.mcu/lcd/mbed-os/lib/libmbed-os.a(fsl_dspi.o)
                0x00003e14                DSPI_MasterWriteDataBlocking
 .text.DSPI_MasterTransferBlocking
                0x00003e7c      0x25c /home/phatt/University/apps/lcd-1-prep/apps-workspace.mcu/lcd/mbed-os/lib/libmbed-os.a(fsl_dspi.o)
                0x00003e7c                DSPI_MasterTransferBlocking
 .text.SPI0_DriverIRQHandler
                0x000040d8       0x34 /home/phatt/University/apps/lcd-1-prep/apps-workspace.mcu/lcd/mbed-os/lib/libmbed-os.a(fsl_dspi.o)
                0x000040d8                SPI0_DriverIRQHandler
 .text.SPI1_DriverIRQHandler
                0x0000410c       0x34 /home/phatt/University/apps/lcd-1-prep/apps-workspace.mcu/lcd/mbed-os/lib/libmbed-os.a(fsl_dspi.o)
                0x0000410c                SPI1_DriverIRQHandler
 .text.SPI2_DriverIRQHandler
                0x00004140       0x34 /home/phatt/University/apps/lcd-1-prep/apps-workspace.mcu/lcd/mbed-os/lib/libmbed-os.a(fsl_dspi.o)
                0x00004140                SPI2_DriverIRQHandler
 .text.PIT_GetInstance.isra.0
                0x00004174       0x28 /home/phatt/University/apps/lcd-1-prep/apps-workspace.mcu/lcd/mbed-os/lib/libmbed-os.a(fsl_pit.o)
 .text.PIT_Init
                0x0000419c       0x50 /home/phatt/University/apps/lcd-1-prep/apps-workspace.mcu/lcd/mbed-os/lib/libmbed-os.a(fsl_pit.o)
                0x0000419c                PIT_Init
 .text.I2C_TransferCommonIRQHandler
                0x000041ec       0x34 /home/phatt/University/apps/lcd-1-prep/apps-workspace.mcu/lcd/mbed-os/lib/libmbed-os.a(fsl_i2c.o)
 .text.I2C0_DriverIRQHandler
                0x00004220       0x14 /home/phatt/University/apps/lcd-1-prep/apps-workspace.mcu/lcd/mbed-os/lib/libmbed-os.a(fsl_i2c.o)
                0x00004220                I2C0_DriverIRQHandler
 .text.I2C1_DriverIRQHandler
                0x00004234       0x14 /home/phatt/University/apps/lcd-1-prep/apps-workspace.mcu/lcd/mbed-os/lib/libmbed-os.a(fsl_i2c.o)
                0x00004234                I2C1_DriverIRQHandler
 .text.I2C2_DriverIRQHandler
                0x00004248       0x14 /home/phatt/University/apps/lcd-1-prep/apps-workspace.mcu/lcd/mbed-os/lib/libmbed-os.a(fsl_i2c.o)
                0x00004248                I2C2_DriverIRQHandler
 .text.UART_GetInstance
                0x0000425c       0x64 /home/phatt/University/apps/lcd-1-prep/apps-workspace.mcu/lcd/mbed-os/lib/libmbed-os.a(fsl_uart.o)
                0x0000425c                UART_GetInstance
 .text.UART_Init
                0x000042c0      0x178 /home/phatt/University/apps/lcd-1-prep/apps-workspace.mcu/lcd/mbed-os/lib/libmbed-os.a(fsl_uart.o)
                0x000042c0                UART_Init
 .text.UART_GetDefaultConfig
                0x00004438       0x30 /home/phatt/University/apps/lcd-1-prep/apps-workspace.mcu/lcd/mbed-os/lib/libmbed-os.a(fsl_uart.o)
                0x00004438                UART_GetDefaultConfig
 .text.UART_SetBaudRate
                0x00004468       0x8c /home/phatt/University/apps/lcd-1-prep/apps-workspace.mcu/lcd/mbed-os/lib/libmbed-os.a(fsl_uart.o)
                0x00004468                UART_SetBaudRate
 .text.UART_GetStatusFlags
                0x000044f4       0x16 /home/phatt/University/apps/lcd-1-prep/apps-workspace.mcu/lcd/mbed-os/lib/libmbed-os.a(fsl_uart.o)
                0x000044f4                UART_GetStatusFlags
 .text.UART_ClearStatusFlags
                0x0000450a       0x40 /home/phatt/University/apps/lcd-1-prep/apps-workspace.mcu/lcd/mbed-os/lib/libmbed-os.a(fsl_uart.o)
                0x0000450a                UART_ClearStatusFlags
 *fill*         0x0000454a        0x2 
 .text.UART0_DriverIRQHandler
                0x0000454c       0x18 /home/phatt/University/apps/lcd-1-prep/apps-workspace.mcu/lcd/mbed-os/lib/libmbed-os.a(fsl_uart.o)
                0x0000454c                UART0_DriverIRQHandler
 .text.UART0_RX_TX_DriverIRQHandler
                0x00004564        0x4 /home/phatt/University/apps/lcd-1-prep/apps-workspace.mcu/lcd/mbed-os/lib/libmbed-os.a(fsl_uart.o)
                0x00004564                UART0_RX_TX_DriverIRQHandler
 .text.UART1_DriverIRQHandler
                0x00004568       0x18 /home/phatt/University/apps/lcd-1-prep/apps-workspace.mcu/lcd/mbed-os/lib/libmbed-os.a(fsl_uart.o)
                0x00004568                UART1_DriverIRQHandler
 .text.UART1_RX_TX_DriverIRQHandler
                0x00004580        0x4 /home/phatt/University/apps/lcd-1-prep/apps-workspace.mcu/lcd/mbed-os/lib/libmbed-os.a(fsl_uart.o)
                0x00004580                UART1_RX_TX_DriverIRQHandler
 .text.UART2_DriverIRQHandler
                0x00004584       0x18 /home/phatt/University/apps/lcd-1-prep/apps-workspace.mcu/lcd/mbed-os/lib/libmbed-os.a(fsl_uart.o)
                0x00004584                UART2_DriverIRQHandler
 .text.UART2_RX_TX_DriverIRQHandler
                0x0000459c        0x4 /home/phatt/University/apps/lcd-1-prep/apps-workspace.mcu/lcd/mbed-os/lib/libmbed-os.a(fsl_uart.o)
                0x0000459c                UART2_RX_TX_DriverIRQHandler
 .text.UART3_DriverIRQHandler
                0x000045a0       0x18 /home/phatt/University/apps/lcd-1-prep/apps-workspace.mcu/lcd/mbed-os/lib/libmbed-os.a(fsl_uart.o)
                0x000045a0                UART3_DriverIRQHandler
 .text.UART3_RX_TX_DriverIRQHandler
                0x000045b8        0x4 /home/phatt/University/apps/lcd-1-prep/apps-workspace.mcu/lcd/mbed-os/lib/libmbed-os.a(fsl_uart.o)
                0x000045b8                UART3_RX_TX_DriverIRQHandler
 .text.UART4_DriverIRQHandler
                0x000045bc       0x18 /home/phatt/University/apps/lcd-1-prep/apps-workspace.mcu/lcd/mbed-os/lib/libmbed-os.a(fsl_uart.o)
                0x000045bc                UART4_DriverIRQHandler
 .text.UART4_RX_TX_DriverIRQHandler
                0x000045d4        0x4 /home/phatt/University/apps/lcd-1-prep/apps-workspace.mcu/lcd/mbed-os/lib/libmbed-os.a(fsl_uart.o)
                0x000045d4                UART4_RX_TX_DriverIRQHandler
 .text.UART5_DriverIRQHandler
                0x000045d8       0x18 /home/phatt/University/apps/lcd-1-prep/apps-workspace.mcu/lcd/mbed-os/lib/libmbed-os.a(fsl_uart.o)
                0x000045d8                UART5_DriverIRQHandler
 .text.UART5_RX_TX_DriverIRQHandler
                0x000045f0        0x4 /home/phatt/University/apps/lcd-1-prep/apps-workspace.mcu/lcd/mbed-os/lib/libmbed-os.a(fsl_uart.o)
                0x000045f0                UART5_RX_TX_DriverIRQHandler
 .text.mbed_minimal_putchar
                0x000045f4       0x34 /home/phatt/University/apps/lcd-1-prep/apps-workspace.mcu/lcd/mbed-os/lib/libmbed-os.a(mbed_printf_implementation.o)
 .text.mbed_minimal_formatted_string_integer
                0x00004628      0x144 /home/phatt/University/apps/lcd-1-prep/apps-workspace.mcu/lcd/mbed-os/lib/libmbed-os.a(mbed_printf_implementation.o)
 .text.mbed_minimal_formatted_string
                0x0000476c      0x3bc /home/phatt/University/apps/lcd-1-prep/apps-workspace.mcu/lcd/mbed-os/lib/libmbed-os.a(mbed_printf_implementation.o)
                0x0000476c                mbed_minimal_formatted_string
 .text.__udivmoddi4
                0x00004b28      0x2bc /usr/local/mcuxpressoide-11.9.0_2144/ide/plugins/com.nxp.mcuxpresso.tools.linux_11.9.0.202307121226/tools/bin/../lib/gcc/arm-none-eabi/12.3.1/thumb/v7e-m+fp/softfp/libgcc.a(_udivmoddi4.o)
                0x00004b28                __udivmoddi4
 .text.fputc    0x00004de4       0x58 /usr/local/mcuxpressoide-11.9.0_2144/ide/plugins/com.nxp.mcuxpresso.tools.linux_11.9.0.202307121226/tools/bin/../lib/gcc/arm-none-eabi/12.3.1/../../../../arm-none-eabi/lib/thumb/v7e-m+fp/softfp/libc.a(libc_a-fputc.o)
                0x00004de4                fputc
 .text.__sread  0x00004e3c       0x24 /usr/local/mcuxpressoide-11.9.0_2144/ide/plugins/com.nxp.mcuxpresso.tools.linux_11.9.0.202307121226/tools/bin/../lib/gcc/arm-none-eabi/12.3.1/../../../../arm-none-eabi/lib/thumb/v7e-m+fp/softfp/libc.a(libc_a-stdio.o)
                0x00004e3c                __sread
 .text.__swrite
                0x00004e60       0x40 /usr/local/mcuxpressoide-11.9.0_2144/ide/plugins/com.nxp.mcuxpresso.tools.linux_11.9.0.202307121226/tools/bin/../lib/gcc/arm-none-eabi/12.3.1/../../../../arm-none-eabi/lib/thumb/v7e-m+fp/softfp/libc.a(libc_a-stdio.o)
                0x00004e60                __swrite
 .text.__sseek  0x00004ea0       0x24 /usr/local/mcuxpressoide-11.9.0_2144/ide/plugins/com.nxp.mcuxpresso.tools.linux_11.9.0.202307121226/tools/bin/../lib/gcc/arm-none-eabi/12.3.1/../../../../arm-none-eabi/lib/thumb/v7e-m+fp/softfp/libc.a(libc_a-stdio.o)
                0x00004ea0                __sseek
 .text.__sclose
                0x00004ec4        0x8 /usr/local/mcuxpressoide-11.9.0_2144/ide/plugins/com.nxp.mcuxpresso.tools.linux_11.9.0.202307121226/tools/bin/../lib/gcc/arm-none-eabi/12.3.1/../../../../arm-none-eabi/lib/thumb/v7e-m+fp/softfp/libc.a(libc_a-stdio.o)
                0x00004ec4                __sclose
 .text._write_r
                0x00004ecc       0x2c /usr/local/mcuxpressoide-11.9.0_2144/ide/plugins/com.nxp.mcuxpresso.tools.linux_11.9.0.202307121226/tools/bin/../lib/gcc/arm-none-eabi/12.3.1/../../../../arm-none-eabi/lib/thumb/v7e-m+fp/softfp/libc.a(libc_a-writer.o)
                0x00004ecc                _write_r
 .text.__errno  0x00004ef8        0xc /usr/local/mcuxpressoide-11.9.0_2144/ide/plugins/com.nxp.mcuxpresso.tools.linux_11.9.0.202307121226/tools/bin/../lib/gcc/arm-none-eabi/12.3.1/../../../../arm-none-eabi/lib/thumb/v7e-m+fp/softfp/libc.a(libc_a-errno.o)
                0x00004ef8                __errno
 .text.free     0x00004f04       0x10 /usr/local/mcuxpressoide-11.9.0_2144/ide/plugins/com.nxp.mcuxpresso.tools.linux_11.9.0.202307121226/tools/bin/../lib/gcc/arm-none-eabi/12.3.1/../../../../arm-none-eabi/lib/thumb/v7e-m+fp/softfp/libc.a(libc_a-malloc.o)
                0x00004f04                free
 .text._malloc_r
                0x00004f14      0x574 /usr/local/mcuxpressoide-11.9.0_2144/ide/plugins/com.nxp.mcuxpresso.tools.linux_11.9.0.202307121226/tools/bin/../lib/gcc/arm-none-eabi/12.3.1/../../../../arm-none-eabi/lib/thumb/v7e-m+fp/softfp/libc.a(libc_a-mallocr.o)
                0x00004f14                _malloc_r
 .text.__assert_func
                0x00005488       0x40 /usr/local/mcuxpressoide-11.9.0_2144/ide/plugins/com.nxp.mcuxpresso.tools.linux_11.9.0.202307121226/tools/bin/../lib/gcc/arm-none-eabi/12.3.1/../../../../arm-none-eabi/lib/thumb/v7e-m+fp/softfp/libc.a(libc_a-assert.o)
                0x00005488                __assert_func
 .text.memset   0x000054c8       0xa4 /usr/local/mcuxpressoide-11.9.0_2144/ide/plugins/com.nxp.mcuxpresso.tools.linux_11.9.0.202307121226/tools/bin/../lib/gcc/arm-none-eabi/12.3.1/../../../../arm-none-eabi/lib/thumb/v7e-m+fp/softfp/libc.a(libc_a-memset.o)
                0x000054c8                memset
 .text.__libc_init_array
                0x0000556c       0x50 /usr/local/mcuxpressoide-11.9.0_2144/ide/plugins/com.nxp.mcuxpresso.tools.linux_11.9.0.202307121226/tools/bin/../lib/gcc/arm-none-eabi/12.3.1/../../../../arm-none-eabi/lib/thumb/v7e-m+fp/softfp/libc.a(libc_a-init.o)
                0x0000556c                __libc_init_array
 .text.__retarget_lock_init_recursive
                0x000055bc        0x4 /usr/local/mcuxpressoide-11.9.0_2144/ide/plugins/com.nxp.mcuxpresso.tools.linux_11.9.0.202307121226/tools/bin/../lib/gcc/arm-none-eabi/12.3.1/../../../../arm-none-eabi/lib/thumb/v7e-m+fp/softfp/libc.a(libc_a-lock.o)
                0x000055bc                __retarget_lock_init_recursive
 .text.__retarget_lock_close_recursive
                0x000055c0        0x4 /usr/local/mcuxpressoide-11.9.0_2144/ide/plugins/com.nxp.mcuxpresso.tools.linux_11.9.0.202307121226/tools/bin/../lib/gcc/arm-none-eabi/12.3.1/../../../../arm-none-eabi/lib/thumb/v7e-m+fp/softfp/libc.a(libc_a-lock.o)
                0x000055c0                __retarget_lock_close_recursive
 .text.__retarget_lock_acquire_recursive
                0x000055c4        0x4 /usr/local/mcuxpressoide-11.9.0_2144/ide/plugins/com.nxp.mcuxpresso.tools.linux_11.9.0.202307121226/tools/bin/../lib/gcc/arm-none-eabi/12.3.1/../../../../arm-none-eabi/lib/thumb/v7e-m+fp/softfp/libc.a(libc_a-lock.o)
                0x000055c4                __retarget_lock_acquire_recursive
 .text.__retarget_lock_release_recursive
                0x000055c8        0x4 /usr/local/mcuxpressoide-11.9.0_2144/ide/plugins/com.nxp.mcuxpresso.tools.linux_11.9.0.202307121226/tools/bin/../lib/gcc/arm-none-eabi/12.3.1/../../../../arm-none-eabi/lib/thumb/v7e-m+fp/softfp/libc.a(libc_a-lock.o)
                0x000055c8                __retarget_lock_release_recursive
 .text.sysconf  0x000055cc       0x1c /usr/local/mcuxpressoide-11.9.0_2144/ide/plugins/com.nxp.mcuxpresso.tools.linux_11.9.0.202307121226/tools/bin/../lib/gcc/arm-none-eabi/12.3.1/../../../../arm-none-eabi/lib/thumb/v7e-m+fp/softfp/libc.a(libc_a-sysconf.o)
                0x000055cc                sysconf
 .text._putc_r  0x000055e8       0x78 /usr/local/mcuxpressoide-11.9.0_2144/ide/plugins/com.nxp.mcuxpresso.tools.linux_11.9.0.202307121226/tools/bin/../lib/gcc/arm-none-eabi/12.3.1/../../../../arm-none-eabi/lib/thumb/v7e-m+fp/softfp/libc.a(libc_a-putc.o)
                0x000055e8                _putc_r
 .text._close_r
                0x00005660       0x24 /usr/local/mcuxpressoide-11.9.0_2144/ide/plugins/com.nxp.mcuxpresso.tools.linux_11.9.0.202307121226/tools/bin/../lib/gcc/arm-none-eabi/12.3.1/../../../../arm-none-eabi/lib/thumb/v7e-m+fp/softfp/libc.a(libc_a-closer.o)
                0x00005660                _close_r
 .text.__sflush_r
                0x00005684      0x138 /usr/local/mcuxpressoide-11.9.0_2144/ide/plugins/com.nxp.mcuxpresso.tools.linux_11.9.0.202307121226/tools/bin/../lib/gcc/arm-none-eabi/12.3.1/../../../../arm-none-eabi/lib/thumb/v7e-m+fp/softfp/libc.a(libc_a-fflush.o)
                0x00005684                __sflush_r
 .text._fflush_r
                0x000057bc       0x54 /usr/local/mcuxpressoide-11.9.0_2144/ide/plugins/com.nxp.mcuxpresso.tools.linux_11.9.0.202307121226/tools/bin/../lib/gcc/arm-none-eabi/12.3.1/../../../../arm-none-eabi/lib/thumb/v7e-m+fp/softfp/libc.a(libc_a-fflush.o)
                0x000057bc                _fflush_r
 .text.fflush   0x00005810       0x74 /usr/local/mcuxpressoide-11.9.0_2144/ide/plugins/com.nxp.mcuxpresso.tools.linux_11.9.0.202307121226/tools/bin/../lib/gcc/arm-none-eabi/12.3.1/../../../../arm-none-eabi/lib/thumb/v7e-m+fp/softfp/libc.a(libc_a-fflush.o)
                0x00005810                fflush
 .text.stdio_exit_handler
                0x00005884       0x18 /usr/local/mcuxpressoide-11.9.0_2144/ide/plugins/com.nxp.mcuxpresso.tools.linux_11.9.0.202307121226/tools/bin/../lib/gcc/arm-none-eabi/12.3.1/../../../../arm-none-eabi/lib/thumb/v7e-m+fp/softfp/libc.a(libc_a-findfp.o)
 .text.cleanup_stdio
                0x0000589c       0x40 /usr/local/mcuxpressoide-11.9.0_2144/ide/plugins/com.nxp.mcuxpresso.tools.linux_11.9.0.202307121226/tools/bin/../lib/gcc/arm-none-eabi/12.3.1/../../../../arm-none-eabi/lib/thumb/v7e-m+fp/softfp/libc.a(libc_a-findfp.o)
 .text.global_stdio_init.part.0
                0x000058dc       0xf0 /usr/local/mcuxpressoide-11.9.0_2144/ide/plugins/com.nxp.mcuxpresso.tools.linux_11.9.0.202307121226/tools/bin/../lib/gcc/arm-none-eabi/12.3.1/../../../../arm-none-eabi/lib/thumb/v7e-m+fp/softfp/libc.a(libc_a-findfp.o)
 .text.__sinit  0x000059cc       0x3c /usr/local/mcuxpressoide-11.9.0_2144/ide/plugins/com.nxp.mcuxpresso.tools.linux_11.9.0.202307121226/tools/bin/../lib/gcc/arm-none-eabi/12.3.1/../../../../arm-none-eabi/lib/thumb/v7e-m+fp/softfp/libc.a(libc_a-findfp.o)
                0x000059cc                __sinit
 .text.__sfp_lock_acquire
                0x00005a08        0xc /usr/local/mcuxpressoide-11.9.0_2144/ide/plugins/com.nxp.mcuxpresso.tools.linux_11.9.0.202307121226/tools/bin/../lib/gcc/arm-none-eabi/12.3.1/../../../../arm-none-eabi/lib/thumb/v7e-m+fp/softfp/libc.a(libc_a-findfp.o)
                0x00005a08                __sfp_lock_acquire
 .text.__sfp_lock_release
                0x00005a14        0xc /usr/local/mcuxpressoide-11.9.0_2144/ide/plugins/com.nxp.mcuxpresso.tools.linux_11.9.0.202307121226/tools/bin/../lib/gcc/arm-none-eabi/12.3.1/../../../../arm-none-eabi/lib/thumb/v7e-m+fp/softfp/libc.a(libc_a-findfp.o)
                0x00005a14                __sfp_lock_release
 .text._malloc_trim_r
                0x00005a20       0xb8 /usr/local/mcuxpressoide-11.9.0_2144/ide/plugins/com.nxp.mcuxpresso.tools.linux_11.9.0.202307121226/tools/bin/../lib/gcc/arm-none-eabi/12.3.1/../../../../arm-none-eabi/lib/thumb/v7e-m+fp/softfp/libc.a(libc_a-freer.o)
                0x00005a20                _malloc_trim_r
 .text._free_r  0x00005ad8      0x1fc /usr/local/mcuxpressoide-11.9.0_2144/ide/plugins/com.nxp.mcuxpresso.tools.linux_11.9.0.202307121226/tools/bin/../lib/gcc/arm-none-eabi/12.3.1/../../../../arm-none-eabi/lib/thumb/v7e-m+fp/softfp/libc.a(libc_a-freer.o)
                0x00005ad8                _free_r
 .text._fstat_r
                0x00005cd4       0x2c /usr/local/mcuxpressoide-11.9.0_2144/ide/plugins/com.nxp.mcuxpresso.tools.linux_11.9.0.202307121226/tools/bin/../lib/gcc/arm-none-eabi/12.3.1/../../../../arm-none-eabi/lib/thumb/v7e-m+fp/softfp/libc.a(libc_a-fstatr.o)
                0x00005cd4                _fstat_r
 .text._lseek_r
                0x00005d00       0x2c /usr/local/mcuxpressoide-11.9.0_2144/ide/plugins/com.nxp.mcuxpresso.tools.linux_11.9.0.202307121226/tools/bin/../lib/gcc/arm-none-eabi/12.3.1/../../../../arm-none-eabi/lib/thumb/v7e-m+fp/softfp/libc.a(libc_a-lseekr.o)
                0x00005d00                _lseek_r
 .text._read_r  0x00005d2c       0x2c /usr/local/mcuxpressoide-11.9.0_2144/ide/plugins/com.nxp.mcuxpresso.tools.linux_11.9.0.202307121226/tools/bin/../lib/gcc/arm-none-eabi/12.3.1/../../../../arm-none-eabi/lib/thumb/v7e-m+fp/softfp/libc.a(libc_a-readr.o)
                0x00005d2c                _read_r
 .text.fiprintf
                0x00005d58       0x28 /usr/local/mcuxpressoide-11.9.0_2144/ide/plugins/com.nxp.mcuxpresso.tools.linux_11.9.0.202307121226/tools/bin/../lib/gcc/arm-none-eabi/12.3.1/../../../../arm-none-eabi/lib/thumb/v7e-m+fp/softfp/libc.a(libc_a-fiprintf.o)
                0x00005d58                fiprintf
 .text._sbrk_r  0x00005d80       0x24 /usr/local/mcuxpressoide-11.9.0_2144/ide/plugins/com.nxp.mcuxpresso.tools.linux_11.9.0.202307121226/tools/bin/../lib/gcc/arm-none-eabi/12.3.1/../../../../arm-none-eabi/lib/thumb/v7e-m+fp/softfp/libc.a(libc_a-sbrkr.o)
                0x00005d80                _sbrk_r
 .text._fwalk_sglue
                0x00005da4       0x48 /usr/local/mcuxpressoide-11.9.0_2144/ide/plugins/com.nxp.mcuxpresso.tools.linux_11.9.0.202307121226/tools/bin/../lib/gcc/arm-none-eabi/12.3.1/../../../../arm-none-eabi/lib/thumb/v7e-m+fp/softfp/libc.a(libc_a-fwalk.o)
                0x00005da4                _fwalk_sglue
 .text.__sprint_r.part.0
                0x00005dec       0x78 /usr/local/mcuxpressoide-11.9.0_2144/ide/plugins/com.nxp.mcuxpresso.tools.linux_11.9.0.202307121226/tools/bin/../lib/gcc/arm-none-eabi/12.3.1/../../../../arm-none-eabi/lib/thumb/v7e-m+fp/softfp/libc.a(libc_a-vfiprintf.o)
 .text._vfiprintf_r
                0x00005e64      0xfa8 /usr/local/mcuxpressoide-11.9.0_2144/ide/plugins/com.nxp.mcuxpresso.tools.linux_11.9.0.202307121226/tools/bin/../lib/gcc/arm-none-eabi/12.3.1/../../../../arm-none-eabi/lib/thumb/v7e-m+fp/softfp/libc.a(libc_a-vfiprintf.o)
                0x00005e64                _vfiprintf_r
 .text.__sbprintf
                0x00006e0c       0x80 /usr/local/mcuxpressoide-11.9.0_2144/ide/plugins/com.nxp.mcuxpresso.tools.linux_11.9.0.202307121226/tools/bin/../lib/gcc/arm-none-eabi/12.3.1/../../../../arm-none-eabi/lib/thumb/v7e-m+fp/softfp/libc.a(libc_a-vfiprintf.o)
 .text.__swbuf_r
                0x00006e8c       0xac /usr/local/mcuxpressoide-11.9.0_2144/ide/plugins/com.nxp.mcuxpresso.tools.linux_11.9.0.202307121226/tools/bin/../lib/gcc/arm-none-eabi/12.3.1/../../../../arm-none-eabi/lib/thumb/v7e-m+fp/softfp/libc.a(libc_a-wbuf.o)
                0x00006e8c                __swbuf_r
 .text.abort    0x00006f38       0x10 /usr/local/mcuxpressoide-11.9.0_2144/ide/plugins/com.nxp.mcuxpresso.tools.linux_11.9.0.202307121226/tools/bin/../lib/gcc/arm-none-eabi/12.3.1/../../../../arm-none-eabi/lib/thumb/v7e-m+fp/softfp/libc.a(libc_a-abort.o)
                0x00006f38                abort
 .text._wcrtomb_r
                0x00006f48       0x4c /usr/local/mcuxpressoide-11.9.0_2144/ide/plugins/com.nxp.mcuxpresso.tools.linux_11.9.0.202307121226/tools/bin/../lib/gcc/arm-none-eabi/12.3.1/../../../../arm-none-eabi/lib/thumb/v7e-m+fp/softfp/libc.a(libc_a-wcrtomb.o)
                0x00006f48                _wcrtomb_r
 .text.__locale_mb_cur_max
                0x00006f94        0xc /usr/local/mcuxpressoide-11.9.0_2144/ide/plugins/com.nxp.mcuxpresso.tools.linux_11.9.0.202307121226/tools/bin/../lib/gcc/arm-none-eabi/12.3.1/../../../../arm-none-eabi/lib/thumb/v7e-m+fp/softfp/libc.a(libc_a-locale.o)
                0x00006f94                __locale_mb_cur_max
 .text._localeconv_r
                0x00006fa0        0x8 /usr/local/mcuxpressoide-11.9.0_2144/ide/plugins/com.nxp.mcuxpresso.tools.linux_11.9.0.202307121226/tools/bin/../lib/gcc/arm-none-eabi/12.3.1/../../../../arm-none-eabi/lib/thumb/v7e-m+fp/softfp/libc.a(libc_a-localeconv.o)
                0x00006fa0                _localeconv_r
 .text._fclose_r
                0x00006fa8       0xc0 /usr/local/mcuxpressoide-11.9.0_2144/ide/plugins/com.nxp.mcuxpresso.tools.linux_11.9.0.202307121226/tools/bin/../lib/gcc/arm-none-eabi/12.3.1/../../../../arm-none-eabi/lib/thumb/v7e-m+fp/softfp/libc.a(libc_a-fclose.o)
                0x00006fa8                _fclose_r
 .text.__swsetup_r
                0x00007068       0xc0 /usr/local/mcuxpressoide-11.9.0_2144/ide/plugins/com.nxp.mcuxpresso.tools.linux_11.9.0.202307121226/tools/bin/../lib/gcc/arm-none-eabi/12.3.1/../../../../arm-none-eabi/lib/thumb/v7e-m+fp/softfp/libc.a(libc_a-wsetup.o)
                0x00007068                __swsetup_r
 .text.__smakebuf_r
                0x00007128       0xdc /usr/local/mcuxpressoide-11.9.0_2144/ide/plugins/com.nxp.mcuxpresso.tools.linux_11.9.0.202307121226/tools/bin/../lib/gcc/arm-none-eabi/12.3.1/../../../../arm-none-eabi/lib/thumb/v7e-m+fp/softfp/libc.a(libc_a-makebuf.o)
                0x00007128                __smakebuf_r
 .text._wcsrtombs_r
                0x00007204       0x18 /usr/local/mcuxpressoide-11.9.0_2144/ide/plugins/com.nxp.mcuxpresso.tools.linux_11.9.0.202307121226/tools/bin/../lib/gcc/arm-none-eabi/12.3.1/../../../../arm-none-eabi/lib/thumb/v7e-m+fp/softfp/libc.a(libc_a-wcsrtombs.o)
                0x00007204                _wcsrtombs_r
 .text.strncpy  0x0000721c       0x68 /usr/local/mcuxpressoide-11.9.0_2144/ide/plugins/com.nxp.mcuxpresso.tools.linux_11.9.0.202307121226/tools/bin/../lib/gcc/arm-none-eabi/12.3.1/../../../../arm-none-eabi/lib/thumb/v7e-m+fp/softfp/libc.a(libc_a-strncpy.o)
                0x0000721c                strncpy
 .text.raise    0x00007284       0x58 /usr/local/mcuxpressoide-11.9.0_2144/ide/plugins/com.nxp.mcuxpresso.tools.linux_11.9.0.202307121226/tools/bin/../lib/gcc/arm-none-eabi/12.3.1/../../../../arm-none-eabi/lib/thumb/v7e-m+fp/softfp/libc.a(libc_a-signal.o)
                0x00007284                raise
 .text._isatty_r
                0x000072dc       0x24 /usr/local/mcuxpressoide-11.9.0_2144/ide/plugins/com.nxp.mcuxpresso.tools.linux_11.9.0.202307121226/tools/bin/../lib/gcc/arm-none-eabi/12.3.1/../../../../arm-none-eabi/lib/thumb/v7e-m+fp/softfp/libc.a(libc_a-isattyr.o)
                0x000072dc                _isatty_r
 .text.__fputwc
                0x00007300       0x7c /usr/local/mcuxpressoide-11.9.0_2144/ide/plugins/com.nxp.mcuxpresso.tools.linux_11.9.0.202307121226/tools/bin/../lib/gcc/arm-none-eabi/12.3.1/../../../../arm-none-eabi/lib/thumb/v7e-m+fp/softfp/libc.a(libc_a-fputwc.o)
                0x00007300                __fputwc
 .text._fputwc_r
                0x0000737c       0x60 /usr/local/mcuxpressoide-11.9.0_2144/ide/plugins/com.nxp.mcuxpresso.tools.linux_11.9.0.202307121226/tools/bin/../lib/gcc/arm-none-eabi/12.3.1/../../../../arm-none-eabi/lib/thumb/v7e-m+fp/softfp/libc.a(libc_a-fputwc.o)
                0x0000737c                _fputwc_r
 .text.__ascii_wctomb
                0x000073dc       0x1c /usr/local/mcuxpressoide-11.9.0_2144/ide/plugins/com.nxp.mcuxpresso.tools.linux_11.9.0.202307121226/tools/bin/../lib/gcc/arm-none-eabi/12.3.1/../../../../arm-none-eabi/lib/thumb/v7e-m+fp/softfp/libc.a(libc_a-wctomb_r.o)
                0x000073dc                __ascii_wctomb
 .text._kill_r  0x000073f8       0x2c /usr/local/mcuxpressoide-11.9.0_2144/ide/plugins/com.nxp.mcuxpresso.tools.linux_11.9.0.202307121226/tools/bin/../lib/gcc/arm-none-eabi/12.3.1/../../../../arm-none-eabi/lib/thumb/v7e-m+fp/softfp/libc.a(libc_a-signalr.o)
                0x000073f8                _kill_r
 .text._getpid_r
                0x00007424        0x4 /usr/local/mcuxpressoide-11.9.0_2144/ide/plugins/com.nxp.mcuxpresso.tools.linux_11.9.0.202307121226/tools/bin/../lib/gcc/arm-none-eabi/12.3.1/../../../../arm-none-eabi/lib/thumb/v7e-m+fp/softfp/libc.a(libc_a-signalr.o)
                0x00007424                _getpid_r
 .text.__sfvwrite_r
                0x00007428      0x300 /usr/local/mcuxpressoide-11.9.0_2144/ide/plugins/com.nxp.mcuxpresso.tools.linux_11.9.0.202307121226/tools/bin/../lib/gcc/arm-none-eabi/12.3.1/../../../../arm-none-eabi/lib/thumb/v7e-m+fp/softfp/libc.a(libc_a-fvwrite.o)
                0x00007428                __sfvwrite_r
 .text.__ascii_mbtowc
                0x00007728       0x2c /usr/local/mcuxpressoide-11.9.0_2144/ide/plugins/com.nxp.mcuxpresso.tools.linux_11.9.0.202307121226/tools/bin/../lib/gcc/arm-none-eabi/12.3.1/../../../../arm-none-eabi/lib/thumb/v7e-m+fp/softfp/libc.a(libc_a-mbtowc_r.o)
                0x00007728                __ascii_mbtowc
 .text.memmove  0x00007754      0x100 /usr/local/mcuxpressoide-11.9.0_2144/ide/plugins/com.nxp.mcuxpresso.tools.linux_11.9.0.202307121226/tools/bin/../lib/gcc/arm-none-eabi/12.3.1/../../../../arm-none-eabi/lib/thumb/v7e-m+fp/softfp/libc.a(libc_a-memmove.o)
                0x00007754                memmove
 .text._wcsnrtombs_l
                0x00007854       0xfc /usr/local/mcuxpressoide-11.9.0_2144/ide/plugins/com.nxp.mcuxpresso.tools.linux_11.9.0.202307121226/tools/bin/../lib/gcc/arm-none-eabi/12.3.1/../../../../arm-none-eabi/lib/thumb/v7e-m+fp/softfp/libc.a(libc_a-wcsnrtombs.o)
                0x00007854                _wcsnrtombs_l
 .text._wcsnrtombs_r
                0x00007950       0x24 /usr/local/mcuxpressoide-11.9.0_2144/ide/plugins/com.nxp.mcuxpresso.tools.linux_11.9.0.202307121226/tools/bin/../lib/gcc/arm-none-eabi/12.3.1/../../../../arm-none-eabi/lib/thumb/v7e-m+fp/softfp/libc.a(libc_a-wcsnrtombs.o)
                0x00007950                _wcsnrtombs_r
 .text._realloc_r
                0x00007974      0x344 /usr/local/mcuxpressoide-11.9.0_2144/ide/plugins/com.nxp.mcuxpresso.tools.linux_11.9.0.202307121226/tools/bin/../lib/gcc/arm-none-eabi/12.3.1/../../../../arm-none-eabi/lib/thumb/v7e-m+fp/softfp/libc.a(libc_a-reallocr.o)
                0x00007974                _realloc_r
 *(.rodata)
 .rodata        0x00007cb8       0x50 ./main-lcd.o
 .rodata        0x00007d08       0x14 /home/phatt/University/apps/lcd-1-prep/apps-workspace.mcu/lcd/mbed-os/lib/libmbed-os.a(pinmap.o)
 *(.rodata*)
 .rodata._ZL4font
                0x00007d1c      0xc00 ./main-lcd.o
 .rodata._ZTV4Line
                0x0000891c       0x10 ./main-lcd.o
                0x0000891c                vtable for Line
 .rodata._ZTV9Character
                0x0000892c       0x10 ./main-lcd.o
                0x0000892c                vtable for Character
 .rodata._ZTV6Circle
                0x0000893c       0x10 ./main-lcd.o
                0x0000893c                vtable for Circle
 .rodata._ZTV12GraphElement
                0x0000894c       0x10 ./main-lcd.o
                0x0000894c                vtable for GraphElement
 .rodata._ZN4mbed3SPI4lockEv.str1.1
                0x0000895c       0x56 /home/phatt/University/apps/lcd-1-prep/apps-workspace.mcu/lcd/mbed-os/lib/libmbed-os.a(SPI.o)
 .rodata._ZN4mbed3SPI6_allocEv.str1.1
                0x000089b2       0x4a /home/phatt/University/apps/lcd-1-prep/apps-workspace.mcu/lcd/mbed-os/lib/libmbed-os.a(SPI.o)
 .rodata._ZTVN4mbed3SPIE
                0x000089fc       0x20 /home/phatt/University/apps/lcd-1-prep/apps-workspace.mcu/lcd/mbed-os/lib/libmbed-os.a(SPI.o)
                0x000089fc                vtable for mbed::SPI
 .rodata.us_data
                0x00008a1c        0x8 /home/phatt/University/apps/lcd-1-prep/apps-workspace.mcu/lcd/mbed-os/lib/libmbed-os.a(mbed_us_ticker_api.o)
 .rodata.us_interface
                0x00008a24       0x24 /home/phatt/University/apps/lcd-1-prep/apps-workspace.mcu/lcd/mbed-os/lib/libmbed-os.a(mbed_us_ticker_api.o)
 .rodata.schedule_interrupt.str1.1
                0x00008a48       0x4b /home/phatt/University/apps/lcd-1-prep/apps-workspace.mcu/lcd/mbed-os/lib/libmbed-os.a(mbed_ticker_api.o)
 .rodata.initialize.str1.1
                0x00008a93       0x55 /home/phatt/University/apps/lcd-1-prep/apps-workspace.mcu/lcd/mbed-os/lib/libmbed-os.a(mbed_ticker_api.o)
 .rodata.core_util_critical_section_enter.str1.1
                0x00008ae8       0x5b /home/phatt/University/apps/lcd-1-prep/apps-workspace.mcu/lcd/mbed-os/lib/libmbed-os.a(mbed_critical.o)
 .rodata.print_error_report.constprop.0.str1.1
                0x00008b43      0x18a /home/phatt/University/apps/lcd-1-prep/apps-workspace.mcu/lcd/mbed-os/lib/libmbed-os.a(mbed_error.o)
 .rodata.mbed_error.str1.1
                0x00008ccd       0x7d /home/phatt/University/apps/lcd-1-prep/apps-workspace.mcu/lcd/mbed-os/lib/libmbed-os.a(mbed_error.o)
 .rodata.__cxa_guard_acquire.str1.1
                0x00008d4a       0x4a /home/phatt/University/apps/lcd-1-prep/apps-workspace.mcu/lcd/mbed-os/lib/libmbed-os.a(mbed_retarget.o)
 .rodata.__cxa_guard_release.str1.1