/usr/local/mcuxpressoide-11.9.0_2144/ide/plugins/com.nxp.mcuxpresso.tools.linux_11.9.0.202307121226/tools/arm-none-eabi/include/c++/12.3.1/arm-none-eabi/thumb/v7e-m+fp/softfp/bits/gthr-default.h:229:1:int __gthread_key_delete(__gthread_key_t)	8	static
/home/phatt/University/apps/lcd-1-prep/apps-workspace.mcu/lcd/mbed-os/drivers/include/drivers/DigitalOut.h:73:5:mbed::DigitalOut::DigitalOut(PinName, int)	24	static
/home/phatt/University/apps/lcd-1-prep/apps-workspace.mcu/lcd/mbed-os/drivers/include/drivers/DigitalOut.h:84:10:void mbed::DigitalOut::write(int)	16	static
/home/phatt/University/apps/lcd-1-prep/apps-workspace.mcu/lcd/mbed-os/drivers/include/drivers/DigitalOut.h:122:17:mbed::DigitalOut& mbed::DigitalOut::operator=(int)	16	static
/home/phatt/University/apps/lcd-1-prep/apps-workspace.mcu/lcd/mbed-os/platform/include/platform/mbed_wait_api.h:132:13:void _wait_us_inline(unsigned int)	32	static
../lcd_lib.cpp:33:6:void lcd_write_command(uint8_t)	16	static
../lcd_lib.cpp:43:6:void lcd_write_data(uint8_t)	16	static
../lcd_lib.cpp:53:6:void lcd_write_data_16(uint16_t)	32	static
../lcd_lib.cpp:63:6:void lcd_write_data_buf(uint8_t*, uint32_t)	24	static
../lcd_lib.cpp:76:6:void lcd_put_pixel(int32_t, int32_t, uint16_t)	24	static
../lcd_lib.cpp:91:6:void lcd_reset()	8	static
../lcd_lib.cpp:100:6:void lcd_init()	656	static
../lcd_lib.cpp:231:1:void __static_initialization_and_destruction_0(int, int)	24	static
../lcd_lib.cpp:231:1:cpp)	8	static
