22:10:13 **** Build of configuration Debug for project empty-mbed-os ****
make -r -j4 linker-script-debug.ld all 
arm-none-eabi-cpp -E -P -DMBED_DEBUG -DMBED_TRAP_ERRORS_ENABLED=1 -DMBED_MINIMAL_PRINTF -Wl,-n -Wl,--start-group -lstdc++ -lsupc++ -lm -lc -lgcc -lnosys -lmbed-os -Wl,--end-group ../mbed-os/targets/TARGET_Freescale/TARGET_MCUXpresso_MCUS/TARGET_MCU_K64F/device/TOOLCHAIN_GCC_ARM/MK64FN1M0xxx12.ld -o linker-script-debug.ld
Building file: ../mbed-os/symbols.c
Building file: ../main-empty.cpp
Invoking: MCU C Compiler
arm-none-eabi-gcc -std=gnu11 -DTARGET_NAME=K64F -DCOMPONENT_SD=1 -DDEVICE_RTC=1 -DFSL_RTOS_MBED -DTOOLCHAIN_GCC -DTARGET_LIKE_CORTEX_M4 -DTARGET_Freescale -DTARGET_MCUXpresso_MCUS -DTARGET_KPSDK_CODE -DTOOLCHAIN_GCC_ARM -DFEATURE_PSA=1 -DDEVICE_USTICKER=1 -DDEVICE_PORTIN=1 -DDEVICE_USBDEVICE=1 -DDEVICE_STDIO_MESSAGES=1 -DCOMPONENT_FLASHIAP=1 -DDEVICE_EMAC=1 -DDEVICE_TRNG=1 -DMBED_SPLIT_HEAP -DTARGET_KPSDK_MCUS -DTARGET_MCU_K64F -DDEVICE_PORTOUT=1 -D__MBED__=1 -DTARGET_Freescale_EMAC -DMBED_TICKLESS -DDEVICE_SERIAL=1 -DTARGET_PSA_Target -DDEVICE_PORTINOUT=1 -DDEVICE_LPTICKER=1 -DDEVICE_SERIAL_FC=1 -DTARGET_KSDK2_MCUS -DDEVICE_WATCHDOG=1 -DTARGET_PSA_V7_M -DDEVICE_ANALOGOUT=1 -DDEVICE_SPI_ASYNCH=1 -DDEVICE_ANALOGIN=1 -DDEVICE_I2C=1 -DTARGET_M4 -DDEVICE_SLEEP=1 -D__CORTEX_M4 -D__MBED_CMSIS_RTOS_CM -DDEVICE_FLASH=1 -DTARGET_K64F -DARM_MATH_CM4 -DMBED_BUILD_TIMESTAMP=1645455281.1211684 -DDEVICE_INTERRUPTIN=1 -DTARGET_RELEASE -DTARGET_LIKE_MBED -DTARGET_RTOS_M4_M7 -D__FPU_PRESENT=1 -DDEVICE_SERIAL_ASYNCH=1 -DTARGET_FRDM -DDEVICE_SPI=1 -D__CMSIS_RTOS -DTARGET_MBED_PSA_SRV -DDEVICE_RESET_REASON=1 -DDEVICE_SPISLAVE=1 -DTARGET_CORTEX -DTARGET_CORTEX_M -DDEVICE_PWMOUT=1 -DTARGET_FF_ARDUINO_UNO -DDEVICE_I2CSLAVE=1 -DDEVICE_CRC=1 -DCPU_MK64FN1M0VMD12 -D__NEWLIB__ -I"/home/phatt/University/apps/lcd-1-prep/apps-workspace.mcu/empty-mbed-os/." -I"/home/phatt/University/apps/lcd-1-prep/apps-workspace.mcu/empty-mbed-os/mbed-os" -I"/home/phatt/University/apps/lcd-1-prep/apps-workspace.mcu/empty-mbed-os/mbed-os/cmsis" -I"/home/phatt/University/apps/lcd-1-prep/apps-workspace.mcu/empty-mbed-os/mbed-os/cmsis/CMSIS_5" -I"/home/phatt/University/apps/lcd-1-prep/apps-workspace.mcu/empty-mbed-os/mbed-os/cmsis/CMSIS_5/CMSIS" -I"/home/phatt/University/apps/lcd-1-prep/apps-workspace.mcu/empty-mbed-os/mbed-os/cmsis/CMSIS_5/CMSIS/TARGET_CORTEX_M" -I"/home/phatt/University/apps/lcd-1-prep/apps-workspace.mcu/empty-mbed-os/mbed-os/cmsis/CMSIS_5/CMSIS/TARGET_CORTEX_M/Include" -I"/home/phatt/University/apps/lcd-1-prep/apps-workspace.mcu/empty-mbed-os/mbed-os/cmsis/device" -I"/home/phatt/University/apps/lcd-1-prep/apps-workspace.mcu/empty-mbed-os/mbed-os/cmsis/device/RTE" -I"/home/phatt/University/apps/lcd-1-prep/apps-workspace.mcu/empty-mbed-os/mbed-os/cmsis/device/RTE/include" -I"/home/phatt/University/apps/lcd-1-prep/apps-workspace.mcu/empty-mbed-os/mbed-os/drivers" -I"/home/phatt/University/apps/lcd-1-prep/apps-workspace.mcu/empty-mbed-os/mbed-os/drivers/include" -I"/home/phatt/University/apps/lcd-1-prep/apps-workspace.mcu/empty-mbed-os/mbed-os/drivers/include/drivers" -I"/home/phatt/University/apps/lcd-1-prep/apps-workspace.mcu/empty-mbed-os/mbed-os/drivers/include/drivers/interfaces" -I"/home/phatt/University/apps/lcd-1-prep/apps-workspace.mcu/empty-mbed-os/mbed-os/features" -I"/home/phatt/University/apps/lcd-1-prep/apps-workspace.mcu/empty-mbed-os/mbed-os/features/frameworks" -I"/home/phatt/University/apps/lcd-1-prep/apps-workspace.mcu/empty-mbed-os/mbed-os/hal" -I"/home/phatt/University/apps/lcd-1-prep/apps-workspace.mcu/empty-mbed-os/mbed-os/hal/include" -I"/home/phatt/University/apps/lcd-1-prep/apps-workspace.mcu/empty-mbed-os/mbed-os/hal/include/hal" -I"/home/phatt/University/apps/lcd-1-prep/apps-workspace.mcu/empty-mbed-os/mbed-os/hal/usb" -I"/home/phatt/University/apps/lcd-1-prep/apps-workspace.mcu/empty-mbed-os/mbed-os/hal/usb/include" -I"/home/phatt/University/apps/lcd-1-prep/apps-workspace.mcu/empty-mbed-os/mbed-os/hal/usb/include/usb" -I"/home/phatt/University/apps/lcd-1-prep/apps-workspace.mcu/empty-mbed-os/mbed-os/platform" -I"/home/phatt/University/apps/lcd-1-prep/apps-workspace.mcu/empty-mbed-os/mbed-os/platform/cxxsupport" -I"/home/phatt/University/apps/lcd-1-prep/apps-workspace.mcu/empty-mbed-os/mbed-os/platform/include" -I"/home/phatt/University/apps/lcd-1-prep/apps-workspace.mcu/empty-mbed-os/mbed-os/platform/include/platform" -I"/home/phatt/University/apps/lcd-1-prep/apps-workspace.mcu/empty-mbed-os/mbed-os/platform/include/platform/internal" -I"/home/phatt/University/apps/lcd-1-prep/apps-workspace.mcu/empty-mbed-os/mbed-os/platform/mbed-trace" -I"/home/phatt/University/apps/lcd-1-prep/apps-workspace.mcu/empty-mbed-os/mbed-os/platform/mbed-trace/include" -I"/home/phatt/University/apps/lcd-1-prep/apps-workspace.mcu/empty-mbed-os/mbed-os/platform/mbed-trace/include/mbed-trace" -I"/home/phatt/University/apps/lcd-1-prep/apps-workspace.mcu/empty-mbed-os/mbed-os/platform/source" -I"/home/phatt/University/apps/lcd-1-prep/apps-workspace.mcu/empty-mbed-os/mbed-os/platform/source/minimal-printf" -I"/home/phatt/University/apps/lcd-1-prep/apps-workspace.mcu/empty-mbed-os/mbed-os/rtos" -I"/home/phatt/University/apps/lcd-1-prep/apps-workspace.mcu/empty-mbed-os/mbed-os/rtos/include" -I"/home/phatt/University/apps/lcd-1-prep/apps-workspace.mcu/empty-mbed-os/mbed-os/rtos/include/rtos" -I"/home/phatt/University/apps/lcd-1-prep/apps-workspace.mcu/empty-mbed-os/mbed-os/rtos/include/rtos/internal" -I"/home/phatt/University/apps/lcd-1-prep/apps-workspace.mcu/empty-mbed-os/mbed-os/rtos/source" -I"/home/phatt/University/apps/lcd-1-prep/apps-workspace.mcu/empty-mbed-os/mbed-os/storage" -I"/home/phatt/University/apps/lcd-1-prep/apps-workspace.mcu/empty-mbed-os/mbed-os/storage/blockdevice" -I"/home/phatt/University/apps/lcd-1-prep/apps-workspace.mcu/empty-mbed-os/mbed-os/storage/blockdevice/include" -I"/home/phatt/University/apps/lcd-1-prep/apps-workspace.mcu/empty-mbed-os/mbed-os/storage/blockdevice/include/blockdevice" -I"/home/phatt/University/apps/lcd-1-prep/apps-workspace.mcu/empty-mbed-os/mbed-os/storage/blockdevice/include/blockdevice/internal" -I"/home/phatt/University/apps/lcd-1-prep/apps-workspace.mcu/empty-mbed-os/mbed-os/targets/TARGET_Freescale" -I"/home/phatt/University/apps/lcd-1-prep/apps-workspace.mcu/empty-mbed-os/mbed-os/targets/TARGET_Freescale/TARGET_MCUXpresso_MCUS" -I"/home/phatt/University/apps/lcd-1-prep/apps-workspace.mcu/empty-mbed-os/mbed-os/targets/TARGET_Freescale/TARGET_MCUXpresso_MCUS/TARGET_MCU_K64F" -I"/home/phatt/University/apps/lcd-1-prep/apps-workspace.mcu/empty-mbed-os/mbed-os/targets/TARGET_Freescale/TARGET_MCUXpresso_MCUS/TARGET_MCU_K64F/TARGET_FRDM" -I"/home/phatt/University/apps/lcd-1-prep/apps-workspace.mcu/empty-mbed-os/mbed-os/targets/TARGET_Freescale/TARGET_MCUXpresso_MCUS/TARGET_MCU_K64F/device" -I"/home/phatt/University/apps/lcd-1-prep/apps-workspace.mcu/empty-mbed-os/mbed-os/targets/TARGET_Freescale/TARGET_MCUXpresso_MCUS/TARGET_MCU_K64F/drivers" -I"/home/phatt/University/apps/lcd-1-prep/apps-workspace.mcu/empty-mbed-os/mbed-os/targets/TARGET_Freescale/TARGET_MCUXpresso_MCUS/api" -include"/home/phatt/University/apps/lcd-1-prep/apps-workspace.mcu/empty-mbed-os/mbed_config.h" -fmessage-length=0 -fno-exceptions -ffunction-sections -fdata-sections -funsigned-char -fomit-frame-pointer -g3 -gdwarf-4 -Wall -Wextra -c -DMBED_DEBUG -DMBED_TRAP_ERRORS_ENABLED=1 -DMBED_MINIMAL_PRINTF -c -g3 -Wno-unused-parameter -Wno-missing-field-initializers -fmacro-prefix-map="../mbed-os/"= -mcpu=cortex-m4 -mfpu=fpv4-sp-d16 -mfloat-abi=softfp -mthumb -D__NEWLIB__ -fstack-usage -specs=nano.specs -MMD -MP -MF"mbed-os/symbols.d" -MT"mbed-os/symbols.o" -MT"mbed-os/symbols.d" -o "mbed-os/symbols.o" "../mbed-os/symbols.c"
Invoking: MCU C++ Compiler
arm-none-eabi-c++ -std=gnu++14 -DTARGET_NAME=K64F -DCOMPONENT_SD=1 -DDEVICE_RTC=1 -DFSL_RTOS_MBED -DTOOLCHAIN_GCC -DTARGET_LIKE_CORTEX_M4 -DTARGET_Freescale -DTARGET_MCUXpresso_MCUS -DTARGET_KPSDK_CODE -DTOOLCHAIN_GCC_ARM -DFEATURE_PSA=1 -DDEVICE_USTICKER=1 -DDEVICE_PORTIN=1 -DDEVICE_USBDEVICE=1 -DDEVICE_STDIO_MESSAGES=1 -DCOMPONENT_FLASHIAP=1 -DDEVICE_EMAC=1 -DDEVICE_TRNG=1 -DMBED_SPLIT_HEAP -DTARGET_KPSDK_MCUS -DTARGET_MCU_K64F -DDEVICE_PORTOUT=1 -D__MBED__=1 -DTARGET_Freescale_EMAC -DMBED_TICKLESS -DDEVICE_SERIAL=1 -DTARGET_PSA_Target -DDEVICE_PORTINOUT=1 -DDEVICE_LPTICKER=1 -DDEVICE_SERIAL_FC=1 -DTARGET_KSDK2_MCUS -DDEVICE_WATCHDOG=1 -DTARGET_PSA_V7_M -DDEVICE_ANALOGOUT=1 -DDEVICE_SPI_ASYNCH=1 -DDEVICE_ANALOGIN=1 -DDEVICE_I2C=1 -DTARGET_M4 -DDEVICE_SLEEP=1 -D__CORTEX_M4 -D__MBED_CMSIS_RTOS_CM -DDEVICE_FLASH=1 -DTARGET_K64F -DARM_MATH_CM4 -DMBED_BUILD_TIMESTAMP=1645455281.1211684 -DDEVICE_INTERRUPTIN=1 -DTARGET_RELEASE -DTARGET_LIKE_MBED -DTARGET_RTOS_M4_M7 -D__FPU_PRESENT=1 -DDEVICE_SERIAL_ASYNCH=1 -DTARGET_FRDM -DDEVICE_SPI=1 -D__CMSIS_RTOS -DTARGET_MBED_PSA_SRV -DDEVICE_RESET_REASON=1 -DDEVICE_SPISLAVE=1 -DTARGET_CORTEX -DTARGET_CORTEX_M -DDEVICE_PWMOUT=1 -DTARGET_FF_ARDUINO_UNO -DDEVICE_I2CSLAVE=1 -DDEVICE_CRC=1 -DCPU_MK64FN1M0VMD12 -D__NEWLIB__ -I"/home/phatt/University/apps/lcd-1-prep/apps-workspace.mcu/empty-mbed-os/." -I"/home/phatt/University/apps/lcd-1-prep/apps-workspace.mcu/empty-mbed-os/mbed-os" -I"/home/phatt/University/apps/lcd-1-prep/apps-workspace.mcu/empty-mbed-os/mbed-os/cmsis" -I"/home/phatt/University/apps/lcd-1-prep/apps-workspace.mcu/empty-mbed-os/mbed-os/cmsis/CMSIS_5" -I"/home/phatt/University/apps/lcd-1-prep/apps-workspace.mcu/empty-mbed-os/mbed-os/cmsis/CMSIS_5/CMSIS" -I"/home/phatt/University/apps/lcd-1-prep/apps-workspace.mcu/empty-mbed-os/mbed-os/cmsis/CMSIS_5/CMSIS/TARGET_CORTEX_M" -I"/home/phatt/University/apps/lcd-1-prep/apps-workspace.mcu/empty-mbed-os/mbed-os/cmsis/CMSIS_5/CMSIS/TARGET_CORTEX_M/Include" -I"/home/phatt/University/apps/lcd-1-prep/apps-workspace.mcu/empty-mbed-os/mbed-os/cmsis/device" -I"/home/phatt/University/apps/lcd-1-prep/apps-workspace.mcu/empty-mbed-os/mbed-os/cmsis/device/RTE" -I"/home/phatt/University/apps/lcd-1-prep/apps-workspace.mcu/empty-mbed-os/mbed-os/cmsis/device/RTE/include" -I"/home/phatt/University/apps/lcd-1-prep/apps-workspace.mcu/empty-mbed-os/mbed-os/drivers" -I"/home/phatt/University/apps/lcd-1-prep/apps-workspace.mcu/empty-mbed-os/mbed-os/drivers/include" -I"/home/phatt/University/apps/lcd-1-prep/apps-workspace.mcu/empty-mbed-os/mbed-os/drivers/include/drivers" -I"/home/phatt/University/apps/lcd-1-prep/apps-workspace.mcu/empty-mbed-os/mbed-os/drivers/include/drivers/interfaces" -I"/home/phatt/University/apps/lcd-1-prep/apps-workspace.mcu/empty-mbed-os/mbed-os/features" -I"/home/phatt/University/apps/lcd-1-prep/apps-workspace.mcu/empty-mbed-os/mbed-os/features/frameworks" -I"/home/phatt/University/apps/lcd-1-prep/apps-workspace.mcu/empty-mbed-os/mbed-os/hal" -I"/home/phatt/University/apps/lcd-1-prep/apps-workspace.mcu/empty-mbed-os/mbed-os/hal/include" -I"/home/phatt/University/apps/lcd-1-prep/apps-workspace.mcu/empty-mbed-os/mbed-os/hal/include/hal" -I"/home/phatt/University/apps/lcd-1-prep/apps-workspace.mcu/empty-mbed-os/mbed-os/hal/usb" -I"/home/phatt/University/apps/lcd-1-prep/apps-workspace.mcu/empty-mbed-os/mbed-os/hal/usb/include" -I"/home/phatt/University/apps/lcd-1-prep/apps-workspace.mcu/empty-mbed-os/mbed-os/hal/usb/include/usb" -I"/home/phatt/University/apps/lcd-1-prep/apps-workspace.mcu/empty-mbed-os/mbed-os/platform" -I"/home/phatt/University/apps/lcd-1-prep/apps-workspace.mcu/empty-mbed-os/mbed-os/platform/cxxsupport" -I"/home/phatt/University/apps/lcd-1-prep/apps-workspace.mcu/empty-mbed-os/mbed-os/platform/include" -I"/home/phatt/University/apps/lcd-1-prep/apps-workspace.mcu/empty-mbed-os/mbed-os/platform/include/platform" -I"/home/phatt/University/apps/lcd-1-prep/apps-workspace.mcu/empty-mbed-os/mbed-os/platform/include/platform/internal" -I"/home/phatt/University/apps/lcd-1-prep/apps-workspace.mcu/empty-mbed-os/mbed-os/platform/mbed-trace" -I"/home/phatt/University/apps/lcd-1-prep/apps-workspace.mcu/empty-mbed-os/mbed-os/platform/mbed-trace/include" -I"/home/phatt/University/apps/lcd-1-prep/apps-workspace.mcu/empty-mbed-os/mbed-os/platform/mbed-trace/include/mbed-trace" -I"/home/phatt/University/apps/lcd-1-prep/apps-workspace.mcu/empty-mbed-os/mbed-os/platform/source" -I"/home/phatt/University/apps/lcd-1-prep/apps-workspace.mcu/empty-mbed-os/mbed-os/platform/source/minimal-printf" -I"/home/phatt/University/apps/lcd-1-prep/apps-workspace.mcu/empty-mbed-os/mbed-os/rtos" -I"/home/phatt/University/apps/lcd-1-prep/apps-workspace.mcu/empty-mbed-os/mbed-os/rtos/include" -I"/home/phatt/University/apps/lcd-1-prep/apps-workspace.mcu/empty-mbed-os/mbed-os/rtos/include/rtos" -I"/home/phatt/University/apps/lcd-1-prep/apps-workspace.mcu/empty-mbed-os/mbed-os/rtos/include/rtos/internal" -I"/home/phatt/University/apps/lcd-1-prep/apps-workspace.mcu/empty-mbed-os/mbed-os/rtos/source" -I"/home/phatt/University/apps/lcd-1-prep/apps-workspace.mcu/empty-mbed-os/mbed-os/storage" -I"/home/phatt/University/apps/lcd-1-prep/apps-workspace.mcu/empty-mbed-os/mbed-os/storage/blockdevice" -I"/home/phatt/University/apps/lcd-1-prep/apps-workspace.mcu/empty-mbed-os/mbed-os/storage/blockdevice/include" -I"/home/phatt/University/apps/lcd-1-prep/apps-workspace.mcu/empty-mbed-os/mbed-os/storage/blockdevice/include/blockdevice" -I"/home/phatt/University/apps/lcd-1-prep/apps-workspace.mcu/empty-mbed-os/mbed-os/storage/blockdevice/include/blockdevice/internal" -I"/home/phatt/University/apps/lcd-1-prep/apps-workspace.mcu/empty-mbed-os/mbed-os/targets/TARGET_Freescale" -I"/home/phatt/University/apps/lcd-1-prep/apps-workspace.mcu/empty-mbed-os/mbed-os/targets/TARGET_Freescale/TARGET_MCUXpresso_MCUS" -I"/home/phatt/University/apps/lcd-1-prep/apps-workspace.mcu/empty-mbed-os/mbed-os/targets/TARGET_Freescale/TARGET_MCUXpresso_MCUS/TARGET_MCU_K64F" -I"/home/phatt/University/apps/lcd-1-prep/apps-workspace.mcu/empty-mbed-os/mbed-os/targets/TARGET_Freescale/TARGET_MCUXpresso_MCUS/TARGET_MCU_K64F/TARGET_FRDM" -I"/home/phatt/University/apps/lcd-1-prep/apps-workspace.mcu/empty-mbed-os/mbed-os/targets/TARGET_Freescale/TARGET_MCUXpresso_MCUS/TARGET_MCU_K64F/device" -I"/home/phatt/University/apps/lcd-1-prep/apps-workspace.mcu/empty-mbed-os/mbed-os/targets/TARGET_Freescale/TARGET_MCUXpresso_MCUS/TARGET_MCU_K64F/drivers" -I"/home/phatt/University/apps/lcd-1-prep/apps-workspace.mcu/empty-mbed-os/mbed-os/targets/TARGET_Freescale/TARGET_MCUXpresso_MCUS/api" -include"/home/phatt/University/apps/lcd-1-prep/apps-workspace.mcu/empty-mbed-os/mbed_config.h" -fno-rtti -fmessage-length=0 -fno-exceptions -ffunction-sections -fdata-sections -funsigned-char -fomit-frame-pointer -g3 -gdwarf-4 -Wall -Wextra -c -DMBED_DEBUG -DMBED_TRAP_ERRORS_ENABLED=1 -DMBED_MINIMAL_PRINTF -c -g3 -Wno-unused-parameter -Wno-missing-field-initializers -fmacro-prefix-map="../"= -mcpu=cortex-m4 -mfpu=fpv4-sp-d16 -mfloat-abi=softfp -mthumb -D__NEWLIB__ -fstack-usage -specs=nano.specs -MMD -MP -MF"main-empty.d" -MT"main-empty.o" -MT"main-empty.d" -o "main-empty.o" "../main-empty.cpp"
Finished building: ../mbed-os/symbols.c
 
Finished building: ../main-empty.cpp
 
Building target: empty-mbed-os.axf
Invoking: MCU C++ Linker
arm-none-eabi-c++ -o "empty-mbed-os.axf" ./mbed-os/symbols.o  ./main-empty.o    -L"/home/phatt/University/apps/lcd-1-prep/apps-workspace.mcu/empty-mbed-os/mbed-os/lib" -DMBED_DEBUG -DMBED_TRAP_ERRORS_ENABLED=1 -DMBED_MINIMAL_PRINTF -Wl,-n -Wl,--start-group -lstdc++ -lsupc++ -lm -lc -lgcc -lnosys -lmbed-os -Wl,--end-group -Xlinker -Map="empty-mbed-os.map" -Xlinker --no-warn-rwx-segment -Xlinker -print-memory-usage -Xlinker --gc-sections -Xlinker --wrap=main -Xlinker --wrap=__malloc_r -Xlinker --wrap=__free_r -Xlinker --wrap=__realloc_r -Xlinker --wrap=_memalign_r -Xlinker --wrap=_calloc_r -Xlinker --wrap=exit -Xlinker --wrap=atexit -Xlinker --wrap=printf -Xlinker --wrap=sprintf -Xlinker --wrap=snprintf -Xlinker --wrap=vprintf -Xlinker --wrap=vsprintf -Xlinker --wrap=vsnprintf -Xlinker --wrap=fprintf -Xlinker --wrap=vfprintf -mcpu=cortex-m4 -mfpu=fpv4-sp-d16 -mfloat-abi=softfp -mthumb -T /home/phatt/University/apps/lcd-1-prep/apps-workspace.mcu/empty-mbed-os/Debug/linker-script-debug.ld -lmbed-os -lstdc++ -lsupc++ -lm -lc -lgcc -lnosys
Memory region         Used Size  Region Size  %age Used
    m_interrupts:          1 KB         1 KB    100.00%
  m_flash_config:          16 B         16 B    100.00%
          m_text:       28604 B    1047536 B      2.73%
          m_data:         64 KB        64 KB    100.00%
        m_data_2:        191 KB       192 KB     99.48%
Finished building target: empty-mbed-os.axf
 
Performing post-build steps
arm-none-eabi-size "empty-mbed-os.axf" ; arm-none-eabi-objcopy -v -O binary "empty-mbed-os.axf" "empty-mbed-os.bin" ; checksum -p MK64FN1M0xxx12 -d "empty-mbed-os.bin"
   text	   data	    bss	    dec	    hex	filename
  27592	   2004	 259128	 288724	  467d4	empty-mbed-os.axf
copy from `empty-mbed-os.axf' [elf32-littlearm] to `empty-mbed-os.bin' [binary]
Written checksum 0xdffce232 at offset 0x1c in file empty-mbed-os.bin
Previous value 0x00000000 at offset 0x1c in file empty-mbed-os.bin
 

22:10:15 Build Finished. 0 errors, 0 warnings. (took 1s.882ms)

