22:11:14 **** Incremental Build of configuration Debug for project leds ****
make -r -j4 linker-script-debug.ld all 
make: 'linker-script-debug.ld' is up to date.
make[1]: Nothing to be done for 'main-build'.
Performing post-build steps
arm-none-eabi-size "leds.axf" ; arm-none-eabi-objcopy -v -O binary "leds.axf" "leds.bin" ; checksum -p MK64FN1M0xxx12 -d "leds.bin"
   text	   data	    bss	    dec	    hex	filename
  29784	   2004	 259128	 290916	  47064	leds.axf
copy from `leds.axf' [elf32-littlearm] to `leds.bin' [binary]
Written checksum 0xdffce232 at offset 0x1c in file leds.bin
Previous value 0x00000000 at offset 0x1c in file leds.bin
 

22:11:15 Build Finished. 0 errors, 0 warnings. (took 967ms)

